 Container execution-manager  Creating
 Container execution-manager  Created
Attaching to execution-manager
execution-manager  | ============================================
execution-manager  |    DUAL PRIORITY QUEUE ARCHITECTURE TESTER  
execution-manager  | ============================================
execution-manager  | 
execution-manager  | ✅ Execution Manager running with SCHED_FIFO priority 95
execution-manager  |    This ensures precise timing and prevents preemption by tasks
execution-manager  | 
execution-manager  | 
execution-manager  | [Redis] Reading schedule from Redis...
execution-manager  | 
execution-manager  | === REDIS DATA ===
execution-manager  | Schedule: Configurable CPU/IO Benchmark (v0.0.0)
execution-manager  | Number of tasks: 4
execution-manager  | Iterations: 5
execution-manager  | 
execution-manager  | Tasks:
execution-manager  |   1. Task: sum1
execution-manager  |      Policy: fifo, Priority: 50, Start: 10 ms
execution-manager  |      Inputs: {"total_ops": {"type": "int", "value": 200}, "io_percentage": {"type": "int", "value": 50}}
execution-manager  | 
execution-manager  |   2. Task: sum2
execution-manager  |      Policy: fifo, Priority: 50, Start: 20 ms
execution-manager  |      Inputs: {"total_ops": {"type": "int", "value": 200}, "io_percentage": {"type": "int", "value": 50}}
execution-manager  | 
execution-manager  |   3. Task: sum3
execution-manager  |      Policy: fifo, Priority: 70, Start: 21 ms
execution-manager  |      Inputs: {"total_ops": {"type": "int", "value": 200}, "io_percentage": {"type": "int", "value": 50}}
execution-manager  | 
execution-manager  |   4. Task: sum4
execution-manager  |      Policy: fifo, Priority: 60, Start: 21 ms
execution-manager  |      Inputs: {"total_ops": {"type": "int", "value": 200}, "io_percentage": {"type": "int", "value": 50}}
execution-manager  | 
execution-manager  | ==================
execution-manager  | 
execution-manager  | 
execution-manager  | ============================================
execution-manager  |    REAL-TIME EVENT-DRIVEN SCHEDULER
execution-manager  | ============================================
execution-manager  | 
execution-manager  | [SCHEDULER] 🚀 Loading schedule: 4 task(s), 5 iteration(s)
execution-manager  | 
execution-manager  | [SCHEDULER] DEBUG - Task 1: start_time=10 s, deadline=30 s (parsed from Redis)
execution-manager  | [SCHEDULER] 📋 Task 1 'sum1': start=10000 ms, deadline=30000 ms
execution-manager  | [SCHEDULER] DEBUG - Task 2: start_time=20 s, deadline=40 s (parsed from Redis)
execution-manager  | [SCHEDULER] 📋 Task 2 'sum2': start=20000 ms, deadline=40000 ms
execution-manager  | [SCHEDULER] DEBUG - Task 3: start_time=21 s, deadline=41 s (parsed from Redis)
execution-manager  | [SCHEDULER] 📋 Task 3 'sum3': start=21000 ms, deadline=41000 ms
execution-manager  | [SCHEDULER] DEBUG - Task 4: start_time=21 s, deadline=41 s (parsed from Redis)
execution-manager  | [SCHEDULER] 📋 Task 4 'sum4': start=21000 ms, deadline=41000 ms
execution-manager  | 
execution-manager  | [SCHEDULER] 🔁 ===== ITERATION 1 / 5 =====
execution-manager  | 
execution-manager  | [SCHEDULER] 🚀 Schedule started at T=0
execution-manager  | 
execution-manager  | [SCHEDULER] 🔄 Entering event loop (NO SLEEP - event-driven!)
execution-manager  | 
execution-manager  | [SCHEDULER] ⏰ T=10000 ms | T_wall=638075642.319 ms: Launching task 1 'sum1' (deadline: 30000 ms)
execution-manager  | [SCHEDULER] 🕐 Timeout armed for task 1 at T=30000 ms (in 20000 ms)
execution-manager  | [GRPC THREAD 1] Starting...
execution-manager  | [EXECUTION MANAGER] ⏱️ T1=638075642.526 ms | Sending gRPC request for task 1 'sum1'
execution-manager  | [gRPC Channel Pool] Creating new channel for localhost:50051
execution-manager  | [gRPC Client Async] Calling task 'sum1' at localhost:50051
execution-manager  | [gRPC Client Async] Inputs: {"total_ops": 200, "io_percentage": 50}
execution-manager  | [gRPC Client Async] Response #1 - Status: COMPLETED
execution-manager  | 🎉 [T=12454 ms] Task 1 'sum1' COMPLETED
execution-manager  | [EXECUTION MANAGER] ⏱️ T2=638075669.251 ms | Thread started (server measured)
execution-manager  | [EXECUTION MANAGER] ⏱️ T3=638078095.775 ms | Task completed (server measured)
execution-manager  | [EXECUTION MANAGER] ⏱️ T4=638078096.586 ms | Result received by client
execution-manager  |    [TASK EXECUTION] 2426.524 ms (T3-T2, measured in thread)
execution-manager  |    [RESULT] {"result": 0}
execution-manager  | 
execution-manager  | ╔═══════════════════════════════════════════════════════════════╗
execution-manager  | ║           END-TO-END TIMING MEASUREMENT RECAP                 ║
execution-manager  | ║                   Task 1: sum1                                 
execution-manager  | ╠═══════════════════════════════════════════════════════════════╣
execution-manager  | ║ T1 (start_request)    = 638075642.526 ms                        ║
execution-manager  | ║ T2 (end_request)      = 638075669.251 ms                        ║
execution-manager  | ║ T3 (start_result)     = 638078095.775 ms                        ║
execution-manager  | ║ T4 (end_result)       = 638078096.586 ms                        ║
execution-manager  | ╠═══════════════════════════════════════════════════════════════╣
execution-manager  | ║ METRICS:                                                      ║
execution-manager  | ║   Request Latency    =       26.725 ms  (T2 - T1)            ║
execution-manager  | ║   Task Execution     =     2426.524 ms  (T3 - T2)            ║
execution-manager  | ║   Response Latency   =        0.811 ms  (T4 - T3)            ║
execution-manager  | ║   Total End-to-End   =     2454.060 ms  (T4 - T1)            ║
execution-manager  | ║   Network Overhead   =       27.537 ms  (Req + Resp)         ║
execution-manager  | ╚═══════════════════════════════════════════════════════════════╝
execution-manager  | 
execution-manager  | [gRPC Client Async] Stream completed, received 1 responses
execution-manager  | [GRPC THREAD 1] Completed
execution-manager  | [SCHEDULER] ✅ T=12455 ms: Task 1 'sum1' completed with status 2
execution-manager  | [SCHEDULER] 🔕 Timeout disarmed for task 1
execution-manager  | [SCHEDULER] 3 tasks remaining
execution-manager  | [SCHEDULER] ⏰ T=20000 ms | T_wall=638085642.351 ms: Launching task 2 'sum2' (deadline: 40000 ms)
execution-manager  | [SCHEDULER] 🕐 Timeout armed for task 2 at T=40000 ms (in 20000 ms)
execution-manager  | [GRPC THREAD 2] Starting...
execution-manager  | [EXECUTION MANAGER] ⏱️ T1=638085642.560 ms | Sending gRPC request for task 2 'sum2'
execution-manager  | [gRPC Channel Pool] Creating new channel for localhost:50052
execution-manager  | [gRPC Client Async] Calling task 'sum2' at localhost:50052
execution-manager  | [gRPC Client Async] Inputs: {"total_ops": 200, "io_percentage": 50}
execution-manager  | [SCHEDULER] ⏰ T=22307 ms | T_wall=638087949.876 ms: Launching task 3 'sum3' (deadline: 41000 ms)
execution-manager  | [SCHEDULER] 🕐 Timeout armed for task 3 at T=41000 ms (in 18692 ms)
execution-manager  | [GRPC THREAD 3] Starting...
execution-manager  | [EXECUTION MANAGER] ⏱️ T1=638087950.116 ms | Sending gRPC request for task 3 'sum3'
execution-manager  | [gRPC Channel Pool] Creating new channel for localhost:50053
execution-manager  | [gRPC Client Async] Calling task 'sum3' at localhost:50053
execution-manager  | [gRPC Client Async] Inputs: {"total_ops": 200, "io_percentage": 50}
execution-manager  | [SCHEDULER] ⏰ T=22309 ms | T_wall=638087951.197 ms: Launching task 4 'sum4' (deadline: 41000 ms)
execution-manager  | [SCHEDULER] 🕐 Timeout armed for task 4 at T=41000 ms (in 18691 ms)
execution-manager  | [GRPC THREAD 4] Starting...
execution-manager  | [EXECUTION MANAGER] ⏱️ T1=638087952.711 ms | Sending gRPC request for task 4 'sum4'
execution-manager  | [gRPC Channel Pool] Creating new channel for localhost:50054
execution-manager  | [gRPC Client Async] Calling task 'sum4' at localhost:50054
execution-manager  | [gRPC Client Async] Inputs: {"total_ops": 200, "io_percentage": 50}
execution-manager  | [gRPC Client Async] Response #1 - Status: COMPLETED
execution-manager  | 🎉 [T=27222 ms] Task 2 'sum2' COMPLETED
execution-manager  | [EXECUTION MANAGER] ⏱️ T2=638085664.694 ms | Thread started (server measured)
execution-manager  | [EXECUTION MANAGER] ⏱️ T3=638092863.249 ms | Task completed (server measured)
execution-manager  | [EXECUTION MANAGER] ⏱️ T4=638092864.114 ms | Result received by client
execution-manager  |    [TASK EXECUTION] 7198.555 ms (T3-T2, measured in thread)
execution-manager  |    [RESULT] {"result": 0}
execution-manager  | 
execution-manager  | ╔═══════════════════════════════════════════════════════════════╗
execution-manager  | ║           END-TO-END TIMING MEASUREMENT RECAP                 ║
execution-manager  | ║                   Task 2: sum2                                 
execution-manager  | ╠═══════════════════════════════════════════════════════════════╣
execution-manager  | ║ T1 (start_request)    = 638085642.560 ms                        ║
execution-manager  | ║ T2 (end_request)      = 638085664.694 ms                        ║
execution-manager  | ║ T3 (start_result)     = 638092863.249 ms                        ║
execution-manager  | ║ T4 (end_result)       = 638092864.114 ms                        ║
execution-manager  | ╠═══════════════════════════════════════════════════════════════╣
execution-manager  | ║ METRICS:                                                      ║
execution-manager  | ║   Request Latency    =       22.134 ms  (T2 - T1)            ║
execution-manager  | ║   Task Execution     =     7198.555 ms  (T3 - T2)            ║
execution-manager  | ║   Response Latency   =        0.865 ms  (T4 - T3)            ║
execution-manager  | ║   Total End-to-End   =     7221.554 ms  (T4 - T1)            ║
execution-manager  | ║   Network Overhead   =       22.999 ms  (Req + Resp)         ║
execution-manager  | ╚═══════════════════════════════════════════════════════════════╝
execution-manager  | 
execution-manager  | [SCHEDULER] ✅ T=27222 ms: Task 2 'sum2' completed with status 2
execution-manager  | [SCHEDULER] 🔕 Timeout disarmed for task 2
execution-manager  | [SCHEDULER] 2 tasks remaining
execution-manager  | [gRPC Client Async] Stream completed, received 1 responses
execution-manager  | [GRPC THREAD 2] Completed
execution-manager  | [gRPC Client Async] Response #1 - Status: COMPLETED
execution-manager  | 🎉 [T=27237 ms] Task 3 'sum3' COMPLETED
execution-manager  | [EXECUTION MANAGER] ⏱️ T2=638087977.273 ms | Thread started (server measured)
execution-manager  | [EXECUTION MANAGER] ⏱️ T3=638092879.025 ms | Task completed (server measured)
execution-manager  | [EXECUTION MANAGER] ⏱️ T4=638092879.767 ms | Result received by client
execution-manager  |    [TASK EXECUTION] 4901.752 ms (T3-T2, measured in thread)
execution-manager  |    [RESULT] {"result": 0}
execution-manager  | 
execution-manager  | ╔═══════════════════════════════════════════════════════════════╗
execution-manager  | ║           END-TO-END TIMING MEASUREMENT RECAP                 ║
execution-manager  | ║                   Task 3: sum3                                 
execution-manager  | ╠═══════════════════════════════════════════════════════════════╣
execution-manager  | ║ T1 (start_request)    = 638087950.116 ms                        ║
execution-manager  | ║ T2 (end_request)      = 638087977.273 ms                        ║
execution-manager  | ║ T3 (start_result)     = 638092879.025 ms                        ║
execution-manager  | ║ T4 (end_result)       = 638092879.767 ms                        ║
execution-manager  | ╠═══════════════════════════════════════════════════════════════╣
execution-manager  | ║ METRICS:                                                      ║
execution-manager  | ║   Request Latency    =       27.158 ms  (T2 - T1)            ║
execution-manager  | ║   Task Execution     =     4901.752 ms  (T3 - T2)            ║
execution-manager  | ║   Response Latency   =        0.741 ms  (T4 - T3)            ║
execution-manager  | ║   Total End-to-End   =     4929.651 ms  (T4 - T1)            ║
execution-manager  | ║   Network Overhead   =       27.899 ms  (Req + Resp)         ║
execution-manager  | ╚═══════════════════════════════════════════════════════════════╝
execution-manager  | 
execution-manager  | [SCHEDULER] ✅ T=27237 ms: Task 3 'sum3' completed with status 2
execution-manager  | [SCHEDULER] 🔕 Timeout disarmed for task 3
execution-manager  | [SCHEDULER] 1 tasks remaining
execution-manager  | [gRPC Client Async] Stream completed, received 1 responses
execution-manager  | [GRPC THREAD 3] Completed
execution-manager  | [gRPC Client Async] Response #1 - Status: COMPLETED
execution-manager  | 🎉 [T=27239 ms] Task 4 'sum4' COMPLETED
execution-manager  | [EXECUTION MANAGER] ⏱️ T2=638087976.624 ms | Thread started (server measured)
execution-manager  | [EXECUTION MANAGER] ⏱️ T3=638092880.618 ms | Task completed (server measured)
execution-manager  | [EXECUTION MANAGER] ⏱️ T4=638092881.145 ms | Result received by client
execution-manager  |    [TASK EXECUTION] 4903.994 ms (T3-T2, measured in thread)
execution-manager  |    [RESULT] {"result": 0}
execution-manager  | 
execution-manager  | ╔═══════════════════════════════════════════════════════════════╗
execution-manager  | ║           END-TO-END TIMING MEASUREMENT RECAP                 ║
execution-manager  | ║                   Task 4: sum4                                 
execution-manager  | ╠═══════════════════════════════════════════════════════════════╣
execution-manager  | ║ T1 (start_request)    = 638087952.711 ms                        ║
execution-manager  | ║ T2 (end_request)      = 638087976.624 ms                        ║
execution-manager  | ║ T3 (start_result)     = 638092880.618 ms                        ║
execution-manager  | ║ T4 (end_result)       = 638092881.145 ms                        ║
execution-manager  | ╠═══════════════════════════════════════════════════════════════╣
execution-manager  | ║ METRICS:                                                      ║
execution-manager  | ║   Request Latency    =       23.913 ms  (T2 - T1)            ║
execution-manager  | ║   Task Execution     =     4903.994 ms  (T3 - T2)            ║
execution-manager  | ║   Response Latency   =        0.527 ms  (T4 - T3)            ║
execution-manager  | ║   Total End-to-End   =     4928.435 ms  (T4 - T1)            ║
execution-manager  | ║   Network Overhead   =       24.440 ms  (Req + Resp)         ║
execution-manager  | ╚═══════════════════════════════════════════════════════════════╝
execution-manager  | 
execution-manager  | [gRPC Client Async] Stream completed, received 1 responses
execution-manager  | [GRPC THREAD 4] Completed
execution-manager  | [SCHEDULER] ✅ T=27239 ms: Task 4 'sum4' completed with status 2
execution-manager  | [SCHEDULER] 🔕 Timeout disarmed for task 4
execution-manager  | [SCHEDULER] 0 tasks remaining
execution-manager  | 
execution-manager  | [SCHEDULER] 🏁 Iteration 1/5 complete!
execution-manager  | [SCHEDULER] Iteration execution time: 27239 ms
execution-manager  | 
execution-manager  | 
execution-manager  | [SCHEDULER] 🔁 ===== ITERATION 2 / 5 =====
execution-manager  | 
execution-manager  | [SCHEDULER] 🚀 Schedule started at T=0
execution-manager  | 
execution-manager  | [SCHEDULER] 🔄 Entering event loop (NO SLEEP - event-driven!)
execution-manager  | 
execution-manager  | [SCHEDULER] ⏰ T=10000 ms | T_wall=638102881.573 ms: Launching task 1 'sum1' (deadline: 30000 ms)
execution-manager  | [SCHEDULER] 🕐 Timeout armed for task 1 at T=30000 ms (in 20000 ms)
execution-manager  | [GRPC THREAD 1] Starting...
execution-manager  | [EXECUTION MANAGER] ⏱️ T1=638102881.732 ms | Sending gRPC request for task 1 'sum1'
execution-manager  | [gRPC Channel Pool] Reusing existing channel for localhost:50051 (state=2)
execution-manager  | [gRPC Client Async] Calling task 'sum1' at localhost:50051
execution-manager  | [gRPC Client Async] Inputs: {"total_ops": 200, "io_percentage": 50}
execution-manager  | [gRPC Client Async] Response #1 - Status: COMPLETED
execution-manager  | 🎉 [T=12433 ms] Task 1 'sum1' COMPLETED
execution-manager  | [EXECUTION MANAGER] ⏱️ T2=638102883.252 ms | Thread started (server measured)
execution-manager  | [EXECUTION MANAGER] ⏱️ T3=638105313.668 ms | Task completed (server measured)
execution-manager  | [EXECUTION MANAGER] ⏱️ T4=638105314.390 ms | Result received by client
execution-manager  |    [TASK EXECUTION] 2430.416 ms (T3-T2, measured in thread)
execution-manager  |    [RESULT] {"result": 0}
execution-manager  | 
execution-manager  | ╔═══════════════════════════════════════════════════════════════╗
execution-manager  | ║           END-TO-END TIMING MEASUREMENT RECAP                 ║
execution-manager  | ║                   Task 1: sum1                                 
execution-manager  | ╠═══════════════════════════════════════════════════════════════╣
execution-manager  | ║ T1 (start_request)    = 638102881.732 ms                        ║
execution-manager  | ║ T2 (end_request)      = 638102883.252 ms                        ║
execution-manager  | ║ T3 (start_result)     = 638105313.668 ms                        ║
execution-manager  | ║ T4 (end_result)       = 638105314.390 ms                        ║
execution-manager  | ╠═══════════════════════════════════════════════════════════════╣
execution-manager  | ║ METRICS:                                                      ║
execution-manager  | ║   Request Latency    =        1.519 ms  (T2 - T1)            ║
execution-manager  | ║   Task Execution     =     2430.416 ms  (T3 - T2)            ║
execution-manager  | ║   Response Latency   =        0.722 ms  (T4 - T3)            ║
execution-manager  | ║   Total End-to-End   =     2432.657 ms  (T4 - T1)            ║
execution-manager  | ║   Network Overhead   =        2.241 ms  (Req + Resp)         ║
execution-manager  | ╚═══════════════════════════════════════════════════════════════╝
execution-manager  | 
execution-manager  | [gRPC Client Async] Stream completed, received 1 responses
execution-manager  | [GRPC THREAD 1] Completed
execution-manager  | [SCHEDULER] ✅ T=12433 ms: Task 1 'sum1' completed with status 2
execution-manager  | [SCHEDULER] 🔕 Timeout disarmed for task 1
execution-manager  | [SCHEDULER] 3 tasks remaining
execution-manager  | [SCHEDULER] ⏰ T=20000 ms | T_wall=638112881.602 ms: Launching task 2 'sum2' (deadline: 40000 ms)
execution-manager  | [SCHEDULER] 🕐 Timeout armed for task 2 at T=40000 ms (in 20000 ms)
execution-manager  | [GRPC THREAD 2] Starting...
execution-manager  | [EXECUTION MANAGER] ⏱️ T1=638112881.742 ms | Sending gRPC request for task 2 'sum2'
execution-manager  | [gRPC Channel Pool] Reusing existing channel for localhost:50052 (state=2)
execution-manager  | [gRPC Client Async] Calling task 'sum2' at localhost:50052
execution-manager  | [gRPC Client Async] Inputs: {"total_ops": 200, "io_percentage": 50}
execution-manager  | [SCHEDULER] ⏰ T=22288 ms | T_wall=638115169.835 ms: Launching task 3 'sum3' (deadline: 41000 ms)
execution-manager  | [SCHEDULER] 🕐 Timeout armed for task 3 at T=41000 ms (in 18712 ms)
execution-manager  | [SCHEDULER] ⏰ T=22288 ms | T_wall=638115169.963 ms: Launching task 4 'sum4' (deadline: 41000 ms)
execution-manager  | [SCHEDULER] 🕐 Timeout armed for task 4 at T=41000 ms (in 18711 ms)
execution-manager  | [GRPC THREAD 3] Starting...
execution-manager  | [EXECUTION MANAGER] ⏱️ T1=638115170.147 ms | Sending gRPC request for task 3 'sum3'
execution-manager  | [gRPC Channel Pool] Reusing existing channel for localhost:50053 (state=2)
execution-manager  | [gRPC Client Async] Calling task 'sum3' at localhost:50053
execution-manager  | [gRPC Client Async] Inputs: {"total_ops": 200, "io_percentage": 50}
execution-manager  | [GRPC THREAD 4] Starting...
execution-manager  | [EXECUTION MANAGER] ⏱️ T1=638115170.660 ms | Sending gRPC request for task 4 'sum4'
execution-manager  | [gRPC Channel Pool] Reusing existing channel for localhost:50054 (state=2)
execution-manager  | [gRPC Client Async] Calling task 'sum4' at localhost:50054
execution-manager  | [gRPC Client Async] Inputs: {"total_ops": 200, "io_percentage": 50}
execution-manager  | [gRPC Client Async] Response #1 - Status: COMPLETED
execution-manager  | 🎉 [T=27150 ms] Task 2 'sum2' COMPLETED
execution-manager  | [EXECUTION MANAGER] ⏱️ T2=638112882.858 ms | Thread started (server measured)
execution-manager  | [EXECUTION MANAGER] ⏱️ T3=638120030.863 ms | Task completed (server measured)
execution-manager  | [EXECUTION MANAGER] ⏱️ T4=638120031.775 ms | Result received by client
execution-manager  |    [TASK EXECUTION] 7148.005 ms (T3-T2, measured in thread)
execution-manager  |    [RESULT] {"result": 0}
execution-manager  | 
execution-manager  | ╔═══════════════════════════════════════════════════════════════╗
execution-manager  | ║           END-TO-END TIMING MEASUREMENT RECAP                 ║
execution-manager  | ║                   Task 2: sum2                                 
execution-manager  | ╠═══════════════════════════════════════════════════════════════╣
execution-manager  | ║ T1 (start_request)    = 638112881.742 ms                        ║
execution-manager  | ║ T2 (end_request)      = 638112882.858 ms                        ║
execution-manager  | ║ T3 (start_result)     = 638120030.863 ms                        ║
execution-manager  | ║ T4 (end_result)       = 638120031.775 ms                        ║
execution-manager  | ╠═══════════════════════════════════════════════════════════════╣
execution-manager  | ║ METRICS:                                                      ║
execution-manager  | ║   Request Latency    =        1.116 ms  (T2 - T1)            ║
execution-manager  | ║   Task Execution     =     7148.005 ms  (T3 - T2)            ║
execution-manager  | ║   Response Latency   =        0.912 ms  (T4 - T3)            ║
execution-manager  | ║   Total End-to-End   =     7150.032 ms  (T4 - T1)            ║
execution-manager  | ║   Network Overhead   =        2.028 ms  (Req + Resp)         ║
execution-manager  | ╚═══════════════════════════════════════════════════════════════╝
execution-manager  | 
execution-manager  | [gRPC Client Async] Stream completed, received 1 responses
execution-manager  | [GRPC THREAD 2] Completed
execution-manager  | [SCHEDULER] ✅ T=27151 ms: Task 2 'sum2' completed with status 2
execution-manager  | [SCHEDULER] 🔕 Timeout disarmed for task 2
execution-manager  | [SCHEDULER] 2 tasks remaining
execution-manager  | [gRPC Client Async] Response #1 - Status: COMPLETED
execution-manager  | 🎉 [T=27151 ms] Task 3 'sum3' COMPLETED
execution-manager  | [EXECUTION MANAGER] ⏱️ T2=638115171.226 ms | Thread started (server measured)
execution-manager  | [EXECUTION MANAGER] ⏱️ T3=638120032.324 ms | Task completed (server measured)
execution-manager  | [EXECUTION MANAGER] ⏱️ T4=638120032.832 ms | Result received by client
execution-manager  |    [TASK EXECUTION] 4861.097 ms (T3-T2, measured in thread)
execution-manager  |    [RESULT] {"result": 0}
execution-manager  | 
execution-manager  | ╔═══════════════════════════════════════════════════════════════╗
execution-manager  | ║           END-TO-END TIMING MEASUREMENT RECAP                 ║
execution-manager  | ║                   Task 3: sum3                                 
execution-manager  | ╠═══════════════════════════════════════════════════════════════╣
execution-manager  | ║ T1 (start_request)    = 638115170.147 ms                        ║
execution-manager  | ║ T2 (end_request)      = 638115171.226 ms                        ║
execution-manager  | ║ T3 (start_result)     = 638120032.324 ms                        ║
execution-manager  | ║ T4 (end_result)       = 638120032.832 ms                        ║
execution-manager  | ╠═══════════════════════════════════════════════════════════════╣
execution-manager  | ║ METRICS:                                                      ║
execution-manager  | ║   Request Latency    =        1.079 ms  (T2 - T1)            ║
execution-manager  | ║   Task Execution     =     4861.097 ms  (T3 - T2)            ║
execution-manager  | ║   Response Latency   =        0.508 ms  (T4 - T3)            ║
execution-manager  | ║   Total End-to-End   =     4862.685 ms  (T4 - T1)            ║
execution-manager  | ║   Network Overhead   =        1.588 ms  (Req + Resp)         ║
execution-manager  | ╚═══════════════════════════════════════════════════════════════╝
execution-manager  | 
execution-manager  | [SCHEDULER] ✅ T=27151 ms: Task 3 'sum3' completed with status 2
execution-manager  | [SCHEDULER] 🔕 Timeout disarmed for task 3
execution-manager  | [SCHEDULER] 1 tasks remaining
execution-manager  | [gRPC Client Async] Stream completed, received 1 responses
execution-manager  | [GRPC THREAD 3] Completed
execution-manager  | [gRPC Client Async] Response #1 - Status: COMPLETED
execution-manager  | 🎉 [T=27152 ms] Task 4 'sum4' COMPLETED
execution-manager  | [EXECUTION MANAGER] ⏱️ T2=638117457.414 ms | Thread started (server measured)
execution-manager  | [EXECUTION MANAGER] ⏱️ T3=638120033.396 ms | Task completed (server measured)
execution-manager  | [EXECUTION MANAGER] ⏱️ T4=638120033.811 ms | Result received by client
execution-manager  |    [TASK EXECUTION] 2575.982 ms (T3-T2, measured in thread)
execution-manager  |    [RESULT] {"result": 0}
execution-manager  | 
execution-manager  | ╔═══════════════════════════════════════════════════════════════╗
execution-manager  | ║           END-TO-END TIMING MEASUREMENT RECAP                 ║
execution-manager  | ║                   Task 4: sum4                                 
execution-manager  | ╠═══════════════════════════════════════════════════════════════╣
execution-manager  | ║ T1 (start_request)    = 638115170.660 ms                        ║
execution-manager  | ║ T2 (end_request)      = 638117457.414 ms                        ║
execution-manager  | ║ T3 (start_result)     = 638120033.396 ms                        ║
execution-manager  | ║ T4 (end_result)       = 638120033.811 ms                        ║
execution-manager  | ╠═══════════════════════════════════════════════════════════════╣
execution-manager  | ║ METRICS:                                                      ║
execution-manager  | ║   Request Latency    =     2286.754 ms  (T2 - T1)            ║
execution-manager  | ║   Task Execution     =     2575.982 ms  (T3 - T2)            ║
execution-manager  | ║   Response Latency   =        0.415 ms  (T4 - T3)            ║
execution-manager  | ║   Total End-to-End   =     4863.151 ms  (T4 - T1)            ║
execution-manager  | ║   Network Overhead   =     2287.169 ms  (Req + Resp)         ║
execution-manager  | ╚═══════════════════════════════════════════════════════════════╝
execution-manager  | 
execution-manager  | [gRPC Client Async] Stream completed, received 1 responses
execution-manager  | [GRPC THREAD 4] Completed
execution-manager  | [SCHEDULER] ✅ T=27153 ms: Task 4 'sum4' completed with status 2
execution-manager  | [SCHEDULER] 🔕 Timeout disarmed for task 4
execution-manager  | [SCHEDULER] 0 tasks remaining
execution-manager  | 
execution-manager  | [SCHEDULER] 🏁 Iteration 2/5 complete!
execution-manager  | [SCHEDULER] Iteration execution time: 27153 ms
execution-manager  | 
execution-manager  | 
execution-manager  | [SCHEDULER] 🔁 ===== ITERATION 3 / 5 =====
execution-manager  | 
execution-manager  | [SCHEDULER] 🚀 Schedule started at T=0
execution-manager  | 
execution-manager  | [SCHEDULER] 🔄 Entering event loop (NO SLEEP - event-driven!)
execution-manager  | 
execution-manager  | [SCHEDULER] ⏰ T=10000 ms | T_wall=638130034.168 ms: Launching task 1 'sum1' (deadline: 30000 ms)
execution-manager  | [SCHEDULER] 🕐 Timeout armed for task 1 at T=30000 ms (in 20000 ms)
execution-manager  | [GRPC THREAD 1] Starting...
execution-manager  | [EXECUTION MANAGER] ⏱️ T1=638130034.347 ms | Sending gRPC request for task 1 'sum1'
execution-manager  | [gRPC Channel Pool] Reusing existing channel for localhost:50051 (state=2)
execution-manager  | [gRPC Client Async] Calling task 'sum1' at localhost:50051
execution-manager  | [gRPC Client Async] Inputs: {"total_ops": 200, "io_percentage": 50}
execution-manager  | [gRPC Client Async] Response #1 - Status: COMPLETED
execution-manager  | 🎉 [T=12424 ms] Task 1 'sum1' COMPLETED
execution-manager  | [EXECUTION MANAGER] ⏱️ T2=638130035.307 ms | Thread started (server measured)
execution-manager  | [EXECUTION MANAGER] ⏱️ T3=638132457.511 ms | Task completed (server measured)
execution-manager  | [EXECUTION MANAGER] ⏱️ T4=638132458.150 ms | Result received by client
execution-manager  |    [TASK EXECUTION] 2422.204 ms (T3-T2, measured in thread)
execution-manager  |    [RESULT] {"result": 0}
execution-manager  | 
execution-manager  | ╔═══════════════════════════════════════════════════════════════╗
execution-manager  | ║           END-TO-END TIMING MEASUREMENT RECAP                 ║
execution-manager  | ║                   Task 1: sum1                                 
execution-manager  | ╠═══════════════════════════════════════════════════════════════╣
execution-manager  | ║ T1 (start_request)    = 638130034.347 ms                        ║
execution-manager  | ║ T2 (end_request)      = 638130035.307 ms                        ║
execution-manager  | ║ T3 (start_result)     = 638132457.511 ms                        ║
execution-manager  | ║ T4 (end_result)       = 638132458.150 ms                        ║
execution-manager  | ╠═══════════════════════════════════════════════════════════════╣
execution-manager  | ║ METRICS:                                                      ║
execution-manager  | ║   Request Latency    =        0.960 ms  (T2 - T1)            ║
execution-manager  | ║   Task Execution     =     2422.204 ms  (T3 - T2)            ║
execution-manager  | ║   Response Latency   =        0.639 ms  (T4 - T3)            ║
execution-manager  | ║   Total End-to-End   =     2423.803 ms  (T4 - T1)            ║
execution-manager  | ║   Network Overhead   =        1.599 ms  (Req + Resp)         ║
execution-manager  | ╚═══════════════════════════════════════════════════════════════╝
execution-manager  | 
execution-manager  | [gRPC Client Async] Stream completed, received 1 responses
execution-manager  | [GRPC THREAD 1] Completed
execution-manager  | [SCHEDULER] ✅ T=12424 ms: Task 1 'sum1' completed with status 2
execution-manager  | [SCHEDULER] 🔕 Timeout disarmed for task 1
execution-manager  | [SCHEDULER] 3 tasks remaining
execution-manager  | [SCHEDULER] ⏰ T=20000 ms | T_wall=638140034.226 ms: Launching task 2 'sum2' (deadline: 40000 ms)
execution-manager  | [SCHEDULER] 🕐 Timeout armed for task 2 at T=40000 ms (in 20000 ms)
execution-manager  | [GRPC THREAD 2] Starting...
execution-manager  | [EXECUTION MANAGER] ⏱️ T1=638140034.363 ms | Sending gRPC request for task 2 'sum2'
execution-manager  | [gRPC Channel Pool] Reusing existing channel for localhost:50052 (state=2)
execution-manager  | [gRPC Client Async] Calling task 'sum2' at localhost:50052
execution-manager  | [gRPC Client Async] Inputs: {"total_ops": 200, "io_percentage": 50}
execution-manager  | [SCHEDULER] ⏰ T=22287 ms | T_wall=638142321.548 ms: Launching task 3 'sum3' (deadline: 41000 ms)
execution-manager  | [SCHEDULER] 🕐 Timeout armed for task 3 at T=41000 ms (in 18713 ms)
execution-manager  | [GRPC THREAD 3] Starting...
execution-manager  | [EXECUTION MANAGER] ⏱️ T1=638142321.676 ms | Sending gRPC request for task 3 'sum3'
execution-manager  | [gRPC Channel Pool] Reusing existing channel for localhost:50053 (state=2)
execution-manager  | [gRPC Client Async] Calling task 'sum3' at localhost:50053
execution-manager  | [gRPC Client Async] Inputs: {"total_ops": 200, "io_percentage": 50}
execution-manager  | [SCHEDULER] ⏰ T=22288 ms | T_wall=638142322.103 ms: Launching task 4 'sum4' (deadline: 41000 ms)
execution-manager  | [SCHEDULER] 🕐 Timeout armed for task 4 at T=41000 ms (in 18712 ms)
execution-manager  | [GRPC THREAD 4] Starting...
execution-manager  | [EXECUTION MANAGER] ⏱️ T1=638142322.399 ms | Sending gRPC request for task 4 'sum4'
execution-manager  | [gRPC Channel Pool] Reusing existing channel for localhost:50054 (state=2)
execution-manager  | [gRPC Client Async] Calling task 'sum4' at localhost:50054
execution-manager  | [gRPC Client Async] Inputs: {"total_ops": 200, "io_percentage": 50}
execution-manager  | [gRPC Client Async] Response #1 - Status: COMPLETED
execution-manager  | 🎉 [T=27181 ms] Task 3 'sum3' COMPLETED
execution-manager  | [EXECUTION MANAGER] ⏱️ T2=638142322.857 ms | Thread started (server measured)
execution-manager  | [EXECUTION MANAGER] ⏱️ T3=638147214.779 ms | Task completed (server measured)
execution-manager  | [EXECUTION MANAGER] ⏱️ T4=638147215.590 ms | Result received by client
execution-manager  |    [TASK EXECUTION] 4891.922 ms (T3-T2, measured in thread)
execution-manager  |    [RESULT] {"result": 0}
execution-manager  | 
execution-manager  | ╔═══════════════════════════════════════════════════════════════╗
execution-manager  | ║           END-TO-END TIMING MEASUREMENT RECAP                 ║
execution-manager  | ║                   Task 3: sum3                                 
execution-manager  | ╠═══════════════════════════════════════════════════════════════╣
execution-manager  | ║ T1 (start_request)    = 638142321.676 ms                        ║
execution-manager  | ║ T2 (end_request)      = 638142322.857 ms                        ║
execution-manager  | ║ T3 (start_result)     = 638147214.779 ms                        ║
execution-manager  | ║ T4 (end_result)       = 638147215.590 ms                        ║
execution-manager  | ╠═══════════════════════════════════════════════════════════════╣
execution-manager  | ║ METRICS:                                                      ║
execution-manager  | ║   Request Latency    =        1.182 ms  (T2 - T1)            ║
execution-manager  | ║   Task Execution     =     4891.922 ms  (T3 - T2)            ║
execution-manager  | ║   Response Latency   =        0.811 ms  (T4 - T3)            ║
execution-manager  | ║   Total End-to-End   =     4893.914 ms  (T4 - T1)            ║
execution-manager  | ║   Network Overhead   =        1.992 ms  (Req + Resp)         ║
execution-manager  | ╚═══════════════════════════════════════════════════════════════╝
execution-manager  | 
execution-manager  | [gRPC Client Async] Stream completed, received 1 responses
execution-manager  | [GRPC THREAD 3] Completed
execution-manager  | [SCHEDULER] ✅ T=27181 ms: Task 3 'sum3' completed with status 2
execution-manager  | [SCHEDULER] 🔕 Timeout disarmed for task 3
execution-manager  | [SCHEDULER] 2 tasks remaining
execution-manager  | [gRPC Client Async] Response #1 - Status: COMPLETED
execution-manager  | 🎉 [T=27182 ms] Task 4 'sum4' COMPLETED
execution-manager  | [EXECUTION MANAGER] ⏱️ T2=638144609.446 ms | Thread started (server measured)
execution-manager  | [EXECUTION MANAGER] ⏱️ T3=638147216.392 ms | Task completed (server measured)
execution-manager  | [EXECUTION MANAGER] ⏱️ T4=638147216.874 ms | Result received by client
execution-manager  |    [TASK EXECUTION] 2606.947 ms (T3-T2, measured in thread)
execution-manager  |    [RESULT] {"result": 0}
execution-manager  | 
execution-manager  | ╔═══════════════════════════════════════════════════════════════╗
execution-manager  | ║           END-TO-END TIMING MEASUREMENT RECAP                 ║
execution-manager  | ║                   Task 4: sum4                                 
execution-manager  | ╠═══════════════════════════════════════════════════════════════╣
execution-manager  | ║ T1 (start_request)    = 638142322.399 ms                        ║
execution-manager  | ║ T2 (end_request)      = 638144609.446 ms                        ║
execution-manager  | ║ T3 (start_result)     = 638147216.392 ms                        ║
execution-manager  | ║ T4 (end_result)       = 638147216.874 ms                        ║
execution-manager  | ╠═══════════════════════════════════════════════════════════════╣
execution-manager  | ║ METRICS:                                                      ║
execution-manager  | ║   Request Latency    =     2287.047 ms  (T2 - T1)            ║
execution-manager  | ║   Task Execution     =     2606.947 ms  (T3 - T2)            ║
execution-manager  | ║   Response Latency   =        0.482 ms  (T4 - T3)            ║
execution-manager  | ║   Total End-to-End   =     4894.476 ms  (T4 - T1)            ║
execution-manager  | ║   Network Overhead   =     2287.529 ms  (Req + Resp)         ║
execution-manager  | ╚═══════════════════════════════════════════════════════════════╝
execution-manager  | 
execution-manager  | [SCHEDULER] ✅ T=27183 ms: Task 4 'sum4' completed with status 2
execution-manager  | [SCHEDULER] 🔕 Timeout disarmed for task 4
execution-manager  | [SCHEDULER] 1 tasks remaining
execution-manager  | [gRPC Client Async] Response #1 - Status: COMPLETED
execution-manager  | 🎉 [T=27183 ms] Task 2 'sum2' COMPLETED
execution-manager  | [EXECUTION MANAGER] ⏱️ T2=638140035.387 ms | Thread started (server measured)
execution-manager  | [EXECUTION MANAGER] ⏱️ T3=638147216.533 ms | Task completed (server measured)
execution-manager  | [EXECUTION MANAGER] ⏱️ T4=638147217.192 ms | Result received by client
execution-manager  |    [TASK EXECUTION] 7181.146 ms (T3-T2, measured in thread)
execution-manager  |    [RESULT] {"result": 0}
execution-manager  | 
execution-manager  | ╔═══════════════════════════════════════════════════════════════╗
execution-manager  | ║           END-TO-END TIMING MEASUREMENT RECAP                 ║
execution-manager  | ║                   Task 2: sum2                                 
execution-manager  | ╠═══════════════════════════════════════════════════════════════╣
execution-manager  | ║ T1 (start_request)    = 638140034.363 ms                        ║
execution-manager  | ║ T2 (end_request)      = 638140035.387 ms                        ║
execution-manager  | ║ T3 (start_result)     = 638147216.533 ms                        ║
execution-manager  | ║ T4 (end_result)       = 638147217.192 ms                        ║
execution-manager  | ╠═══════════════════════════════════════════════════════════════╣
execution-manager  | ║ METRICS:                                                      ║
execution-manager  | ║   Request Latency    =        1.024 ms  (T2 - T1)            ║
execution-manager  | ║   Task Execution     =     7181.146 ms  (T3 - T2)            ║
execution-manager  | ║   Response Latency   =        0.659 ms  (T4 - T3)            ║
execution-manager  | ║   Total End-to-End   =     7182.828 ms  (T4 - T1)            ║
execution-manager  | ║   Network Overhead   =        1.683 ms  (Req + Resp)         ║
execution-manager  | ╚═══════════════════════════════════════════════════════════════╝
execution-manager  | 
execution-manager  | [gRPC Client Async] Stream completed, received 1 responses
execution-manager  | [GRPC THREAD 2] Completed
execution-manager  | [gRPC Client Async] Stream completed, received 1 responses
execution-manager  | [GRPC THREAD 4] Completed
execution-manager  | [SCHEDULER] ✅ T=27183 ms: Task 2 'sum2' completed with status 2
execution-manager  | [SCHEDULER] 🔕 Timeout disarmed for task 2
execution-manager  | [SCHEDULER] 0 tasks remaining
execution-manager  | 
execution-manager  | [SCHEDULER] 🏁 Iteration 3/5 complete!
execution-manager  | [SCHEDULER] Iteration execution time: 27183 ms
execution-manager  | 
execution-manager  | 
execution-manager  | [SCHEDULER] 🔁 ===== ITERATION 4 / 5 =====
execution-manager  | 
execution-manager  | [SCHEDULER] 🚀 Schedule started at T=0
execution-manager  | 
execution-manager  | [SCHEDULER] 🔄 Entering event loop (NO SLEEP - event-driven!)
execution-manager  | 
execution-manager  | [SCHEDULER] ⏰ T=10000 ms | T_wall=638157217.683 ms: Launching task 1 'sum1' (deadline: 30000 ms)
execution-manager  | [SCHEDULER] 🕐 Timeout armed for task 1 at T=30000 ms (in 20000 ms)
execution-manager  | [GRPC THREAD 1] Starting...
execution-manager  | [EXECUTION MANAGER] ⏱️ T1=638157217.813 ms | Sending gRPC request for task 1 'sum1'
execution-manager  | [gRPC Channel Pool] Reusing existing channel for localhost:50051 (state=2)
execution-manager  | [gRPC Client Async] Calling task 'sum1' at localhost:50051
execution-manager  | [gRPC Client Async] Inputs: {"total_ops": 200, "io_percentage": 50}
execution-manager  | [gRPC Client Async] Response #1 - Status: COMPLETED
execution-manager  | 🎉 [T=12433 ms] Task 1 'sum1' COMPLETED
execution-manager  | [EXECUTION MANAGER] ⏱️ T2=638157218.708 ms | Thread started (server measured)
execution-manager  | [EXECUTION MANAGER] ⏱️ T3=638159650.106 ms | Task completed (server measured)
execution-manager  | [EXECUTION MANAGER] ⏱️ T4=638159650.765 ms | Result received by client
execution-manager  |    [TASK EXECUTION] 2431.398 ms (T3-T2, measured in thread)
execution-manager  |    [RESULT] {"result": 0}
execution-manager  | 
execution-manager  | ╔═══════════════════════════════════════════════════════════════╗
execution-manager  | ║           END-TO-END TIMING MEASUREMENT RECAP                 ║
execution-manager  | ║                   Task 1: sum1                                 
execution-manager  | ╠═══════════════════════════════════════════════════════════════╣
execution-manager  | ║ T1 (start_request)    = 638157217.813 ms                        ║
execution-manager  | ║ T2 (end_request)      = 638157218.708 ms                        ║
execution-manager  | ║ T3 (start_result)     = 638159650.106 ms                        ║
execution-manager  | ║ T4 (end_result)       = 638159650.765 ms                        ║
execution-manager  | ╠═══════════════════════════════════════════════════════════════╣
execution-manager  | ║ METRICS:                                                      ║
execution-manager  | ║   Request Latency    =        0.895 ms  (T2 - T1)            ║
execution-manager  | ║   Task Execution     =     2431.398 ms  (T3 - T2)            ║
execution-manager  | ║   Response Latency   =        0.659 ms  (T4 - T3)            ║
execution-manager  | ║   Total End-to-End   =     2432.952 ms  (T4 - T1)            ║
execution-manager  | ║   Network Overhead   =        1.554 ms  (Req + Resp)         ║
execution-manager  | ╚═══════════════════════════════════════════════════════════════╝
execution-manager  | 
execution-manager  | [gRPC Client Async] Stream completed, received 1 responses
execution-manager  | [GRPC THREAD 1] Completed
execution-manager  | [SCHEDULER] ✅ T=12434 ms: Task 1 'sum1' completed with status 2
execution-manager  | [SCHEDULER] 🔕 Timeout disarmed for task 1
execution-manager  | [SCHEDULER] 3 tasks remaining
execution-manager  | [SCHEDULER] ⏰ T=20000 ms | T_wall=638167217.710 ms: Launching task 2 'sum2' (deadline: 40000 ms)
execution-manager  | [SCHEDULER] 🕐 Timeout armed for task 2 at T=40000 ms (in 20000 ms)
execution-manager  | [GRPC THREAD 2] Starting...
execution-manager  | [EXECUTION MANAGER] ⏱️ T1=638167217.845 ms | Sending gRPC request for task 2 'sum2'
execution-manager  | [gRPC Channel Pool] Reusing existing channel for localhost:50052 (state=2)
execution-manager  | [gRPC Client Async] Calling task 'sum2' at localhost:50052
execution-manager  | [gRPC Client Async] Inputs: {"total_ops": 200, "io_percentage": 50}
execution-manager  | [SCHEDULER] ⏰ T=22288 ms | T_wall=638169505.114 ms: Launching task 3 'sum3' (deadline: 41000 ms)
execution-manager  | [SCHEDULER] 🕐 Timeout armed for task 3 at T=41000 ms (in 18712 ms)
execution-manager  | [GRPC THREAD 3] Starting...
execution-manager  | [EXECUTION MANAGER] ⏱️ T1=638169505.259 ms | Sending gRPC request for task 3 'sum3'
execution-manager  | [gRPC Channel Pool] Reusing existing channel for localhost:50053 (state=2)
execution-manager  | [gRPC Client Async] Calling task 'sum3' at localhost:50053
execution-manager  | [gRPC Client Async] Inputs: {"total_ops": 200, "io_percentage": 50}
execution-manager  | [SCHEDULER] ⏰ T=22288 ms | T_wall=638169505.701 ms: Launching task 4 'sum4' (deadline: 41000 ms)
execution-manager  | [SCHEDULER] 🕐 Timeout armed for task 4 at T=41000 ms (in 18712 ms)
execution-manager  | [GRPC THREAD 4] Starting...
execution-manager  | [EXECUTION MANAGER] ⏱️ T1=638169506.068 ms | Sending gRPC request for task 4 'sum4'
execution-manager  | [gRPC Channel Pool] Reusing existing channel for localhost:50054 (state=2)
execution-manager  | [gRPC Client Async] Calling task 'sum4' at localhost:50054
execution-manager  | [gRPC Client Async] Inputs: {"total_ops": 200, "io_percentage": 50}
execution-manager  | [gRPC Client Async] Response #1 - Status: COMPLETED
execution-manager  | 🎉 [T=27146 ms] Task 2 'sum2' COMPLETED
execution-manager  | [EXECUTION MANAGER] ⏱️ T2=638167218.858 ms | Thread started (server measured)
execution-manager  | [EXECUTION MANAGER] ⏱️ T3=638174362.376 ms | Task completed (server measured)
execution-manager  | [EXECUTION MANAGER] ⏱️ T4=638174363.159 ms | Result received by client
execution-manager  |    [TASK EXECUTION] 7143.518 ms (T3-T2, measured in thread)
execution-manager  |    [RESULT] {"result": 0}
execution-manager  | 
execution-manager  | ╔═══════════════════════════════════════════════════════════════╗
execution-manager  | ║           END-TO-END TIMING MEASUREMENT RECAP                 ║
execution-manager  | ║                   Task 2: sum2                                 
execution-manager  | ╠═══════════════════════════════════════════════════════════════╣
execution-manager  | ║ T1 (start_request)    = 638167217.845 ms                        ║
execution-manager  | ║ T2 (end_request)      = 638167218.858 ms                        ║
execution-manager  | ║ T3 (start_result)     = 638174362.376 ms                        ║
execution-manager  | ║ T4 (end_result)       = 638174363.159 ms                        ║
execution-manager  | ╠═══════════════════════════════════════════════════════════════╣
execution-manager  | ║ METRICS:                                                      ║
execution-manager  | ║   Request Latency    =        1.013 ms  (T2 - T1)            ║
execution-manager  | ║   Task Execution     =     7143.518 ms  (T3 - T2)            ║
execution-manager  | ║   Response Latency   =        0.782 ms  (T4 - T3)            ║
execution-manager  | ║   Total End-to-End   =     7145.313 ms  (T4 - T1)            ║
execution-manager  | ║   Network Overhead   =        1.795 ms  (Req + Resp)         ║
execution-manager  | ╚═══════════════════════════════════════════════════════════════╝
execution-manager  | 
execution-manager  | [gRPC Client Async] Stream completed, received 1 responses
execution-manager  | [GRPC THREAD 2] Completed
execution-manager  | [SCHEDULER] ✅ T=27146 ms: Task 2 'sum2' completed with status 2
execution-manager  | [SCHEDULER] 🔕 Timeout disarmed for task 2
execution-manager  | [SCHEDULER] 2 tasks remaining
execution-manager  | [gRPC Client Async] Response #1 - Status: COMPLETED
execution-manager  | 🎉 [T=27147 ms] Task 3 'sum3' COMPLETED
execution-manager  | [EXECUTION MANAGER] ⏱️ T2=638169506.554 ms | Thread started (server measured)
execution-manager  | [EXECUTION MANAGER] ⏱️ T3=638174363.983 ms | Task completed (server measured)
execution-manager  | [EXECUTION MANAGER] ⏱️ T4=638174364.486 ms | Result received by client
execution-manager  |    [TASK EXECUTION] 4857.429 ms (T3-T2, measured in thread)
execution-manager  |    [RESULT] {"result": 0}
execution-manager  | 
execution-manager  | ╔═══════════════════════════════════════════════════════════════╗
execution-manager  | ║           END-TO-END TIMING MEASUREMENT RECAP                 ║
execution-manager  | ║                   Task 3: sum3                                 
execution-manager  | ╠═══════════════════════════════════════════════════════════════╣
execution-manager  | ║ T1 (start_request)    = 638169505.259 ms                        ║
execution-manager  | ║ T2 (end_request)      = 638169506.554 ms                        ║
execution-manager  | ║ T3 (start_result)     = 638174363.983 ms                        ║
execution-manager  | ║ T4 (end_result)       = 638174364.486 ms                        ║
execution-manager  | ╠═══════════════════════════════════════════════════════════════╣
execution-manager  | ║ METRICS:                                                      ║
execution-manager  | ║   Request Latency    =        1.295 ms  (T2 - T1)            ║
execution-manager  | ║   Task Execution     =     4857.429 ms  (T3 - T2)            ║
execution-manager  | ║   Response Latency   =        0.504 ms  (T4 - T3)            ║
execution-manager  | ║   Total End-to-End   =     4859.228 ms  (T4 - T1)            ║
execution-manager  | ║   Network Overhead   =        1.799 ms  (Req + Resp)         ║
execution-manager  | ╚═══════════════════════════════════════════════════════════════╝
execution-manager  | 
execution-manager  | [SCHEDULER] ✅ T=27147 ms: Task 3 'sum3' completed with status 2
execution-manager  | [SCHEDULER] 🔕 Timeout disarmed for task 3
execution-manager  | [SCHEDULER] 1 tasks remaining
execution-manager  | [gRPC Client Async] Stream completed, received 1 responses
execution-manager  | [GRPC THREAD 3] Completed
execution-manager  | [gRPC Client Async] Response #1 - Status: COMPLETED
execution-manager  | 🎉 [T=27148 ms] Task 4 'sum4' COMPLETED
execution-manager  | [EXECUTION MANAGER] ⏱️ T2=638171793.828 ms | Thread started (server measured)
execution-manager  | [EXECUTION MANAGER] ⏱️ T3=638174364.979 ms | Task completed (server measured)
execution-manager  | [EXECUTION MANAGER] ⏱️ T4=638174365.528 ms | Result received by client
execution-manager  |    [TASK EXECUTION] 2571.151 ms (T3-T2, measured in thread)
execution-manager  |    [RESULT] {"result": 0}
execution-manager  | 
execution-manager  | ╔═══════════════════════════════════════════════════════════════╗
execution-manager  | ║           END-TO-END TIMING MEASUREMENT RECAP                 ║
execution-manager  | ║                   Task 4: sum4                                 
execution-manager  | ╠═══════════════════════════════════════════════════════════════╣
execution-manager  | ║ T1 (start_request)    = 638169506.068 ms                        ║
execution-manager  | ║ T2 (end_request)      = 638171793.828 ms                        ║
execution-manager  | ║ T3 (start_result)     = 638174364.979 ms                        ║
execution-manager  | ║ T4 (end_result)       = 638174365.528 ms                        ║
execution-manager  | ╠═══════════════════════════════════════════════════════════════╣
execution-manager  | ║ METRICS:                                                      ║
execution-manager  | ║   Request Latency    =     2287.761 ms  (T2 - T1)            ║
execution-manager  | ║   Task Execution     =     2571.151 ms  (T3 - T2)            ║
execution-manager  | ║   Response Latency   =        0.549 ms  (T4 - T3)            ║
execution-manager  | ║   Total End-to-End   =     4859.460 ms  (T4 - T1)            ║
execution-manager  | ║   Network Overhead   =     2288.309 ms  (Req + Resp)         ║
execution-manager  | ╚═══════════════════════════════════════════════════════════════╝
execution-manager  | 
execution-manager  | [gRPC Client Async] Stream completed, received 1 responses
execution-manager  | [GRPC THREAD 4] Completed
execution-manager  | [SCHEDULER] ✅ T=27148 ms: Task 4 'sum4' completed with status 2
execution-manager  | [SCHEDULER] 🔕 Timeout disarmed for task 4
execution-manager  | [SCHEDULER] 0 tasks remaining
execution-manager  | 
execution-manager  | [SCHEDULER] 🏁 Iteration 4/5 complete!
execution-manager  | [SCHEDULER] Iteration execution time: 27148 ms
execution-manager  | 
execution-manager  | 
execution-manager  | [SCHEDULER] 🔁 ===== ITERATION 5 / 5 =====
execution-manager  | 
execution-manager  | [SCHEDULER] 🚀 Schedule started at T=0
execution-manager  | 
execution-manager  | [SCHEDULER] 🔄 Entering event loop (NO SLEEP - event-driven!)
execution-manager  | 
execution-manager  | [SCHEDULER] ⏰ T=10000 ms | T_wall=638184365.924 ms: Launching task 1 'sum1' (deadline: 30000 ms)
execution-manager  | [SCHEDULER] 🕐 Timeout armed for task 1 at T=30000 ms (in 19999 ms)
execution-manager  | [GRPC THREAD 1] Starting...
execution-manager  | [EXECUTION MANAGER] ⏱️ T1=638184366.068 ms | Sending gRPC request for task 1 'sum1'
execution-manager  | [gRPC Channel Pool] Reusing existing channel for localhost:50051 (state=2)
execution-manager  | [gRPC Client Async] Calling task 'sum1' at localhost:50051
execution-manager  | [gRPC Client Async] Inputs: {"total_ops": 200, "io_percentage": 50}
execution-manager  | [gRPC Client Async] Response #1 - Status: COMPLETED
execution-manager  | 🎉 [T=12735 ms] Task 1 'sum1' COMPLETED
execution-manager  | [EXECUTION MANAGER] ⏱️ T2=638184366.976 ms | Thread started (server measured)
execution-manager  | [EXECUTION MANAGER] ⏱️ T3=638187100.170 ms | Task completed (server measured)
execution-manager  | [EXECUTION MANAGER] ⏱️ T4=638187100.852 ms | Result received by client
execution-manager  |    [TASK EXECUTION] 2733.194 ms (T3-T2, measured in thread)
execution-manager  |    [RESULT] {"result": 0}
execution-manager  | 
execution-manager  | ╔═══════════════════════════════════════════════════════════════╗
execution-manager  | ║           END-TO-END TIMING MEASUREMENT RECAP                 ║
execution-manager  | ║                   Task 1: sum1                                 
execution-manager  | ╠═══════════════════════════════════════════════════════════════╣
execution-manager  | ║ T1 (start_request)    = 638184366.068 ms                        ║
execution-manager  | ║ T2 (end_request)      = 638184366.976 ms                        ║
execution-manager  | ║ T3 (start_result)     = 638187100.170 ms                        ║
execution-manager  | ║ T4 (end_result)       = 638187100.852 ms                        ║
execution-manager  | ╠═══════════════════════════════════════════════════════════════╣
execution-manager  | ║ METRICS:                                                      ║
execution-manager  | ║   Request Latency    =        0.908 ms  (T2 - T1)            ║
execution-manager  | ║   Task Execution     =     2733.194 ms  (T3 - T2)            ║
execution-manager  | ║   Response Latency   =        0.682 ms  (T4 - T3)            ║
execution-manager  | ║   Total End-to-End   =     2734.784 ms  (T4 - T1)            ║
execution-manager  | ║   Network Overhead   =        1.590 ms  (Req + Resp)         ║
execution-manager  | ╚═══════════════════════════════════════════════════════════════╝
execution-manager  | 
execution-manager  | [gRPC Client Async] Stream completed, received 1 responses
execution-manager  | [GRPC THREAD 1] Completed
execution-manager  | [SCHEDULER] ✅ T=12736 ms: Task 1 'sum1' completed with status 2
execution-manager  | [SCHEDULER] 🔕 Timeout disarmed for task 1
execution-manager  | [SCHEDULER] 3 tasks remaining
execution-manager  | [SCHEDULER] ⏰ T=20000 ms | T_wall=638194365.953 ms: Launching task 2 'sum2' (deadline: 40000 ms)
execution-manager  | [SCHEDULER] 🕐 Timeout armed for task 2 at T=40000 ms (in 19999 ms)
execution-manager  | [GRPC THREAD 2] Starting...
execution-manager  | [EXECUTION MANAGER] ⏱️ T1=638194366.182 ms | Sending gRPC request for task 2 'sum2'
execution-manager  | [gRPC Channel Pool] Reusing existing channel for localhost:50052 (state=2)
execution-manager  | [gRPC Client Async] Calling task 'sum2' at localhost:50052
execution-manager  | [gRPC Client Async] Inputs: {"total_ops": 200, "io_percentage": 50}
execution-manager  | [SCHEDULER] ⏰ T=22288 ms | T_wall=638196653.433 ms: Launching task 3 'sum3' (deadline: 41000 ms)
execution-manager  | [SCHEDULER] 🕐 Timeout armed for task 3 at T=41000 ms (in 18712 ms)
execution-manager  | [GRPC THREAD 3] Starting...
execution-manager  | [EXECUTION MANAGER] ⏱️ T1=638196653.579 ms | Sending gRPC request for task 3 'sum3'
execution-manager  | [gRPC Channel Pool] Reusing existing channel for localhost:50053 (state=2)
execution-manager  | [gRPC Client Async] Calling task 'sum3' at localhost:50053
execution-manager  | [gRPC Client Async] Inputs: {"total_ops": 200, "io_percentage": 50}
execution-manager  | [SCHEDULER] ⏰ T=22289 ms | T_wall=638196654.032 ms: Launching task 4 'sum4' (deadline: 41000 ms)
execution-manager  | [SCHEDULER] 🕐 Timeout armed for task 4 at T=41000 ms (in 18711 ms)
execution-manager  | [GRPC THREAD 4] Starting...
execution-manager  | [EXECUTION MANAGER] ⏱️ T1=638196654.374 ms | Sending gRPC request for task 4 'sum4'
execution-manager  | [gRPC Channel Pool] Reusing existing channel for localhost:50054 (state=2)
execution-manager  | [gRPC Client Async] Calling task 'sum4' at localhost:50054
execution-manager  | [gRPC Client Async] Inputs: {"total_ops": 200, "io_percentage": 50}
execution-manager  | [gRPC Client Async] Response #1 - Status: COMPLETED
execution-manager  | 🎉 [T=27172 ms] Task 4 'sum4' COMPLETED
execution-manager  | [EXECUTION MANAGER] ⏱️ T2=638198942.095 ms | Thread started (server measured)
execution-manager  | [EXECUTION MANAGER] ⏱️ T3=638201536.547 ms | Task completed (server measured)
execution-manager  | [EXECUTION MANAGER] ⏱️ T4=638201537.335 ms | Result received by client
execution-manager  |    [TASK EXECUTION] 2594.453 ms (T3-T2, measured in thread)
execution-manager  |    [RESULT] {"result": 0}
execution-manager  | 
execution-manager  | ╔═══════════════════════════════════════════════════════════════╗
execution-manager  | ║           END-TO-END TIMING MEASUREMENT RECAP                 ║
execution-manager  | ║                   Task 4: sum4                                 
execution-manager  | ╠═══════════════════════════════════════════════════════════════╣
execution-manager  | ║ T1 (start_request)    = 638196654.374 ms                        ║
execution-manager  | ║ T2 (end_request)      = 638198942.095 ms                        ║
execution-manager  | ║ T3 (start_result)     = 638201536.547 ms                        ║
execution-manager  | ║ T4 (end_result)       = 638201537.335 ms                        ║
execution-manager  | ╠═══════════════════════════════════════════════════════════════╣
execution-manager  | ║ METRICS:                                                      ║
execution-manager  | ║   Request Latency    =     2287.720 ms  (T2 - T1)            ║
execution-manager  | ║   Task Execution     =     2594.453 ms  (T3 - T2)            ║
execution-manager  | ║   Response Latency   =        0.788 ms  (T4 - T3)            ║
execution-manager  | ║   Total End-to-End   =     4882.961 ms  (T4 - T1)            ║
execution-manager  | ║   Network Overhead   =     2288.508 ms  (Req + Resp)         ║
execution-manager  | ╚═══════════════════════════════════════════════════════════════╝
execution-manager  | 
execution-manager  | [gRPC Client Async] Stream completed, received 1 responses
execution-manager  | [GRPC THREAD 4] Completed
execution-manager  | [SCHEDULER] ✅ T=27172 ms: Task 4 'sum4' completed with status 2
execution-manager  | [SCHEDULER] 🔕 Timeout disarmed for task 4
execution-manager  | [SCHEDULER] 2 tasks remaining
execution-manager  | [gRPC Client Async] Response #1 - Status: COMPLETED
execution-manager  | 🎉 [T=27173 ms] Task 3 'sum3' COMPLETED
execution-manager  | [EXECUTION MANAGER] ⏱️ T2=638196654.852 ms | Thread started (server measured)
execution-manager  | [EXECUTION MANAGER] ⏱️ T3=638201538.143 ms | Task completed (server measured)
execution-manager  | [EXECUTION MANAGER] ⏱️ T4=638201538.577 ms | Result received by client
execution-manager  |    [TASK EXECUTION] 4883.291 ms (T3-T2, measured in thread)
execution-manager  |    [RESULT] {"result": 0}
execution-manager  | 
execution-manager  | ╔═══════════════════════════════════════════════════════════════╗
execution-manager  | ║           END-TO-END TIMING MEASUREMENT RECAP                 ║
execution-manager  | ║                   Task 3: sum3                                 
execution-manager  | ╠═══════════════════════════════════════════════════════════════╣
execution-manager  | ║ T1 (start_request)    = 638196653.579 ms                        ║
execution-manager  | ║ T2 (end_request)      = 638196654.852 ms                        ║
execution-manager  | ║ T3 (start_result)     = 638201538.143 ms                        ║
execution-manager  | ║ T4 (end_result)       = 638201538.577 ms                        ║
execution-manager  | ╠═══════════════════════════════════════════════════════════════╣
execution-manager  | ║ METRICS:                                                      ║
execution-manager  | ║   Request Latency    =        1.273 ms  (T2 - T1)            ║
execution-manager  | ║   Task Execution     =     4883.291 ms  (T3 - T2)            ║
execution-manager  | ║   Response Latency   =        0.434 ms  (T4 - T3)            ║
execution-manager  | ║   Total End-to-End   =     4884.998 ms  (T4 - T1)            ║
execution-manager  | ║   Network Overhead   =        1.707 ms  (Req + Resp)         ║
execution-manager  | ╚═══════════════════════════════════════════════════════════════╝
execution-manager  | 
execution-manager  | [SCHEDULER] ✅ T=27173 ms: Task 3 'sum3' completed with status 2
execution-manager  | [SCHEDULER] 🔕 Timeout disarmed for task 3
execution-manager  | [SCHEDULER] 1 tasks remaining
execution-manager  | [gRPC Client Async] Stream completed, received 1 responses
execution-manager  | [GRPC THREAD 3] Completed
execution-manager  | [gRPC Client Async] Response #1 - Status: COMPLETED
execution-manager  | 🎉 [T=27174 ms] Task 2 'sum2' COMPLETED
execution-manager  | [EXECUTION MANAGER] ⏱️ T2=638194367.115 ms | Thread started (server measured)
execution-manager  | [EXECUTION MANAGER] ⏱️ T3=638201539.165 ms | Task completed (server measured)
execution-manager  | [EXECUTION MANAGER] ⏱️ T4=638201539.613 ms | Result received by client
execution-manager  |    [TASK EXECUTION] 7172.051 ms (T3-T2, measured in thread)
execution-manager  |    [RESULT] {"result": 0}
execution-manager  | 
execution-manager  | ╔═══════════════════════════════════════════════════════════════╗
execution-manager  | ║           END-TO-END TIMING MEASUREMENT RECAP                 ║
execution-manager  | ║                   Task 2: sum2                                 
execution-manager  | ╠═══════════════════════════════════════════════════════════════╣
execution-manager  | ║ T1 (start_request)    = 638194366.182 ms                        ║
execution-manager  | ║ T2 (end_request)      = 638194367.115 ms                        ║
execution-manager  | ║ T3 (start_result)     = 638201539.165 ms                        ║
execution-manager  | ║ T4 (end_result)       = 638201539.613 ms                        ║
execution-manager  | ╠═══════════════════════════════════════════════════════════════╣
execution-manager  | ║ METRICS:                                                      ║
execution-manager  | ║   Request Latency    =        0.932 ms  (T2 - T1)            ║
execution-manager  | ║   Task Execution     =     7172.051 ms  (T3 - T2)            ║
execution-manager  | ║   Response Latency   =        0.447 ms  (T4 - T3)            ║
execution-manager  | ║   Total End-to-End   =     7173.430 ms  (T4 - T1)            ║
execution-manager  | ║   Network Overhead   =        1.380 ms  (Req + Resp)         ║
execution-manager  | ╚═══════════════════════════════════════════════════════════════╝
execution-manager  | 
execution-manager  | [gRPC Client Async] Stream completed, received 1 responses
execution-manager  | [GRPC THREAD 2] Completed
execution-manager  | [SCHEDULER] ✅ T=27174 ms: Task 2 'sum2' completed with status 2
execution-manager  | [SCHEDULER] 🔕 Timeout disarmed for task 2
execution-manager  | [SCHEDULER] 0 tasks remaining
execution-manager  | 
execution-manager  | [SCHEDULER] 🏁 Iteration 5/5 complete!
execution-manager  | [SCHEDULER] Iteration execution time: 27174 ms
execution-manager  | 
execution-manager  | 
execution-manager  | [SCHEDULER] 🏁 All 5 iteration(s) completed!
execution-manager  | [SCHEDULER] Total execution time: 27174 ms
execution-manager  | 
execution-manager  | Test Suite Finished Successfully.
[Kexecution-manager exited with code 0
