 Container execution-manager  Creating
 Container execution-manager  Created
Attaching to execution-manager
execution-manager  | ============================================
execution-manager  |    DUAL PRIORITY QUEUE ARCHITECTURE TESTER  
execution-manager  | ============================================
execution-manager  | 
execution-manager  | ✅ Execution Manager running with SCHED_FIFO priority 95
execution-manager  |    This ensures precise timing and prevents preemption by tasks
execution-manager  | 
execution-manager  | 
execution-manager  | [Redis] Reading schedule from Redis...
execution-manager  | 
execution-manager  | === REDIS DATA ===
execution-manager  | Schedule: Configurable CPU/IO Benchmark (v0.0.0)
execution-manager  | Number of tasks: 4
execution-manager  | Iterations: 5
execution-manager  | 
execution-manager  | Tasks:
execution-manager  |   1. Task: sum1
execution-manager  |      Policy: fifo, Priority: 50, Start: 10 ms
execution-manager  |      Inputs: {"total_ops": {"type": "int", "value": 100}, "io_percentage": {"type": "int", "value": 0}}
execution-manager  | 
execution-manager  |   2. Task: sum2
execution-manager  |      Policy: fifo, Priority: 50, Start: 30 ms
execution-manager  |      Inputs: {"total_ops": {"type": "int", "value": 100}, "io_percentage": {"type": "int", "value": 0}}
execution-manager  | 
execution-manager  |   3. Task: sum3
execution-manager  |      Policy: fifo, Priority: 70, Start: 31 ms
execution-manager  |      Inputs: {"total_ops": {"type": "int", "value": 100}, "io_percentage": {"type": "int", "value": 0}}
execution-manager  | 
execution-manager  |   4. Task: sum4
execution-manager  |      Policy: fifo, Priority: 60, Start: 31 ms
execution-manager  |      Inputs: {"total_ops": {"type": "int", "value": 100}, "io_percentage": {"type": "int", "value": 0}}
execution-manager  | 
execution-manager  | ==================
execution-manager  | 
execution-manager  | 
execution-manager  | ============================================
execution-manager  |    REAL-TIME EVENT-DRIVEN SCHEDULER
execution-manager  | ============================================
execution-manager  | 
execution-manager  | [SCHEDULER] 🚀 Loading schedule: 4 task(s), 5 iteration(s)
execution-manager  | 
execution-manager  | [SCHEDULER] DEBUG - Task 1: start_time=10 s, deadline=40 s (parsed from Redis)
execution-manager  | [SCHEDULER] 📋 Task 1 'sum1': start=10000 ms, deadline=40000 ms
execution-manager  | [SCHEDULER] DEBUG - Task 2: start_time=30 s, deadline=70 s (parsed from Redis)
execution-manager  | [SCHEDULER] 📋 Task 2 'sum2': start=30000 ms, deadline=70000 ms
execution-manager  | [SCHEDULER] DEBUG - Task 3: start_time=31 s, deadline=71 s (parsed from Redis)
execution-manager  | [SCHEDULER] 📋 Task 3 'sum3': start=31000 ms, deadline=71000 ms
execution-manager  | [SCHEDULER] DEBUG - Task 4: start_time=31 s, deadline=71 s (parsed from Redis)
execution-manager  | [SCHEDULER] 📋 Task 4 'sum4': start=31000 ms, deadline=71000 ms
execution-manager  | 
execution-manager  | [SCHEDULER] 🔁 ===== ITERATION 1 / 5 =====
execution-manager  | 
execution-manager  | [SCHEDULER] 🚀 Schedule started at T=0
execution-manager  | 
execution-manager  | [SCHEDULER] 🔄 Entering event loop (NO SLEEP - event-driven!)
execution-manager  | 
execution-manager  | [SCHEDULER] ⏰ T=10000 ms | T_wall=635194196.860 ms: Launching task 1 'sum1' (deadline: 40000 ms)
execution-manager  | [SCHEDULER] 🕐 Timeout armed for task 1 at T=40000 ms (in 29999 ms)
execution-manager  | [GRPC THREAD 1] Starting...
execution-manager  | [EXECUTION MANAGER] ⏱️ T1=635194197.088 ms | Sending gRPC request for task 1 'sum1'
execution-manager  | [gRPC Channel Pool] Creating new channel for localhost:50051
execution-manager  | [gRPC Client Async] Calling task 'sum1' at localhost:50051
execution-manager  | [gRPC Client Async] Inputs: {"total_ops": 100, "io_percentage": 0}
execution-manager  | [gRPC Client Async] Response #1 - Status: COMPLETED
execution-manager  | 🎉 [T=12314 ms] Task 1 'sum1' COMPLETED
execution-manager  | [EXECUTION MANAGER] ⏱️ T2=635194223.745 ms | Thread started (server measured)
execution-manager  | [EXECUTION MANAGER] ⏱️ T3=635196509.370 ms | Task completed (server measured)
execution-manager  | [EXECUTION MANAGER] ⏱️ T4=635196510.217 ms | Result received by client
execution-manager  |    [TASK EXECUTION] 2285.625 ms (T3-T2, measured in thread)
execution-manager  |    [RESULT] {"result": 0}
execution-manager  | 
execution-manager  | ╔═══════════════════════════════════════════════════════════════╗
execution-manager  | ║           END-TO-END TIMING MEASUREMENT RECAP                 ║
execution-manager  | ║                   Task 1: sum1                                 
execution-manager  | ╠═══════════════════════════════════════════════════════════════╣
execution-manager  | ║ T1 (start_request)    = 635194197.088 ms                        ║
execution-manager  | ║ T2 (end_request)      = 635194223.745 ms                        ║
execution-manager  | ║ T3 (start_result)     = 635196509.370 ms                        ║
execution-manager  | ║ T4 (end_result)       = 635196510.217 ms                        ║
execution-manager  | ╠═══════════════════════════════════════════════════════════════╣
execution-manager  | ║ METRICS:                                                      ║
execution-manager  | ║   Request Latency    =       26.656 ms  (T2 - T1)            ║
execution-manager  | ║   Task Execution     =     2285.625 ms  (T3 - T2)            ║
execution-manager  | ║   Response Latency   =        0.847 ms  (T4 - T3)            ║
execution-manager  | ║   Total End-to-End   =     2313.128 ms  (T4 - T1)            ║
execution-manager  | ║   Network Overhead   =       27.503 ms  (Req + Resp)         ║
execution-manager  | ╚═══════════════════════════════════════════════════════════════╝
execution-manager  | 
execution-manager  | [gRPC Client Async] Stream completed, received 1 responses
execution-manager  | [GRPC THREAD 1] Completed
execution-manager  | [SCHEDULER] ✅ T=12314 ms: Task 1 'sum1' completed with status 2
execution-manager  | [SCHEDULER] 🔕 Timeout disarmed for task 1
execution-manager  | [SCHEDULER] 3 tasks remaining
execution-manager  | [SCHEDULER] ⏰ T=30000 ms | T_wall=635214196.898 ms: Launching task 2 'sum2' (deadline: 70000 ms)
execution-manager  | [SCHEDULER] 🕐 Timeout armed for task 2 at T=70000 ms (in 39999 ms)
execution-manager  | [GRPC THREAD 2] Starting...
execution-manager  | [EXECUTION MANAGER] ⏱️ T1=635214197.123 ms | Sending gRPC request for task 2 'sum2'
execution-manager  | [gRPC Channel Pool] Creating new channel for localhost:50052
execution-manager  | [gRPC Client Async] Calling task 'sum2' at localhost:50052
execution-manager  | [gRPC Client Async] Inputs: {"total_ops": 100, "io_percentage": 0}
execution-manager  | [SCHEDULER] ⏰ T=32311 ms | T_wall=635216507.088 ms: Launching task 3 'sum3' (deadline: 71000 ms)
execution-manager  | [SCHEDULER] 🕐 Timeout armed for task 3 at T=71000 ms (in 38689 ms)
execution-manager  | [GRPC THREAD 3] Starting...
execution-manager  | [EXECUTION MANAGER] ⏱️ T1=635216507.291 ms | Sending gRPC request for task 3 'sum3'
execution-manager  | [gRPC Channel Pool] Creating new channel for localhost:50053
execution-manager  | [gRPC Client Async] Calling task 'sum3' at localhost:50053
execution-manager  | [gRPC Client Async] Inputs: {"total_ops": 100, "io_percentage": 0}
execution-manager  | [SCHEDULER] ⏰ T=32312 ms | T_wall=635216508.422 ms: Launching task 4 'sum4' (deadline: 71000 ms)
execution-manager  | [SCHEDULER] 🕐 Timeout armed for task 4 at T=71000 ms (in 38688 ms)
execution-manager  | [GRPC THREAD 4] Starting...
execution-manager  | [EXECUTION MANAGER] ⏱️ T1=635216508.624 ms | Sending gRPC request for task 4 'sum4'
execution-manager  | [gRPC Channel Pool] Creating new channel for localhost:50054
execution-manager  | [gRPC Client Async] Calling task 'sum4' at localhost:50054
execution-manager  | [gRPC Client Async] Inputs: {"total_ops": 100, "io_percentage": 0}
execution-manager  | [gRPC Client Async] Response #1 - Status: COMPLETED
execution-manager  | 🎉 [T=32313 ms] Task 2 'sum2' COMPLETED
execution-manager  | [EXECUTION MANAGER] ⏱️ T2=635214221.958 ms | Thread started (server measured)
execution-manager  | [EXECUTION MANAGER] ⏱️ T3=635216506.828 ms | Task completed (server measured)
execution-manager  | [EXECUTION MANAGER] ⏱️ T4=635216509.871 ms | Result received by client
execution-manager  |    [TASK EXECUTION] 2284.870 ms (T3-T2, measured in thread)
execution-manager  |    [RESULT] {"result": 0}
execution-manager  | 
execution-manager  | ╔═══════════════════════════════════════════════════════════════╗
execution-manager  | ║           END-TO-END TIMING MEASUREMENT RECAP                 ║
execution-manager  | ║                   Task 2: sum2                                 
execution-manager  | ╠═══════════════════════════════════════════════════════════════╣
execution-manager  | ║ T1 (start_request)    = 635214197.123 ms                        ║
execution-manager  | ║ T2 (end_request)      = 635214221.958 ms                        ║
execution-manager  | ║ T3 (start_result)     = 635216506.828 ms                        ║
execution-manager  | ║ T4 (end_result)       = 635216509.871 ms                        ║
execution-manager  | ╠═══════════════════════════════════════════════════════════════╣
execution-manager  | ║ METRICS:                                                      ║
execution-manager  | ║   Request Latency    =       24.835 ms  (T2 - T1)            ║
execution-manager  | ║   Task Execution     =     2284.870 ms  (T3 - T2)            ║
execution-manager  | ║   Response Latency   =        3.043 ms  (T4 - T3)            ║
execution-manager  | ║   Total End-to-End   =     2312.749 ms  (T4 - T1)            ║
execution-manager  | ║   Network Overhead   =       27.878 ms  (Req + Resp)         ║
execution-manager  | ╚═══════════════════════════════════════════════════════════════╝
execution-manager  | 
execution-manager  | [gRPC Client Async] Stream completed, received 1 responses
execution-manager  | [GRPC THREAD 2] Completed
execution-manager  | [SCHEDULER] ✅ T=32314 ms: Task 2 'sum2' completed with status 2
execution-manager  | [SCHEDULER] 🔕 Timeout disarmed for task 2
execution-manager  | [SCHEDULER] 2 tasks remaining
execution-manager  | [gRPC Client Async] Response #1 - Status: COMPLETED
execution-manager  | 🎉 [T=34626 ms] Task 3 'sum3' COMPLETED
execution-manager  | [EXECUTION MANAGER] ⏱️ T2=635216535.443 ms | Thread started (server measured)
execution-manager  | [EXECUTION MANAGER] ⏱️ T3=635218821.358 ms | Task completed (server measured)
execution-manager  | [EXECUTION MANAGER] ⏱️ T4=635218822.066 ms | Result received by client
execution-manager  |    [TASK EXECUTION] 2285.914 ms (T3-T2, measured in thread)
execution-manager  |    [RESULT] {"result": 0}
execution-manager  | 
execution-manager  | ╔═══════════════════════════════════════════════════════════════╗
execution-manager  | ║           END-TO-END TIMING MEASUREMENT RECAP                 ║
execution-manager  | ║                   Task 3: sum3                                 
execution-manager  | ╠═══════════════════════════════════════════════════════════════╣
execution-manager  | ║ T1 (start_request)    = 635216507.291 ms                        ║
execution-manager  | ║ T2 (end_request)      = 635216535.443 ms                        ║
execution-manager  | ║ T3 (start_result)     = 635218821.358 ms                        ║
execution-manager  | ║ T4 (end_result)       = 635218822.066 ms                        ║
execution-manager  | ╠═══════════════════════════════════════════════════════════════╣
execution-manager  | ║ METRICS:                                                      ║
execution-manager  | ║   Request Latency    =       28.152 ms  (T2 - T1)            ║
execution-manager  | ║   Task Execution     =     2285.914 ms  (T3 - T2)            ║
execution-manager  | ║   Response Latency   =        0.708 ms  (T4 - T3)            ║
execution-manager  | ║   Total End-to-End   =     2314.775 ms  (T4 - T1)            ║
execution-manager  | ║   Network Overhead   =       28.861 ms  (Req + Resp)         ║
execution-manager  | ╚═══════════════════════════════════════════════════════════════╝
execution-manager  | 
execution-manager  | [SCHEDULER] ✅ T=34626 ms: Task 3 'sum3' completed with status 2
execution-manager  | [SCHEDULER] 🔕 Timeout disarmed for task 3
execution-manager  | [SCHEDULER] 1 tasks remaining
execution-manager  | [gRPC Client Async] Stream completed, received 1 responses
execution-manager  | [GRPC THREAD 3] Completed
execution-manager  | [gRPC Client Async] Response #1 - Status: COMPLETED
execution-manager  | 🎉 [T=36912 ms] Task 4 'sum4' COMPLETED
execution-manager  | [EXECUTION MANAGER] ⏱️ T2=635218821.456 ms | Thread started (server measured)
execution-manager  | [EXECUTION MANAGER] ⏱️ T3=635221107.645 ms | Task completed (server measured)
execution-manager  | [EXECUTION MANAGER] ⏱️ T4=635221108.629 ms | Result received by client
execution-manager  |    [TASK EXECUTION] 2286.189 ms (T3-T2, measured in thread)
execution-manager  |    [RESULT] {"result": 0}
execution-manager  | 
execution-manager  | ╔═══════════════════════════════════════════════════════════════╗
execution-manager  | ║           END-TO-END TIMING MEASUREMENT RECAP                 ║
execution-manager  | ║                   Task 4: sum4                                 
execution-manager  | ╠═══════════════════════════════════════════════════════════════╣
execution-manager  | ║ T1 (start_request)    = 635216508.624 ms                        ║
execution-manager  | ║ T2 (end_request)      = 635218821.456 ms                        ║
execution-manager  | ║ T3 (start_result)     = 635221107.645 ms                        ║
execution-manager  | ║ T4 (end_result)       = 635221108.629 ms                        ║
execution-manager  | ╠═══════════════════════════════════════════════════════════════╣
execution-manager  | ║ METRICS:                                                      ║
execution-manager  | [gRPC Client Async] RPC failed: Broken pipe
execution-manager  | ║   Request Latency    =     2312.832 ms  (T2 - T1)            ║
execution-manager  | ║   Task Execution     =     2286.189 ms  (T3 - T2)            ║
execution-manager  | ║   Response Latency   =        0.984 ms  (T4 - T3)            ║
execution-manager  | ║   Total End-to-End   =     4600.006 ms  (T4 - T1)            ║
execution-manager  | ║   Network Overhead   =     2313.816 ms  (Req + Resp)         ║
execution-manager  | ╚═══════════════════════════════════════════════════════════════╝
execution-manager  | 
execution-manager  | [gRPC Client Async] Stream completed, received 1 responses
execution-manager  | [GRPC THREAD 4] Completed
execution-manager  | [SCHEDULER] ✅ T=36912 ms: Task 4 'sum4' completed with status 2
execution-manager  | [SCHEDULER] 🔕 Timeout disarmed for task 4
execution-manager  | [SCHEDULER] 0 tasks remaining
execution-manager  | 
execution-manager  | [SCHEDULER] 🏁 Iteration 1/5 complete!
execution-manager  | [SCHEDULER] Iteration execution time: 36912 ms
execution-manager  | 
execution-manager  | 
execution-manager  | [SCHEDULER] 🔁 ===== ITERATION 2 / 5 =====
execution-manager  | 
execution-manager  | [SCHEDULER] 🚀 Schedule started at T=0
execution-manager  | 
execution-manager  | [SCHEDULER] 🔄 Entering event loop (NO SLEEP - event-driven!)
execution-manager  | 
execution-manager  | [SCHEDULER] ⏰ T=10000 ms | T_wall=635231109.137 ms: Launching task 1 'sum1' (deadline: 40000 ms)
execution-manager  | [SCHEDULER] 🕐 Timeout armed for task 1 at T=40000 ms (in 30000 ms)
execution-manager  | [GRPC THREAD 1] Starting...
execution-manager  | [EXECUTION MANAGER] ⏱️ T1=635231109.282 ms | Sending gRPC request for task 1 'sum1'
execution-manager  | [gRPC Channel Pool] Reusing existing channel for localhost:50051 (state=2)
execution-manager  | [gRPC Client Async] Calling task 'sum1' at localhost:50051
execution-manager  | [gRPC Client Async] Inputs: {"total_ops": 100, "io_percentage": 0}
execution-manager  | [gRPC Client Async] Response #1 - Status: COMPLETED
execution-manager  | 🎉 [T=12288 ms] Task 1 'sum1' COMPLETED
execution-manager  | [EXECUTION MANAGER] ⏱️ T2=635231110.353 ms | Thread started (server measured)
execution-manager  | [EXECUTION MANAGER] ⏱️ T3=635233396.833 ms | Task completed (server measured)
execution-manager  | [EXECUTION MANAGER] ⏱️ T4=635233397.660 ms | Result received by client
execution-manager  |    [TASK EXECUTION] 2286.481 ms (T3-T2, measured in thread)
execution-manager  |    [RESULT] {"result": 0}
execution-manager  | 
execution-manager  | ╔═══════════════════════════════════════════════════════════════╗
execution-manager  | ║           END-TO-END TIMING MEASUREMENT RECAP                 ║
execution-manager  | ║                   Task 1: sum1                                 
execution-manager  | ╠═══════════════════════════════════════════════════════════════╣
execution-manager  | ║ T1 (start_request)    = 635231109.282 ms                        ║
execution-manager  | ║ T2 (end_request)      = 635231110.353 ms                        ║
execution-manager  | ║ T3 (start_result)     = 635233396.833 ms                        ║
execution-manager  | ║ T4 (end_result)       = 635233397.660 ms                        ║
execution-manager  | ╠═══════════════════════════════════════════════════════════════╣
execution-manager  | ║ METRICS:                                                      ║
execution-manager  | ║   Request Latency    =        1.071 ms  (T2 - T1)            ║
execution-manager  | ║   Task Execution     =     2286.481 ms  (T3 - T2)            ║
execution-manager  | ║   Response Latency   =        0.827 ms  (T4 - T3)            ║
execution-manager  | ║   Total End-to-End   =     2288.379 ms  (T4 - T1)            ║
execution-manager  | ║   Network Overhead   =        1.898 ms  (Req + Resp)         ║
execution-manager  | ╚═══════════════════════════════════════════════════════════════╝
execution-manager  | 
execution-manager  | [gRPC Client Async] Stream completed, received 1 responses
execution-manager  | [GRPC THREAD 1] Completed
execution-manager  | [SCHEDULER] ✅ T=12289 ms: Task 1 'sum1' completed with status 2
execution-manager  | [SCHEDULER] 🔕 Timeout disarmed for task 1
execution-manager  | [SCHEDULER] 3 tasks remaining
execution-manager  | [SCHEDULER] ⏰ T=30000 ms | T_wall=635251109.171 ms: Launching task 2 'sum2' (deadline: 70000 ms)
execution-manager  | [SCHEDULER] 🕐 Timeout armed for task 2 at T=70000 ms (in 40000 ms)
execution-manager  | [GRPC THREAD 2] Starting...
execution-manager  | [EXECUTION MANAGER] ⏱️ T1=635251109.331 ms | Sending gRPC request for task 2 'sum2'
execution-manager  | [gRPC Channel Pool] Reusing existing channel for localhost:50052 (state=2)
execution-manager  | [gRPC Client Async] Calling task 'sum2' at localhost:50052
execution-manager  | [gRPC Client Async] Inputs: {"total_ops": 100, "io_percentage": 0}
execution-manager  | [gRPC Channel Pool] Evicted broken channel for localhost:50052
execution-manager  | ❌ [T=30002 ms] Task 2 'sum2' ERROR: Broken pipe
execution-manager  | [GRPC THREAD 2] Completed
execution-manager  | [SCHEDULER] ✅ T=30003 ms: Task 2 'sum2' completed with status 4
execution-manager  | [SCHEDULER] 2 tasks remaining
execution-manager  | [SCHEDULER] ⏰ T=31000 ms | T_wall=635252109.198 ms: Launching task 3 'sum3' (deadline: 71000 ms)
execution-manager  | [SCHEDULER] 🕐 Timeout armed for task 3 at T=71000 ms (in 40000 ms)
execution-manager  | [GRPC THREAD 3] Starting...
execution-manager  | [EXECUTION MANAGER] ⏱️ T1=635252109.336 ms | Sending gRPC request for task 3 'sum3'
execution-manager  | [gRPC Channel Pool] Reusing existing channel for localhost:50053 (state=2)
execution-manager  | [gRPC Client Async] Calling task 'sum3' at localhost:50053
execution-manager  | [gRPC Client Async] Inputs: {"total_ops": 100, "io_percentage": 0}
execution-manager  | [gRPC Client Async] RPC failed: Socket closed
execution-manager  | [gRPC Channel Pool] Evicted broken channel for localhost:50053
execution-manager  | ❌ [T=31003 ms] Task 3 'sum3' ERROR: Socket closed
execution-manager  | [GRPC THREAD 3] Completed
execution-manager  | [SCHEDULER] ✅ T=31003 ms: Task 3 'sum3' completed with status 4
execution-manager  | [SCHEDULER] 1 tasks remaining
execution-manager  | [SCHEDULER] ⏰ T=31003 ms | T_wall=635252112.803 ms: Launching task 4 'sum4' (deadline: 71000 ms)
execution-manager  | [SCHEDULER] 🕐 Timeout armed for task 4 at T=71000 ms (in 39997 ms)
execution-manager  | [GRPC THREAD 4] Starting...
execution-manager  | [EXECUTION MANAGER] ⏱️ T1=635252112.926 ms | Sending gRPC request for task 4 'sum4'
execution-manager  | [gRPC Channel Pool] Reusing existing channel for localhost:50054 (state=2)
execution-manager  | [gRPC Client Async] Calling task 'sum4' at localhost:50054
execution-manager  | [gRPC Client Async] Inputs: {"total_ops": 100, "io_percentage": 0}
execution-manager  | [gRPC Client Async] Response #1 - Status: COMPLETED
execution-manager  | 🎉 [T=33291 ms] Task 4 'sum4' COMPLETED
execution-manager  | [EXECUTION MANAGER] ⏱️ T2=635252113.969 ms | Thread started (server measured)
execution-manager  | [EXECUTION MANAGER] ⏱️ T3=635254400.094 ms | Task completed (server measured)
execution-manager  | [EXECUTION MANAGER] ⏱️ T4=635254400.817 ms | Result received by client
execution-manager  |    [TASK EXECUTION] 2286.125 ms (T3-T2, measured in thread)
execution-manager  |    [RESULT] {"result": 0}
execution-manager  | 
execution-manager  | ╔═══════════════════════════════════════════════════════════════╗
execution-manager  | ║           END-TO-END TIMING MEASUREMENT RECAP                 ║
execution-manager  | ║                   Task 4: sum4                                 
execution-manager  | ╠═══════════════════════════════════════════════════════════════╣
execution-manager  | ║ T1 (start_request)    = 635252112.926 ms                        ║
execution-manager  | ║ T2 (end_request)      = 635252113.969 ms                        ║
execution-manager  | ║ T3 (start_result)     = 635254400.094 ms                        ║
execution-manager  | ║ T4 (end_result)       = 635254400.817 ms                        ║
execution-manager  | ╠═══════════════════════════════════════════════════════════════╣
execution-manager  | ║ METRICS:                                                      ║
execution-manager  | ║   Request Latency    =        1.042 ms  (T2 - T1)            ║
execution-manager  | ║   Task Execution     =     2286.125 ms  (T3 - T2)            ║
execution-manager  | ║   Response Latency   =        0.724 ms  (T4 - T3)            ║
execution-manager  | ║   Total End-to-End   =     2287.891 ms  (T4 - T1)            ║
execution-manager  | ║   Network Overhead   =        1.766 ms  (Req + Resp)         ║
execution-manager  | ╚═══════════════════════════════════════════════════════════════╝
execution-manager  | 
execution-manager  | [gRPC Client Async] Stream completed, received 1 responses
execution-manager  | [GRPC THREAD 4] Completed
execution-manager  | [SCHEDULER] ✅ T=33292 ms: Task 4 'sum4' completed with status 2
execution-manager  | [SCHEDULER] 🔕 Timeout disarmed for task 4
execution-manager  | [SCHEDULER] 0 tasks remaining
execution-manager  | 
execution-manager  | [SCHEDULER] 🏁 Iteration 2/5 complete!
execution-manager  | [SCHEDULER] Iteration execution time: 33292 ms
execution-manager  | 
execution-manager  | 
execution-manager  | [SCHEDULER] 🔁 ===== ITERATION 3 / 5 =====
execution-manager  | 
execution-manager  | [SCHEDULER] 🚀 Schedule started at T=0
execution-manager  | 
execution-manager  | [SCHEDULER] 🔄 Entering event loop (NO SLEEP - event-driven!)
execution-manager  | 
execution-manager  | [SCHEDULER] ⏰ T=10000 ms | T_wall=635264401.333 ms: Launching task 1 'sum1' (deadline: 40000 ms)
execution-manager  | [SCHEDULER] 🕐 Timeout armed for task 1 at T=40000 ms (in 30000 ms)
execution-manager  | [GRPC THREAD 1] Starting...
execution-manager  | [EXECUTION MANAGER] ⏱️ T1=635264401.471 ms | Sending gRPC request for task 1 'sum1'
execution-manager  | [gRPC Channel Pool] Reusing existing channel for localhost:50051 (state=0)
execution-manager  | [gRPC Client Async] Calling task 'sum1' at localhost:50051
execution-manager  | [gRPC Client Async] Inputs: {"total_ops": 100, "io_percentage": 0}
execution-manager  | [gRPC Client Async] Response #1 - Status: COMPLETED
execution-manager  | 🎉 [T=12290 ms] Task 1 'sum1' COMPLETED
execution-manager  | [EXECUTION MANAGER] ⏱️ T2=635264404.814 ms | Thread started (server measured)
execution-manager  | [EXECUTION MANAGER] ⏱️ T3=635266690.827 ms | Task completed (server measured)
execution-manager  | [EXECUTION MANAGER] ⏱️ T4=635266691.798 ms | Result received by client
execution-manager  |    [TASK EXECUTION] 2286.013 ms (T3-T2, measured in thread)
execution-manager  |    [RESULT] {"result": 0}
execution-manager  | 
execution-manager  | ╔═══════════════════════════════════════════════════════════════╗
execution-manager  | ║           END-TO-END TIMING MEASUREMENT RECAP                 ║
execution-manager  | ║                   Task 1: sum1                                 
execution-manager  | ╠═══════════════════════════════════════════════════════════════╣
execution-manager  | ║ T1 (start_request)    = 635264401.471 ms                        ║
execution-manager  | ║ T2 (end_request)      = 635264404.814 ms                        ║
execution-manager  | ║ T3 (start_result)     = 635266690.827 ms                        ║
execution-manager  | ║ T4 (end_result)       = 635266691.798 ms                        ║
execution-manager  | ╠═══════════════════════════════════════════════════════════════╣
execution-manager  | ║ METRICS:                                                      ║
execution-manager  | ║   Request Latency    =        3.344 ms  (T2 - T1)            ║
execution-manager  | ║   Task Execution     =     2286.013 ms  (T3 - T2)            ║
execution-manager  | ║   Response Latency   =        0.971 ms  (T4 - T3)            ║
execution-manager  | ║   Total End-to-End   =     2290.328 ms  (T4 - T1)            ║
execution-manager  | ║   Network Overhead   =        4.315 ms  (Req + Resp)         ║
execution-manager  | ╚═══════════════════════════════════════════════════════════════╝
execution-manager  | 
execution-manager  | [gRPC Client Async] Stream completed, received 1 responses
execution-manager  | [GRPC THREAD 1] Completed
execution-manager  | [SCHEDULER] ✅ T=12291 ms: Task 1 'sum1' completed with status 2
execution-manager  | [SCHEDULER] 🔕 Timeout disarmed for task 1
execution-manager  | [SCHEDULER] 3 tasks remaining
execution-manager  | [SCHEDULER] ⏰ T=30000 ms | T_wall=635284401.363 ms: Launching task 2 'sum2' (deadline: 70000 ms)
execution-manager  | [SCHEDULER] 🕐 Timeout armed for task 2 at T=70000 ms (in 40000 ms)
execution-manager  | [GRPC THREAD 2] Starting...
execution-manager  | [EXECUTION MANAGER] ⏱️ T1=635284401.485 ms | Sending gRPC request for task 2 'sum2'
execution-manager  | [gRPC Channel Pool] Creating new channel for localhost:50052
execution-manager  | [gRPC Client Async] Calling task 'sum2' at localhost:50052
execution-manager  | [gRPC Client Async] Inputs: {"total_ops": 100, "io_percentage": 0}
execution-manager  | [SCHEDULER] ⏰ T=32290 ms | T_wall=635286691.525 ms: Launching task 3 'sum3' (deadline: 71000 ms)
execution-manager  | [SCHEDULER] 🕐 Timeout armed for task 3 at T=71000 ms (in 38710 ms)
execution-manager  | [SCHEDULER] ⏰ T=32290 ms | T_wall=635286691.655 ms: Launching task 4 'sum4' (deadline: 71000 ms)
execution-manager  | [SCHEDULER] 🕐 Timeout armed for task 4 at T=71000 ms (in 38710 ms)
execution-manager  | [gRPC Client Async] Response #1 - Status: COMPLETED
execution-manager  | 🎉 [T=32291 ms] Task 2 'sum2' COMPLETED
execution-manager  | [EXECUTION MANAGER] ⏱️ T2=635284405.355 ms | Thread started (server measured)
execution-manager  | [EXECUTION MANAGER] ⏱️ T3=635286691.165 ms | Task completed (server measured)
execution-manager  | [EXECUTION MANAGER] ⏱️ T4=635286692.021 ms | Result received by client
execution-manager  |    [TASK EXECUTION] 2285.810 ms (T3-T2, measured in thread)
execution-manager  |    [RESULT] {"result": 0}
execution-manager  | 
execution-manager  | ╔═══════════════════════════════════════════════════════════════╗
execution-manager  | ║           END-TO-END TIMING MEASUREMENT RECAP                 ║
execution-manager  | ║                   Task 2: sum2                                 
execution-manager  | ╠═══════════════════════════════════════════════════════════════╣
execution-manager  | ║ T1 (start_request)    = 635284401.485 ms                        ║
execution-manager  | ║ T2 (end_request)      = 635284405.355 ms                        ║
execution-manager  | ║ T3 (start_result)     = 635286691.165 ms                        ║
execution-manager  | ║ T4 (end_result)       = 635286692.021 ms                        ║
execution-manager  | ╠═══════════════════════════════════════════════════════════════╣
execution-manager  | ║ METRICS:                                                      ║
execution-manager  | ║   Request Latency    =        3.871 ms  (T2 - T1)            ║
execution-manager  | ║   Task Execution     =     2285.810 ms  (T3 - T2)            ║
execution-manager  | ║   Response Latency   =        0.855 ms  (T4 - T3)            ║
execution-manager  | ║   Total End-to-End   =     2290.536 ms  (T4 - T1)            ║
execution-manager  | ║   Network Overhead   =        4.726 ms  (Req + Resp)         ║
execution-manager  | ╚═══════════════════════════════════════════════════════════════╝
execution-manager  | 
execution-manager  | [gRPC Client Async] Stream completed, received 1 responses
execution-manager  | [GRPC THREAD 2] Completed
execution-manager  | [GRPC THREAD 3] Starting...
execution-manager  | [EXECUTION MANAGER] ⏱️ T1=635286692.366 ms | Sending gRPC request for task 3 'sum3'
execution-manager  | [gRPC Channel Pool] Creating new channel for localhost:50053
execution-manager  | [gRPC Client Async] Calling task 'sum3' at localhost:50053
execution-manager  | [gRPC Client Async] Inputs: {"total_ops": 100, "io_percentage": 0}
execution-manager  | [GRPC THREAD 4] Starting...
execution-manager  | [EXECUTION MANAGER] ⏱️ T1=635286694.689 ms | Sending gRPC request for task 4 'sum4'
execution-manager  | [gRPC Channel Pool] Reusing existing channel for localhost:50054 (state=2)
execution-manager  | [gRPC Client Async] Calling task 'sum4' at localhost:50054
execution-manager  | [gRPC Client Async] Inputs: {"total_ops": 100, "io_percentage": 0}
execution-manager  | [SCHEDULER] ✅ T=32294 ms: Task 2 'sum2' completed with status 2
execution-manager  | [SCHEDULER] 🔕 Timeout disarmed for task 2
execution-manager  | [SCHEDULER] 2 tasks remaining
execution-manager  | [gRPC Client Async] Response #1 - Status: COMPLETED
execution-manager  | 🎉 [T=34583 ms] Task 3 'sum3' COMPLETED
execution-manager  | [EXECUTION MANAGER] ⏱️ T2=635286696.735 ms | Thread started (server measured)
execution-manager  | [EXECUTION MANAGER] ⏱️ T3=635288983.639 ms | Task completed (server measured)
execution-manager  | [EXECUTION MANAGER] ⏱️ T4=635288984.311 ms | Result received by client
execution-manager  |    [TASK EXECUTION] 2286.905 ms (T3-T2, measured in thread)
execution-manager  |    [RESULT] {"result": 0}
execution-manager  | 
execution-manager  | ╔═══════════════════════════════════════════════════════════════╗
execution-manager  | ║           END-TO-END TIMING MEASUREMENT RECAP                 ║
execution-manager  | ║                   Task 3: sum3                                 
execution-manager  | ╠═══════════════════════════════════════════════════════════════╣
execution-manager  | ║ T1 (start_request)    = 635286692.366 ms                        ║
execution-manager  | ║ T2 (end_request)      = 635286696.735 ms                        ║
execution-manager  | ║ T3 (start_result)     = 635288983.639 ms                        ║
execution-manager  | ║ T4 (end_result)       = 635288984.311 ms                        ║
execution-manager  | ╠═══════════════════════════════════════════════════════════════╣
execution-manager  | ║ METRICS:                                                      ║
execution-manager  | ║   Request Latency    =        4.368 ms  (T2 - T1)            ║
execution-manager  | ║   Task Execution     =     2286.905 ms  (T3 - T2)            ║
execution-manager  | ║   Response Latency   =        0.672 ms  (T4 - T3)            ║
execution-manager  | ║   Total End-to-End   =     2291.945 ms  (T4 - T1)            ║
execution-manager  | ║   Network Overhead   =        5.040 ms  (Req + Resp)         ║
execution-manager  | ╚═══════════════════════════════════════════════════════════════╝
execution-manager  | 
execution-manager  | [SCHEDULER] ✅ T=34583 ms: Task 3 'sum3' completed with status 2
execution-manager  | [SCHEDULER] 🔕 Timeout disarmed for task 3
execution-manager  | [SCHEDULER] 1 tasks remaining
execution-manager  | [gRPC Client Async] Stream completed, received 1 responses
execution-manager  | [GRPC THREAD 3] Completed
execution-manager  | [gRPC Client Async] Response #1 - Status: COMPLETED
execution-manager  | 🎉 [T=36870 ms] Task 4 'sum4' COMPLETED
execution-manager  | [EXECUTION MANAGER] ⏱️ T2=635286696.382 ms | Thread started (server measured)
execution-manager  | [EXECUTION MANAGER] ⏱️ T3=635291271.109 ms | Task completed (server measured)
execution-manager  | [EXECUTION MANAGER] ⏱️ T4=635291271.756 ms | Result received by client
execution-manager  |    [TASK EXECUTION] 4574.727 ms (T3-T2, measured in thread)
execution-manager  |    [RESULT] {"result": 0}
execution-manager  | 
execution-manager  | ╔═══════════════════════════════════════════════════════════════╗
execution-manager  | ║           END-TO-END TIMING MEASUREMENT RECAP                 ║
execution-manager  | ║                   Task 4: sum4                                 
execution-manager  | ╠═══════════════════════════════════════════════════════════════╣
execution-manager  | ║ T1 (start_request)    = 635286694.689 ms                        ║
execution-manager  | ║ T2 (end_request)      = 635286696.382 ms                        ║
execution-manager  | ║ T3 (start_result)     = 635291271.109 ms                        ║
execution-manager  | ║ T4 (end_result)       = 635291271.756 ms                        ║
execution-manager  | ╠═══════════════════════════════════════════════════════════════╣
execution-manager  | ║ METRICS:                                                      ║
execution-manager  | ║   Request Latency    =        1.693 ms  (T2 - T1)            ║
execution-manager  | ║   Task Execution     =     4574.727 ms  (T3 - T2)            ║
execution-manager  | ║   Response Latency   =        0.647 ms  (T4 - T3)            ║
execution-manager  | ║   Total End-to-End   =     4577.067 ms  (T4 - T1)            ║
execution-manager  | ║   Network Overhead   =        2.339 ms  (Req + Resp)         ║
execution-manager  | ╚═══════════════════════════════════════════════════════════════╝
execution-manager  | 
execution-manager  | [gRPC Client Async] Stream completed, received 1 responses
execution-manager  | [GRPC THREAD 4] Completed
execution-manager  | [SCHEDULER] ✅ T=36871 ms: Task 4 'sum4' completed with status 2
execution-manager  | [SCHEDULER] 🔕 Timeout disarmed for task 4
execution-manager  | [SCHEDULER] 0 tasks remaining
execution-manager  | 
execution-manager  | [SCHEDULER] 🏁 Iteration 3/5 complete!
execution-manager  | [SCHEDULER] Iteration execution time: 36871 ms
execution-manager  | 
execution-manager  | 
execution-manager  | [SCHEDULER] 🔁 ===== ITERATION 4 / 5 =====
execution-manager  | 
execution-manager  | [SCHEDULER] 🚀 Schedule started at T=0
execution-manager  | 
execution-manager  | [SCHEDULER] 🔄 Entering event loop (NO SLEEP - event-driven!)
execution-manager  | 
execution-manager  | [SCHEDULER] ⏰ T=10000 ms | T_wall=635301272.243 ms: Launching task 1 'sum1' (deadline: 40000 ms)
execution-manager  | [SCHEDULER] 🕐 Timeout armed for task 1 at T=40000 ms (in 30000 ms)
execution-manager  | [GRPC THREAD 1] Starting...
execution-manager  | [EXECUTION MANAGER] ⏱️ T1=635301272.376 ms | Sending gRPC request for task 1 'sum1'
execution-manager  | [gRPC Channel Pool] Reusing existing channel for localhost:50051 (state=0)
execution-manager  | [gRPC Client Async] Calling task 'sum1' at localhost:50051
execution-manager  | [gRPC Client Async] Inputs: {"total_ops": 100, "io_percentage": 0}
execution-manager  | [gRPC Client Async] Response #1 - Status: COMPLETED
execution-manager  | 🎉 [T=12290 ms] Task 1 'sum1' COMPLETED
execution-manager  | [EXECUTION MANAGER] ⏱️ T2=635301275.430 ms | Thread started (server measured)
execution-manager  | [EXECUTION MANAGER] ⏱️ T3=635303561.779 ms | Task completed (server measured)
execution-manager  | [EXECUTION MANAGER] ⏱️ T4=635303562.394 ms | Result received by client
execution-manager  |    [TASK EXECUTION] 2286.349 ms (T3-T2, measured in thread)
execution-manager  |    [RESULT] {"result": 0}
execution-manager  | 
execution-manager  | ╔═══════════════════════════════════════════════════════════════╗
execution-manager  | ║           END-TO-END TIMING MEASUREMENT RECAP                 ║
execution-manager  | ║                   Task 1: sum1                                 
execution-manager  | ╠═══════════════════════════════════════════════════════════════╣
execution-manager  | ║ T1 (start_request)    = 635301272.376 ms                        ║
execution-manager  | ║ T2 (end_request)      = 635301275.430 ms                        ║
execution-manager  | ║ T3 (start_result)     = 635303561.779 ms                        ║
execution-manager  | ║ T4 (end_result)       = 635303562.394 ms                        ║
execution-manager  | ╠═══════════════════════════════════════════════════════════════╣
execution-manager  | ║ METRICS:                                                      ║
execution-manager  | ║   Request Latency    =        3.054 ms  (T2 - T1)            ║
execution-manager  | ║   Task Execution     =     2286.349 ms  (T3 - T2)            ║
execution-manager  | ║   Response Latency   =        0.615 ms  (T4 - T3)            ║
execution-manager  | ║   Total End-to-End   =     2290.018 ms  (T4 - T1)            ║
execution-manager  | ║   Network Overhead   =        3.669 ms  (Req + Resp)         ║
execution-manager  | ╚═══════════════════════════════════════════════════════════════╝
execution-manager  | 
execution-manager  | [gRPC Client Async] Stream completed, received 1 responses
execution-manager  | [GRPC THREAD 1] Completed
execution-manager  | [SCHEDULER] ✅ T=12290 ms: Task 1 'sum1' completed with status 2
execution-manager  | [SCHEDULER] 🔕 Timeout disarmed for task 1
execution-manager  | [SCHEDULER] 3 tasks remaining
execution-manager  | [SCHEDULER] ⏰ T=30000 ms | T_wall=635321272.285 ms: Launching task 2 'sum2' (deadline: 70000 ms)
execution-manager  | [SCHEDULER] 🕐 Timeout armed for task 2 at T=70000 ms (in 40000 ms)
execution-manager  | [GRPC THREAD 2] Starting...
execution-manager  | [EXECUTION MANAGER] ⏱️ T1=635321272.437 ms | Sending gRPC request for task 2 'sum2'
execution-manager  | [gRPC Channel Pool] Reusing existing channel for localhost:50052 (state=0)
execution-manager  | [gRPC Client Async] Calling task 'sum2' at localhost:50052
execution-manager  | [gRPC Client Async] Inputs: {"total_ops": 100, "io_percentage": 0}
execution-manager  | [gRPC Client Async] Response #1 - Status: COMPLETED
execution-manager  | 🎉 [T=32293 ms] Task 2 'sum2' COMPLETED
execution-manager  | [EXECUTION MANAGER] ⏱️ T2=635321276.765 ms | Thread started (server measured)
execution-manager  | [EXECUTION MANAGER] ⏱️ T3=635323563.139 ms | Task completed (server measured)
execution-manager  | [EXECUTION MANAGER] ⏱️ T4=635323565.052 ms | Result received by client
execution-manager  |    [TASK EXECUTION] 2286.374 ms (T3-T2, measured in thread)
execution-manager  |    [RESULT] {"result": 0}
execution-manager  | 
execution-manager  | ╔═══════════════════════════════════════════════════════════════╗
execution-manager  | ║           END-TO-END TIMING MEASUREMENT RECAP                 ║
execution-manager  | ║                   Task 2: sum2                                 
execution-manager  | ╠═══════════════════════════════════════════════════════════════╣
execution-manager  | ║ T1 (start_request)    = 635321272.437 ms                        ║
execution-manager  | ║ T2 (end_request)      = 635321276.765 ms                        ║
execution-manager  | ║ T3 (start_result)     = 635323563.139 ms                        ║
execution-manager  | ║ T4 (end_result)       = 635323565.052 ms                        ║
execution-manager  | ╠═══════════════════════════════════════════════════════════════╣
execution-manager  | ║ METRICS:                                                      ║
execution-manager  | ║   Request Latency    =        4.329 ms  (T2 - T1)            ║
execution-manager  | ║   Task Execution     =     2286.374 ms  (T3 - T2)            ║
execution-manager  | ║   Response Latency   =        1.913 ms  (T4 - T3)            ║
execution-manager  | ║   Total End-to-End   =     2292.615 ms  (T4 - T1)            ║
execution-manager  | ║   Network Overhead   =        6.242 ms  (Req + Resp)         ║
execution-manager  | ╚═══════════════════════════════════════════════════════════════╝
execution-manager  | 
execution-manager  | [gRPC Client Async] Stream completed, received 1 responses
execution-manager  | [GRPC THREAD 2] Completed
execution-manager  | [SCHEDULER] ✅ T=32293 ms: Task 2 'sum2' completed with status 2
execution-manager  | [SCHEDULER] 🔕 Timeout disarmed for task 2
execution-manager  | [SCHEDULER] 2 tasks remaining
execution-manager  | [SCHEDULER] ⏰ T=32294 ms | T_wall=635323566.053 ms: Launching task 3 'sum3' (deadline: 71000 ms)
execution-manager  | [SCHEDULER] 🕐 Timeout armed for task 3 at T=71000 ms (in 38706 ms)
execution-manager  | [GRPC THREAD 3] Starting...
execution-manager  | [EXECUTION MANAGER] ⏱️ T1=635323566.178 ms | Sending gRPC request for task 3 'sum3'
execution-manager  | [gRPC Channel Pool] Reusing existing channel for localhost:50053 (state=0)
execution-manager  | [gRPC Client Async] Calling task 'sum3' at localhost:50053
execution-manager  | [gRPC Client Async] Inputs: {"total_ops": 100, "io_percentage": 0}
execution-manager  | [SCHEDULER] ⏰ T=32295 ms | T_wall=635323567.017 ms: Launching task 4 'sum4' (deadline: 71000 ms)
execution-manager  | [SCHEDULER] 🕐 Timeout armed for task 4 at T=71000 ms (in 38705 ms)
execution-manager  | [GRPC THREAD 4] Starting...
execution-manager  | [EXECUTION MANAGER] ⏱️ T1=635323567.655 ms | Sending gRPC request for task 4 'sum4'
execution-manager  | [gRPC Channel Pool] Reusing existing channel for localhost:50054 (state=2)
execution-manager  | [gRPC Client Async] Calling task 'sum4' at localhost:50054
execution-manager  | [gRPC Client Async] Inputs: {"total_ops": 100, "io_percentage": 0}
execution-manager  | [gRPC Client Async] Response #1 - Status: COMPLETED
execution-manager  | 🎉 [T=34585 ms] Task 3 'sum3' COMPLETED
execution-manager  | [EXECUTION MANAGER] ⏱️ T2=635323569.835 ms | Thread started (server measured)
execution-manager  | [EXECUTION MANAGER] ⏱️ T3=635325857.057 ms | Task completed (server measured)
execution-manager  | [EXECUTION MANAGER] ⏱️ T4=635325857.693 ms | Result received by client
execution-manager  |    [TASK EXECUTION] 2287.222 ms (T3-T2, measured in thread)
execution-manager  |    [RESULT] {"result": 0}
execution-manager  | 
execution-manager  | ╔═══════════════════════════════════════════════════════════════╗
execution-manager  | ║           END-TO-END TIMING MEASUREMENT RECAP                 ║
execution-manager  | ║                   Task 3: sum3                                 
execution-manager  | ╠═══════════════════════════════════════════════════════════════╣
execution-manager  | ║ T1 (start_request)    = 635323566.178 ms                        ║
execution-manager  | ║ T2 (end_request)      = 635323569.835 ms                        ║
execution-manager  | ║ T3 (start_result)     = 635325857.057 ms                        ║
execution-manager  | ║ T4 (end_result)       = 635325857.693 ms                        ║
execution-manager  | ╠═══════════════════════════════════════════════════════════════╣
execution-manager  | ║ METRICS:                                                      ║
execution-manager  | ║   Request Latency    =        3.656 ms  (T2 - T1)            ║
execution-manager  | ║   Task Execution     =     2287.222 ms  (T3 - T2)            ║
execution-manager  | ║   Response Latency   =        0.636 ms  (T4 - T3)            ║
execution-manager  | ║   Total End-to-End   =     2291.514 ms  (T4 - T1)            ║
execution-manager  | ║   Network Overhead   =        4.292 ms  (Req + Resp)         ║
execution-manager  | ╚═══════════════════════════════════════════════════════════════╝
execution-manager  | 
execution-manager  | [SCHEDULER] ✅ T=34585 ms: Task 3 'sum3' completed with status 2
execution-manager  | [SCHEDULER] 🔕 Timeout disarmed for task 3
execution-manager  | [SCHEDULER] 1 tasks remaining
execution-manager  | [gRPC Client Async] Stream completed, received 1 responses
execution-manager  | [GRPC THREAD 3] Completed
execution-manager  | [gRPC Client Async] Response #1 - Status: COMPLETED
execution-manager  | 🎉 [T=36873 ms] Task 4 'sum4' COMPLETED
execution-manager  | [EXECUTION MANAGER] ⏱️ T2=635323569.441 ms | Thread started (server measured)
execution-manager  | [EXECUTION MANAGER] ⏱️ T3=635328144.309 ms | Task completed (server measured)
execution-manager  | [EXECUTION MANAGER] ⏱️ T4=635328145.343 ms | Result received by client
execution-manager  |    [TASK EXECUTION] 4574.868 ms (T3-T2, measured in thread)
execution-manager  |    [RESULT] {"result": 0}
execution-manager  | 
execution-manager  | ╔═══════════════════════════════════════════════════════════════╗
execution-manager  | ║           END-TO-END TIMING MEASUREMENT RECAP                 ║
execution-manager  | ║                   Task 4: sum4                                 
execution-manager  | ╠═══════════════════════════════════════════════════════════════╣
execution-manager  | ║ T1 (start_request)    = 635323567.655 ms                        ║
execution-manager  | ║ T2 (end_request)      = 635323569.441 ms                        ║
execution-manager  | ║ T3 (start_result)     = 635328144.309 ms                        ║
execution-manager  | ║ T4 (end_result)       = 635328145.343 ms                        ║
execution-manager  | ╠═══════════════════════════════════════════════════════════════╣
execution-manager  | ║ METRICS:                                                      ║
execution-manager  | ║   Request Latency    =        1.786 ms  (T2 - T1)            ║
execution-manager  | ║   Task Execution     =     4574.868 ms  (T3 - T2)            ║
execution-manager  | ║   Response Latency   =        1.034 ms  (T4 - T3)            ║
execution-manager  | ║   Total End-to-End   =     4577.688 ms  (T4 - T1)            ║
execution-manager  | ║   Network Overhead   =        2.820 ms  (Req + Resp)         ║
execution-manager  | ╚═══════════════════════════════════════════════════════════════╝
execution-manager  | 
execution-manager  | [gRPC Client Async] Stream completed, received 1 responses
execution-manager  | [GRPC THREAD 4] Completed
execution-manager  | [SCHEDULER] ✅ T=36873 ms: Task 4 'sum4' completed with status 2
execution-manager  | [SCHEDULER] 🔕 Timeout disarmed for task 4
execution-manager  | [SCHEDULER] 0 tasks remaining
execution-manager  | 
execution-manager  | [SCHEDULER] 🏁 Iteration 4/5 complete!
execution-manager  | [SCHEDULER] Iteration execution time: 36873 ms
execution-manager  | 
execution-manager  | 
execution-manager  | [SCHEDULER] 🔁 ===== ITERATION 5 / 5 =====
execution-manager  | 
execution-manager  | [SCHEDULER] 🚀 Schedule started at T=0
execution-manager  | 
execution-manager  | [SCHEDULER] 🔄 Entering event loop (NO SLEEP - event-driven!)
execution-manager  | 
execution-manager  | [SCHEDULER] ⏰ T=10000 ms | T_wall=635338145.934 ms: Launching task 1 'sum1' (deadline: 40000 ms)
execution-manager  | [SCHEDULER] 🕐 Timeout armed for task 1 at T=40000 ms (in 29999 ms)
execution-manager  | [GRPC THREAD 1] Starting...
execution-manager  | [EXECUTION MANAGER] ⏱️ T1=635338146.076 ms | Sending gRPC request for task 1 'sum1'
execution-manager  | [gRPC Channel Pool] Reusing existing channel for localhost:50051 (state=0)
execution-manager  | [gRPC Client Async] Calling task 'sum1' at localhost:50051
execution-manager  | [gRPC Client Async] Inputs: {"total_ops": 100, "io_percentage": 0}
execution-manager  | [gRPC Client Async] Response #1 - Status: COMPLETED
execution-manager  | 🎉 [T=12292 ms] Task 1 'sum1' COMPLETED
execution-manager  | [EXECUTION MANAGER] ⏱️ T2=635338149.738 ms | Thread started (server measured)
execution-manager  | [EXECUTION MANAGER] ⏱️ T3=635340436.843 ms | Task completed (server measured)
execution-manager  | [EXECUTION MANAGER] ⏱️ T4=635340437.593 ms | Result received by client
execution-manager  |    [TASK EXECUTION] 2287.105 ms (T3-T2, measured in thread)
execution-manager  |    [RESULT] {"result": 0}
execution-manager  | 
execution-manager  | ╔═══════════════════════════════════════════════════════════════╗
execution-manager  | ║           END-TO-END TIMING MEASUREMENT RECAP                 ║
execution-manager  | ║                   Task 1: sum1                                 
execution-manager  | ╠═══════════════════════════════════════════════════════════════╣
execution-manager  | ║ T1 (start_request)    = 635338146.076 ms                        ║
execution-manager  | ║ T2 (end_request)      = 635338149.738 ms                        ║
execution-manager  | ║ T3 (start_result)     = 635340436.843 ms                        ║
execution-manager  | ║ T4 (end_result)       = 635340437.593 ms                        ║
execution-manager  | ╠═══════════════════════════════════════════════════════════════╣
execution-manager  | ║ METRICS:                                                      ║
execution-manager  | ║   Request Latency    =        3.662 ms  (T2 - T1)            ║
execution-manager  | ║   Task Execution     =     2287.105 ms  (T3 - T2)            ║
execution-manager  | ║   Response Latency   =        0.750 ms  (T4 - T3)            ║
execution-manager  | ║   Total End-to-End   =     2291.517 ms  (T4 - T1)            ║
execution-manager  | ║   Network Overhead   =        4.412 ms  (Req + Resp)         ║
execution-manager  | ╚═══════════════════════════════════════════════════════════════╝
execution-manager  | 
execution-manager  | [gRPC Client Async] Stream completed, received 1 responses
execution-manager  | [GRPC THREAD 1] Completed
execution-manager  | [SCHEDULER] ✅ T=12293 ms: Task 1 'sum1' completed with status 2
execution-manager  | [SCHEDULER] 🔕 Timeout disarmed for task 1
execution-manager  | [SCHEDULER] 3 tasks remaining
execution-manager  | [SCHEDULER] ⏰ T=30000 ms | T_wall=635358145.965 ms: Launching task 2 'sum2' (deadline: 70000 ms)
execution-manager  | [gRPC Client Async] RPC failed: Broken pipe
execution-manager  | [SCHEDULER] 🕐 Timeout armed for task 2 at T=70000 ms (in 39999 ms)
execution-manager  | [GRPC THREAD 2] Starting...
execution-manager  | [EXECUTION MANAGER] ⏱️ T1=635358146.140 ms | Sending gRPC request for task 2 'sum2'
execution-manager  | [gRPC Channel Pool] Reusing existing channel for localhost:50052 (state=2)
execution-manager  | [gRPC Client Async] Calling task 'sum2' at localhost:50052
execution-manager  | [gRPC Client Async] Inputs: {"total_ops": 100, "io_percentage": 0}
execution-manager  | [gRPC Channel Pool] Evicted broken channel for localhost:50052
execution-manager  | ❌ [T=30002 ms] Task 2 'sum2' ERROR: Broken pipe
execution-manager  | [GRPC THREAD 2] Completed
execution-manager  | [SCHEDULER] ✅ T=30004 ms: Task 2 'sum2' completed with status 4
execution-manager  | [SCHEDULER] 2 tasks remaining
execution-manager  | [SCHEDULER] ⏰ T=31000 ms | T_wall=635359145.995 ms: Launching task 3 'sum3' (deadline: 71000 ms)
execution-manager  | [SCHEDULER] 🕐 Timeout armed for task 3 at T=71000 ms (in 39999 ms)
execution-manager  | [GRPC THREAD 3] Starting...
execution-manager  | [EXECUTION MANAGER] ⏱️ T1=635359146.138 ms | Sending gRPC request for task 3 'sum3'
execution-manager  | [gRPC Channel Pool] Reusing existing channel for localhost:50053 (state=0)
execution-manager  | [gRPC Client Async] Calling task 'sum3' at localhost:50053
execution-manager  | [gRPC Client Async] Inputs: {"total_ops": 100, "io_percentage": 0}
execution-manager  | [SCHEDULER] ⏰ T=31003 ms | T_wall=635359148.813 ms: Launching task 4 'sum4' (deadline: 71000 ms)
execution-manager  | [SCHEDULER] 🕐 Timeout armed for task 4 at T=71000 ms (in 39997 ms)
execution-manager  | [GRPC THREAD 4] Starting...
execution-manager  | [EXECUTION MANAGER] ⏱️ T1=635359148.993 ms | Sending gRPC request for task 4 'sum4'
execution-manager  | [gRPC Channel Pool] Reusing existing channel for localhost:50054 (state=0)
execution-manager  | [gRPC Client Async] Calling task 'sum4' at localhost:50054
execution-manager  | [gRPC Client Async] Inputs: {"total_ops": 100, "io_percentage": 0}
execution-manager  | [gRPC Client Async] Response #1 - Status: COMPLETED
execution-manager  | 🎉 [T=33294 ms] Task 3 'sum3' COMPLETED
execution-manager  | [EXECUTION MANAGER] ⏱️ T2=635359152.026 ms | Thread started (server measured)
execution-manager  | [EXECUTION MANAGER] ⏱️ T3=635361438.981 ms | Task completed (server measured)
execution-manager  | [EXECUTION MANAGER] ⏱️ T4=635361439.621 ms | Result received by client
execution-manager  |    [TASK EXECUTION] 2286.955 ms (T3-T2, measured in thread)
execution-manager  |    [RESULT] {"result": 0}
execution-manager  | 
execution-manager  | ╔═══════════════════════════════════════════════════════════════╗
execution-manager  | ║           END-TO-END TIMING MEASUREMENT RECAP                 ║
execution-manager  | ║                   Task 3: sum3                                 
execution-manager  | ╠═══════════════════════════════════════════════════════════════╣
execution-manager  | ║ T1 (start_request)    = 635359146.138 ms                        ║
execution-manager  | ║ T2 (end_request)      = 635359152.026 ms                        ║
execution-manager  | ║ T3 (start_result)     = 635361438.981 ms                        ║
execution-manager  | ║ T4 (end_result)       = 635361439.621 ms                        ║
execution-manager  | ╠═══════════════════════════════════════════════════════════════╣
execution-manager  | ║ METRICS:                                                      ║
execution-manager  | ║   Request Latency    =        5.888 ms  (T2 - T1)            ║
execution-manager  | ║   Task Execution     =     2286.955 ms  (T3 - T2)            ║
execution-manager  | ║   Response Latency   =        0.640 ms  (T4 - T3)            ║
execution-manager  | ║   Total End-to-End   =     2293.483 ms  (T4 - T1)            ║
execution-manager  | ║   Network Overhead   =        6.528 ms  (Req + Resp)         ║
execution-manager  | ╚═══════════════════════════════════════════════════════════════╝
execution-manager  | 
execution-manager  | [SCHEDULER] ✅ T=33294 ms: Task 3 'sum3' completed with status 2
execution-manager  | [SCHEDULER] 🔕 Timeout disarmed for task 3
execution-manager  | [SCHEDULER] 1 tasks remaining
execution-manager  | [gRPC Client Async] Stream completed, received 1 responses
execution-manager  | [GRPC THREAD 3] Completed
execution-manager  | [gRPC Client Async] Response #1 - Status: COMPLETED
execution-manager  | 🎉 [T=35582 ms] Task 4 'sum4' COMPLETED
execution-manager  | [EXECUTION MANAGER] ⏱️ T2=635361439.083 ms | Thread started (server measured)
execution-manager  | [EXECUTION MANAGER] ⏱️ T3=635363726.504 ms | Task completed (server measured)
execution-manager  | [EXECUTION MANAGER] ⏱️ T4=635363727.378 ms | Result received by client
execution-manager  |    [TASK EXECUTION] 2287.421 ms (T3-T2, measured in thread)
execution-manager  |    [RESULT] {"result": 0}
execution-manager  | 
execution-manager  | ╔═══════════════════════════════════════════════════════════════╗
execution-manager  | ║           END-TO-END TIMING MEASUREMENT RECAP                 ║
execution-manager  | ║                   Task 4: sum4                                 
execution-manager  | ╠═══════════════════════════════════════════════════════════════╣
execution-manager  | ║ T1 (start_request)    = 635359148.993 ms                        ║
execution-manager  | ║ T2 (end_request)      = 635361439.083 ms                        ║
execution-manager  | ║ T3 (start_result)     = 635363726.504 ms                        ║
execution-manager  | ║ T4 (end_result)       = 635363727.378 ms                        ║
execution-manager  | ╠═══════════════════════════════════════════════════════════════╣
execution-manager  | ║ METRICS:                                                      ║
execution-manager  | ║   Request Latency    =     2290.090 ms  (T2 - T1)            ║
execution-manager  | ║   Task Execution     =     2287.421 ms  (T3 - T2)            ║
execution-manager  | ║   Response Latency   =        0.874 ms  (T4 - T3)            ║
execution-manager  | ║   Total End-to-End   =     4578.385 ms  (T4 - T1)            ║
execution-manager  | ║   Network Overhead   =     2290.964 ms  (Req + Resp)         ║
execution-manager  | ╚═══════════════════════════════════════════════════════════════╝
execution-manager  | 
execution-manager  | [gRPC Client Async] Stream completed, received 1 responses
execution-manager  | [GRPC THREAD 4] Completed
execution-manager  | [SCHEDULER] ✅ T=35582 ms: Task 4 'sum4' completed with status 2
execution-manager  | [SCHEDULER] 🔕 Timeout disarmed for task 4
execution-manager  | [SCHEDULER] 0 tasks remaining
execution-manager  | 
execution-manager  | [SCHEDULER] 🏁 Iteration 5/5 complete!
execution-manager  | [SCHEDULER] Iteration execution time: 35582 ms
execution-manager  | 
execution-manager  | 
execution-manager  | [SCHEDULER] 🏁 All 5 iteration(s) completed!
execution-manager  | [SCHEDULER] Total execution time: 35582 ms
execution-manager  | 
execution-manager  | Test Suite Finished Successfully.
[Kexecution-manager exited with code 0
