 Container execution-manager  Creating
 Container execution-manager  Created
Attaching to execution-manager
execution-manager  | ============================================
execution-manager  |    DUAL PRIORITY QUEUE ARCHITECTURE TESTER  
execution-manager  | ============================================
execution-manager  | 
execution-manager  | ✅ Execution Manager running with SCHED_FIFO priority 95
execution-manager  |    This ensures precise timing and prevents preemption by tasks
execution-manager  | 
execution-manager  | 
execution-manager  | [Redis] Reading schedule from Redis...
execution-manager  | 
execution-manager  | === REDIS DATA ===
execution-manager  | Schedule: Configurable CPU/IO Benchmark (v0.0.0)
execution-manager  | Number of tasks: 4
execution-manager  | Iterations: 5
execution-manager  | 
execution-manager  | Tasks:
execution-manager  |   1. Task: sum1
execution-manager  |      Policy: fifo, Priority: 50, Start: 10 ms
execution-manager  |      Inputs: {"total_ops": {"type": "int", "value": 200}, "io_percentage": {"type": "int", "value": 0}}
execution-manager  | 
execution-manager  |   2. Task: sum2
execution-manager  |      Policy: fifo, Priority: 50, Start: 20 ms
execution-manager  |      Inputs: {"total_ops": {"type": "int", "value": 200}, "io_percentage": {"type": "int", "value": 0}}
execution-manager  | 
execution-manager  |   3. Task: sum3
execution-manager  |      Policy: fifo, Priority: 70, Start: 21 ms
execution-manager  |      Inputs: {"total_ops": {"type": "int", "value": 200}, "io_percentage": {"type": "int", "value": 0}}
execution-manager  | 
execution-manager  |   4. Task: sum4
execution-manager  |      Policy: fifo, Priority: 60, Start: 21 ms
execution-manager  |      Inputs: {"total_ops": {"type": "int", "value": 200}, "io_percentage": {"type": "int", "value": 0}}
execution-manager  | 
execution-manager  | ==================
execution-manager  | 
execution-manager  | 
execution-manager  | ============================================
execution-manager  |    REAL-TIME EVENT-DRIVEN SCHEDULER
execution-manager  | ============================================
execution-manager  | 
execution-manager  | [SCHEDULER] 🚀 Loading schedule: 4 task(s), 5 iteration(s)
execution-manager  | 
execution-manager  | [SCHEDULER] DEBUG - Task 1: start_time=10 s, deadline=30 s (parsed from Redis)
execution-manager  | [SCHEDULER] 📋 Task 1 'sum1': start=10000 ms, deadline=30000 ms
execution-manager  | [SCHEDULER] DEBUG - Task 2: start_time=20 s, deadline=50 s (parsed from Redis)
execution-manager  | [SCHEDULER] 📋 Task 2 'sum2': start=20000 ms, deadline=50000 ms
execution-manager  | [SCHEDULER] DEBUG - Task 3: start_time=21 s, deadline=51 s (parsed from Redis)
execution-manager  | [SCHEDULER] 📋 Task 3 'sum3': start=21000 ms, deadline=51000 ms
execution-manager  | [SCHEDULER] DEBUG - Task 4: start_time=21 s, deadline=51 s (parsed from Redis)
execution-manager  | [SCHEDULER] 📋 Task 4 'sum4': start=21000 ms, deadline=51000 ms
execution-manager  | 
execution-manager  | [SCHEDULER] 🔁 ===== ITERATION 1 / 5 =====
execution-manager  | 
execution-manager  | [SCHEDULER] 🚀 Schedule started at T=0
execution-manager  | 
execution-manager  | [SCHEDULER] 🔄 Entering event loop (NO SLEEP - event-driven!)
execution-manager  | 
execution-manager  | [SCHEDULER] ⏰ T=10000 ms | T_wall=624641678.144 ms: Launching task 1 'sum1' (deadline: 30000 ms)
execution-manager  | [SCHEDULER] 🕐 Timeout armed for task 1 at T=30000 ms (in 20000 ms)
execution-manager  | [GRPC THREAD 1] Starting...
execution-manager  | [EXECUTION MANAGER] ⏱️ T1=624641678.362 ms | Sending gRPC request for task 1 'sum1'
execution-manager  | [gRPC Channel Pool] Creating new channel for localhost:50051
execution-manager  | [gRPC Client Async] Calling task 'sum1' at localhost:50051
execution-manager  | [gRPC Client Async] Inputs: {"total_ops": 200, "io_percentage": 0}
execution-manager  | [gRPC Client Async] Response #1 - Status: COMPLETED
execution-manager  | 🎉 [T=14615 ms] Task 1 'sum1' COMPLETED
execution-manager  | [EXECUTION MANAGER] ⏱️ T2=624641713.639 ms | Thread started (server measured)
execution-manager  | [EXECUTION MANAGER] ⏱️ T3=624646292.422 ms | Task completed (server measured)
execution-manager  | [EXECUTION MANAGER] ⏱️ T4=624646293.222 ms | Result received by client
execution-manager  |    [TASK EXECUTION] 4578.783 ms (T3-T2, measured in thread)
execution-manager  |    [RESULT] {"result": 0}
execution-manager  | 
execution-manager  | ╔═══════════════════════════════════════════════════════════════╗
execution-manager  | ║           END-TO-END TIMING MEASUREMENT RECAP                 ║
execution-manager  | ║                   Task 1: sum1                                 
execution-manager  | ╠═══════════════════════════════════════════════════════════════╣
execution-manager  | ║ T1 (start_request)    = 624641678.362 ms                        ║
execution-manager  | ║ T2 (end_request)      = 624641713.639 ms                        ║
execution-manager  | ║ T3 (start_result)     = 624646292.422 ms                        ║
execution-manager  | ║ T4 (end_result)       = 624646293.222 ms                        ║
execution-manager  | ╠═══════════════════════════════════════════════════════════════╣
execution-manager  | ║ METRICS:                                                      ║
execution-manager  | ║   Request Latency    =       35.277 ms  (T2 - T1)            ║
execution-manager  | ║   Task Execution     =     4578.783 ms  (T3 - T2)            ║
execution-manager  | ║   Response Latency   =        0.800 ms  (T4 - T3)            ║
execution-manager  | ║   Total End-to-End   =     4614.860 ms  (T4 - T1)            ║
execution-manager  | ║   Network Overhead   =       36.077 ms  (Req + Resp)         ║
execution-manager  | ╚═══════════════════════════════════════════════════════════════╝
execution-manager  | 
execution-manager  | [gRPC Client Async] Stream completed, received 1 responses
execution-manager  | [GRPC THREAD 1] Completed
execution-manager  | [SCHEDULER] ✅ T=14615 ms: Task 1 'sum1' completed with status 2
execution-manager  | [SCHEDULER] 🔕 Timeout disarmed for task 1
execution-manager  | [SCHEDULER] 3 tasks remaining
execution-manager  | [SCHEDULER] ⏰ T=20000 ms | T_wall=624651678.179 ms: Launching task 2 'sum2' (deadline: 50000 ms)
execution-manager  | [SCHEDULER] 🕐 Timeout armed for task 2 at T=50000 ms (in 30000 ms)
execution-manager  | [GRPC THREAD 2] Starting...
execution-manager  | [EXECUTION MANAGER] ⏱️ T1=624651678.422 ms | Sending gRPC request for task 2 'sum2'
execution-manager  | [gRPC Channel Pool] Creating new channel for localhost:50052
execution-manager  | [gRPC Client Async] Calling task 'sum2' at localhost:50052
execution-manager  | [gRPC Client Async] Inputs: {"total_ops": 200, "io_percentage": 0}
execution-manager  | [SCHEDULER] ⏰ T=24601 ms | T_wall=624656279.055 ms: Launching task 3 'sum3' (deadline: 51000 ms)
execution-manager  | [SCHEDULER] 🕐 Timeout armed for task 3 at T=51000 ms (in 26399 ms)
execution-manager  | [GRPC THREAD 3] Starting...
execution-manager  | [EXECUTION MANAGER] ⏱️ T1=624656279.341 ms | Sending gRPC request for task 3 'sum3'
execution-manager  | [gRPC Channel Pool] Creating new channel for localhost:50053
execution-manager  | [gRPC Client Async] Calling task 'sum3' at localhost:50053
execution-manager  | [gRPC Client Async] Inputs: {"total_ops": 200, "io_percentage": 0}
execution-manager  | [SCHEDULER] ⏰ T=24602 ms | T_wall=624656280.405 ms: Launching task 4 'sum4' (deadline: 51000 ms)
execution-manager  | [SCHEDULER] 🕐 Timeout armed for task 4 at T=51000 ms (in 26398 ms)
execution-manager  | [GRPC THREAD 4] Starting...
execution-manager  | [EXECUTION MANAGER] ⏱️ T1=624656280.618 ms | Sending gRPC request for task 4 'sum4'
execution-manager  | [gRPC Channel Pool] Creating new channel for localhost:50054
execution-manager  | [gRPC Client Async] Calling task 'sum4' at localhost:50054
execution-manager  | [gRPC Client Async] Inputs: {"total_ops": 200, "io_percentage": 0}
execution-manager  | [gRPC Client Async] Response #1 - Status: COMPLETED
execution-manager  | 🎉 [T=24603 ms] Task 2 'sum2' COMPLETED
execution-manager  | [EXECUTION MANAGER] ⏱️ T2=624651701.058 ms | Thread started (server measured)
execution-manager  | [EXECUTION MANAGER] ⏱️ T3=624656278.666 ms | Task completed (server measured)
execution-manager  | [EXECUTION MANAGER] ⏱️ T4=624656281.848 ms | Result received by client
execution-manager  |    [TASK EXECUTION] 4577.608 ms (T3-T2, measured in thread)
execution-manager  |    [RESULT] {"result": 0}
execution-manager  | 
execution-manager  | ╔═══════════════════════════════════════════════════════════════╗
execution-manager  | ║           END-TO-END TIMING MEASUREMENT RECAP                 ║
execution-manager  | ║                   Task 2: sum2                                 
execution-manager  | ╠═══════════════════════════════════════════════════════════════╣
execution-manager  | ║ T1 (start_request)    = 624651678.422 ms                        ║
execution-manager  | ║ T2 (end_request)      = 624651701.058 ms                        ║
execution-manager  | ║ T3 (start_result)     = 624656278.666 ms                        ║
execution-manager  | ║ T4 (end_result)       = 624656281.848 ms                        ║
execution-manager  | ╠═══════════════════════════════════════════════════════════════╣
execution-manager  | ║ METRICS:                                                      ║
execution-manager  | ║   Request Latency    =       22.636 ms  (T2 - T1)            ║
execution-manager  | ║   Task Execution     =     4577.608 ms  (T3 - T2)            ║
execution-manager  | ║   Response Latency   =        3.182 ms  (T4 - T3)            ║
execution-manager  | ║   Total End-to-End   =     4603.426 ms  (T4 - T1)            ║
execution-manager  | ║   Network Overhead   =       25.819 ms  (Req + Resp)         ║
execution-manager  | ╚═══════════════════════════════════════════════════════════════╝
execution-manager  | 
execution-manager  | [gRPC Client Async] Stream completed, received 1 responses
execution-manager  | [GRPC THREAD 2] Completed
execution-manager  | [SCHEDULER] ✅ T=24604 ms: Task 2 'sum2' completed with status 2
execution-manager  | [SCHEDULER] 🔕 Timeout disarmed for task 2
execution-manager  | [SCHEDULER] 2 tasks remaining
execution-manager  | [gRPC Client Async] Response #1 - Status: COMPLETED
execution-manager  | 🎉 [T=29218 ms] Task 3 'sum3' COMPLETED
execution-manager  | [EXECUTION MANAGER] ⏱️ T2=624656316.677 ms | Thread started (server measured)
execution-manager  | [EXECUTION MANAGER] ⏱️ T3=624660896.170 ms | Task completed (server measured)
execution-manager  | [EXECUTION MANAGER] ⏱️ T4=624660896.868 ms | Result received by client
execution-manager  |    [TASK EXECUTION] 4579.493 ms (T3-T2, measured in thread)
execution-manager  |    [RESULT] {"result": 0}
execution-manager  | 
execution-manager  | ╔═══════════════════════════════════════════════════════════════╗
execution-manager  | ║           END-TO-END TIMING MEASUREMENT RECAP                 ║
execution-manager  | ║                   Task 3: sum3                                 
execution-manager  | ╠═══════════════════════════════════════════════════════════════╣
execution-manager  | ║ T1 (start_request)    = 624656279.341 ms                        ║
execution-manager  | ║ T2 (end_request)      = 624656316.677 ms                        ║
execution-manager  | ║ T3 (start_result)     = 624660896.170 ms                        ║
execution-manager  | ║ T4 (end_result)       = 624660896.868 ms                        ║
execution-manager  | ╠═══════════════════════════════════════════════════════════════╣
execution-manager  | ║ METRICS:                                                      ║
execution-manager  | ║   Request Latency    =       37.335 ms  (T2 - T1)            ║
execution-manager  | ║   Task Execution     =     4579.493 ms  (T3 - T2)            ║
execution-manager  | ║   Response Latency   =        0.698 ms  (T4 - T3)            ║
execution-manager  | ║   Total End-to-End   =     4617.526 ms  (T4 - T1)            ║
execution-manager  | ║   Network Overhead   =       38.033 ms  (Req + Resp)         ║
execution-manager  | ╚═══════════════════════════════════════════════════════════════╝
execution-manager  | 
execution-manager  | [SCHEDULER] ✅ T=29219 ms: Task 3 'sum3' completed with status 2
execution-manager  | [SCHEDULER] 🔕 Timeout disarmed for task 3
execution-manager  | [SCHEDULER] 1 tasks remaining
execution-manager  | [gRPC Client Async] Stream completed, received 1 responses
execution-manager  | [GRPC THREAD 3] Completed
execution-manager  | [gRPC Client Async] Response #1 - Status: COMPLETED
execution-manager  | 🎉 [T=33799 ms] Task 4 'sum4' COMPLETED
execution-manager  | [EXECUTION MANAGER] ⏱️ T2=624660896.260 ms | Thread started (server measured)
execution-manager  | [EXECUTION MANAGER] ⏱️ T3=624665476.284 ms | Task completed (server measured)
execution-manager  | [EXECUTION MANAGER] ⏱️ T4=624665477.207 ms | Result received by client
execution-manager  |    [TASK EXECUTION] 4580.023 ms (T3-T2, measured in thread)
execution-manager  |    [RESULT] {"result": 0}
execution-manager  | 
execution-manager  | ╔═══════════════════════════════════════════════════════════════╗
execution-manager  | ║           END-TO-END TIMING MEASUREMENT RECAP                 ║
execution-manager  | ║                   Task 4: sum4                                 
execution-manager  | ╠═══════════════════════════════════════════════════════════════╣
execution-manager  | ║ T1 (start_request)    = 624656280.618 ms                        ║
execution-manager  | ║ T2 (end_request)      = 624660896.260 ms                        ║
execution-manager  | ║ T3 (start_result)     = 624665476.284 ms                        ║
execution-manager  | ║ T4 (end_result)       = 624665477.207 ms                        ║
execution-manager  | ╠═══════════════════════════════════════════════════════════════╣
execution-manager  | ║ METRICS:                                                      ║
execution-manager  | ║   Request Latency    =     4615.642 ms  (T2 - T1)            ║
execution-manager  | ║   Task Execution     =     4580.023 ms  (T3 - T2)            ║
execution-manager  | ║   Response Latency   =        0.923 ms  (T4 - T3)            ║
execution-manager  | ║   Total End-to-End   =     9196.589 ms  (T4 - T1)            ║
execution-manager  | ║   Network Overhead   =     4616.565 ms  (Req + Resp)         ║
execution-manager  | ╚═══════════════════════════════════════════════════════════════╝
execution-manager  | 
execution-manager  | [gRPC Client Async] Stream completed, received 1 responses
execution-manager  | [GRPC THREAD 4] Completed
execution-manager  | [SCHEDULER] ✅ T=33799 ms: Task 4 'sum4' completed with status 2
execution-manager  | [SCHEDULER] 🔕 Timeout disarmed for task 4
execution-manager  | [SCHEDULER] 0 tasks remaining
execution-manager  | 
execution-manager  | [SCHEDULER] 🏁 Iteration 1/5 complete!
execution-manager  | [SCHEDULER] Iteration execution time: 33799 ms
execution-manager  | 
execution-manager  | 
execution-manager  | [SCHEDULER] 🔁 ===== ITERATION 2 / 5 =====
execution-manager  | 
execution-manager  | [SCHEDULER] 🚀 Schedule started at T=0
execution-manager  | 
execution-manager  | [SCHEDULER] 🔄 Entering event loop (NO SLEEP - event-driven!)
execution-manager  | 
execution-manager  | [SCHEDULER] ⏰ T=10000 ms | T_wall=624675477.710 ms: Launching task 1 'sum1' (deadline: 30000 ms)
execution-manager  | [SCHEDULER] 🕐 Timeout armed for task 1 at T=30000 ms (in 20000 ms)
execution-manager  | [GRPC THREAD 1] Starting...
execution-manager  | [EXECUTION MANAGER] ⏱️ T1=624675477.852 ms | Sending gRPC request for task 1 'sum1'
execution-manager  | [gRPC Channel Pool] Reusing existing channel for localhost:50051
execution-manager  | [gRPC Client Async] Calling task 'sum1' at localhost:50051
execution-manager  | [gRPC Client Async] Inputs: {"total_ops": 200, "io_percentage": 0}
execution-manager  | [gRPC Client Async] Response #1 - Status: COMPLETED
execution-manager  | 🎉 [T=14584 ms] Task 1 'sum1' COMPLETED
execution-manager  | [EXECUTION MANAGER] ⏱️ T2=624675481.403 ms | Thread started (server measured)
execution-manager  | [EXECUTION MANAGER] ⏱️ T3=624680060.987 ms | Task completed (server measured)
execution-manager  | [EXECUTION MANAGER] ⏱️ T4=624680061.711 ms | Result received by client
execution-manager  |    [TASK EXECUTION] 4579.584 ms (T3-T2, measured in thread)
execution-manager  |    [RESULT] {"result": 0}
execution-manager  | 
execution-manager  | ╔═══════════════════════════════════════════════════════════════╗
execution-manager  | ║           END-TO-END TIMING MEASUREMENT RECAP                 ║
execution-manager  | ║                   Task 1: sum1                                 
execution-manager  | ╠═══════════════════════════════════════════════════════════════╣
execution-manager  | ║ T1 (start_request)    = 624675477.852 ms                        ║
execution-manager  | ║ T2 (end_request)      = 624675481.403 ms                        ║
execution-manager  | ║ T3 (start_result)     = 624680060.987 ms                        ║
execution-manager  | ║ T4 (end_result)       = 624680061.711 ms                        ║
execution-manager  | ╠═══════════════════════════════════════════════════════════════╣
execution-manager  | ║ METRICS:                                                      ║
execution-manager  | ║   Request Latency    =        3.551 ms  (T2 - T1)            ║
execution-manager  | ║   Task Execution     =     4579.584 ms  (T3 - T2)            ║
execution-manager  | ║   Response Latency   =        0.724 ms  (T4 - T3)            ║
execution-manager  | ║   Total End-to-End   =     4583.860 ms  (T4 - T1)            ║
execution-manager  | ║   Network Overhead   =        4.275 ms  (Req + Resp)         ║
execution-manager  | ╚═══════════════════════════════════════════════════════════════╝
execution-manager  | 
execution-manager  | [gRPC Client Async] Stream completed, received 1 responses
execution-manager  | [GRPC THREAD 1] Completed
execution-manager  | [SCHEDULER] ✅ T=14585 ms: Task 1 'sum1' completed with status 2
execution-manager  | [SCHEDULER] 🔕 Timeout disarmed for task 1
execution-manager  | [SCHEDULER] 3 tasks remaining
execution-manager  | [SCHEDULER] ⏰ T=20000 ms | T_wall=624685477.745 ms: Launching task 2 'sum2' (deadline: 50000 ms)
execution-manager  | [SCHEDULER] 🕐 Timeout armed for task 2 at T=50000 ms (in 30000 ms)
execution-manager  | [GRPC THREAD 2] Starting...
execution-manager  | [EXECUTION MANAGER] ⏱️ T1=624685477.882 ms | Sending gRPC request for task 2 'sum2'
execution-manager  | [gRPC Channel Pool] Reusing existing channel for localhost:50052
execution-manager  | [gRPC Client Async] Calling task 'sum2' at localhost:50052
execution-manager  | [gRPC Client Async] Inputs: {"total_ops": 200, "io_percentage": 0}
execution-manager  | [SCHEDULER] ⏰ T=24582 ms | T_wall=624690059.647 ms: Launching task 3 'sum3' (deadline: 51000 ms)
execution-manager  | [SCHEDULER] 🕐 Timeout armed for task 3 at T=51000 ms (in 26418 ms)
execution-manager  | [SCHEDULER] ⏰ T=24582 ms | T_wall=624690059.840 ms: Launching task 4 'sum4' (deadline: 51000 ms)
execution-manager  | [SCHEDULER] 🕐 Timeout armed for task 4 at T=51000 ms (in 26418 ms)
execution-manager  | [gRPC Client Async] Response #1 - Status: COMPLETED
execution-manager  | 🎉 [T=24583 ms] Task 2 'sum2' COMPLETED
execution-manager  | [EXECUTION MANAGER] ⏱️ T2=624685481.244 ms | Thread started (server measured)
execution-manager  | [EXECUTION MANAGER] ⏱️ T3=624690059.062 ms | Task completed (server measured)
execution-manager  | [EXECUTION MANAGER] ⏱️ T4=624690060.267 ms | Result received by client
execution-manager  |    [TASK EXECUTION] 4577.818 ms (T3-T2, measured in thread)
execution-manager  |    [RESULT] {"result": 0}
execution-manager  | 
execution-manager  | ╔═══════════════════════════════════════════════════════════════╗
execution-manager  | ║           END-TO-END TIMING MEASUREMENT RECAP                 ║
execution-manager  | ║                   Task 2: sum2                                 
execution-manager  | ╠═══════════════════════════════════════════════════════════════╣
execution-manager  | ║ T1 (start_request)    = 624685477.882 ms                        ║
execution-manager  | ║ T2 (end_request)      = 624685481.244 ms                        ║
execution-manager  | ║ T3 (start_result)     = 624690059.062 ms                        ║
execution-manager  | ║ T4 (end_result)       = 624690060.267 ms                        ║
execution-manager  | ╠═══════════════════════════════════════════════════════════════╣
execution-manager  | ║ METRICS:                                                      ║
execution-manager  | ║   Request Latency    =        3.362 ms  (T2 - T1)            ║
execution-manager  | ║   Task Execution     =     4577.818 ms  (T3 - T2)            ║
execution-manager  | ║   Response Latency   =        1.205 ms  (T4 - T3)            ║
execution-manager  | ║   Total End-to-End   =     4582.385 ms  (T4 - T1)            ║
execution-manager  | ║   Network Overhead   =        4.567 ms  (Req + Resp)         ║
execution-manager  | ╚═══════════════════════════════════════════════════════════════╝
execution-manager  | 
execution-manager  | [gRPC Client Async] Stream completed, received 1 responses
execution-manager  | [GRPC THREAD 2] Completed
execution-manager  | [GRPC THREAD 3] Starting...
execution-manager  | [EXECUTION MANAGER] ⏱️ T1=624690060.605 ms | Sending gRPC request for task 3 'sum3'
execution-manager  | [gRPC Channel Pool] Reusing existing channel for localhost:50053
execution-manager  | [gRPC Client Async] Calling task 'sum3' at localhost:50053
execution-manager  | [gRPC Client Async] Inputs: {"total_ops": 200, "io_percentage": 0}
execution-manager  | [GRPC THREAD 4] Starting...
execution-manager  | [EXECUTION MANAGER] ⏱️ T1=624690061.162 ms | Sending gRPC request for task 4 'sum4'
execution-manager  | [gRPC Channel Pool] Reusing existing channel for localhost:50054
execution-manager  | [gRPC Client Async] Calling task 'sum4' at localhost:50054
execution-manager  | [gRPC Client Async] Inputs: {"total_ops": 200, "io_percentage": 0}
execution-manager  | [SCHEDULER] ✅ T=24584 ms: Task 2 'sum2' completed with status 2
execution-manager  | [SCHEDULER] 🔕 Timeout disarmed for task 2
execution-manager  | [SCHEDULER] 2 tasks remaining
execution-manager  | [gRPC Client Async] Response #1 - Status: COMPLETED
execution-manager  | 🎉 [T=29165 ms] Task 3 'sum3' COMPLETED
execution-manager  | [EXECUTION MANAGER] ⏱️ T2=624690061.967 ms | Thread started (server measured)
execution-manager  | [EXECUTION MANAGER] ⏱️ T3=624694642.099 ms | Task completed (server measured)
execution-manager  | [EXECUTION MANAGER] ⏱️ T4=624694642.778 ms | Result received by client
execution-manager  |    [TASK EXECUTION] 4580.132 ms (T3-T2, measured in thread)
execution-manager  |    [RESULT] {"result": 0}
execution-manager  | 
execution-manager  | ╔═══════════════════════════════════════════════════════════════╗
execution-manager  | ║           END-TO-END TIMING MEASUREMENT RECAP                 ║
execution-manager  | ║                   Task 3: sum3                                 
execution-manager  | ╠═══════════════════════════════════════════════════════════════╣
execution-manager  | ║ T1 (start_request)    = 624690060.605 ms                        ║
execution-manager  | ║ T2 (end_request)      = 624690061.967 ms                        ║
execution-manager  | ║ T3 (start_result)     = 624694642.099 ms                        ║
execution-manager  | ║ T4 (end_result)       = 624694642.778 ms                        ║
execution-manager  | ╠═══════════════════════════════════════════════════════════════╣
execution-manager  | ║ METRICS:                                                      ║
execution-manager  | ║   Request Latency    =        1.361 ms  (T2 - T1)            ║
execution-manager  | ║   Task Execution     =     4580.132 ms  (T3 - T2)            ║
execution-manager  | ║   Response Latency   =        0.679 ms  (T4 - T3)            ║
execution-manager  | ║   Total End-to-End   =     4582.173 ms  (T4 - T1)            ║
execution-manager  | ║   Network Overhead   =        2.040 ms  (Req + Resp)         ║
execution-manager  | ╚═══════════════════════════════════════════════════════════════╝
execution-manager  | 
execution-manager  | [SCHEDULER] ✅ T=29165 ms: Task 3 'sum3' completed with status 2
execution-manager  | [SCHEDULER] 🔕 Timeout disarmed for task 3
execution-manager  | [SCHEDULER] 1 tasks remaining
execution-manager  | [gRPC Client Async] Stream completed, received 1 responses
execution-manager  | [GRPC THREAD 3] Completed
execution-manager  | [gRPC Client Async] Response #1 - Status: COMPLETED
execution-manager  | 🎉 [T=33746 ms] Task 4 'sum4' COMPLETED
execution-manager  | [EXECUTION MANAGER] ⏱️ T2=624694642.190 ms | Thread started (server measured)
execution-manager  | [EXECUTION MANAGER] ⏱️ T3=624699222.732 ms | Task completed (server measured)
execution-manager  | [EXECUTION MANAGER] ⏱️ T4=624699223.570 ms | Result received by client
execution-manager  |    [TASK EXECUTION] 4580.542 ms (T3-T2, measured in thread)
execution-manager  |    [RESULT] {"result": 0}
execution-manager  | 
execution-manager  | ╔═══════════════════════════════════════════════════════════════╗
execution-manager  | ║           END-TO-END TIMING MEASUREMENT RECAP                 ║
execution-manager  | ║                   Task 4: sum4                                 
execution-manager  | ╠═══════════════════════════════════════════════════════════════╣
execution-manager  | ║ T1 (start_request)    = 624690061.162 ms                        ║
execution-manager  | ║ T2 (end_request)      = 624694642.190 ms                        ║
execution-manager  | ║ T3 (start_result)     = 624699222.732 ms                        ║
execution-manager  | ║ T4 (end_result)       = 624699223.570 ms                        ║
execution-manager  | ╠═══════════════════════════════════════════════════════════════╣
execution-manager  | ║ METRICS:                                                      ║
execution-manager  | ║   Request Latency    =     4581.028 ms  (T2 - T1)            ║
execution-manager  | ║   Task Execution     =     4580.542 ms  (T3 - T2)            ║
execution-manager  | ║   Response Latency   =        0.838 ms  (T4 - T3)            ║
execution-manager  | ║   Total End-to-End   =     9162.408 ms  (T4 - T1)            ║
execution-manager  | ║   Network Overhead   =     4581.866 ms  (Req + Resp)         ║
execution-manager  | ╚═══════════════════════════════════════════════════════════════╝
execution-manager  | 
execution-manager  | [gRPC Client Async] Stream completed, received 1 responses
execution-manager  | [GRPC THREAD 4] Completed
execution-manager  | [SCHEDULER] ✅ T=33746 ms: Task 4 'sum4' completed with status 2
execution-manager  | [SCHEDULER] 🔕 Timeout disarmed for task 4
execution-manager  | [SCHEDULER] 0 tasks remaining
execution-manager  | 
execution-manager  | [SCHEDULER] 🏁 Iteration 2/5 complete!
execution-manager  | [SCHEDULER] Iteration execution time: 33746 ms
execution-manager  | 
execution-manager  | 
execution-manager  | [SCHEDULER] 🔁 ===== ITERATION 3 / 5 =====
execution-manager  | 
execution-manager  | [SCHEDULER] 🚀 Schedule started at T=0
execution-manager  | 
execution-manager  | [SCHEDULER] 🔄 Entering event loop (NO SLEEP - event-driven!)
execution-manager  | 
execution-manager  | [SCHEDULER] ⏰ T=10000 ms | T_wall=624709223.984 ms: Launching task 1 'sum1' (deadline: 30000 ms)
execution-manager  | [gRPC Client Async] RPC failed: Socket closed
execution-manager  | [SCHEDULER] 🕐 Timeout armed for task 1 at T=30000 ms (in 19999 ms)
execution-manager  | [GRPC THREAD 1] Starting...
execution-manager  | [EXECUTION MANAGER] ⏱️ T1=624709224.155 ms | Sending gRPC request for task 1 'sum1'
execution-manager  | [gRPC Channel Pool] Reusing existing channel for localhost:50051
execution-manager  | [gRPC Client Async] Calling task 'sum1' at localhost:50051
execution-manager  | [gRPC Client Async] Inputs: {"total_ops": 200, "io_percentage": 0}
execution-manager  | ❌ [T=10006 ms] Task 1 'sum1' ERROR: Socket closed
execution-manager  | [GRPC THREAD 1] Completed
execution-manager  | [SCHEDULER] ✅ T=10007 ms: Task 1 'sum1' completed with status 4
execution-manager  | [SCHEDULER] 3 tasks remaining
execution-manager  | [SCHEDULER] ⏰ T=20001 ms | T_wall=624719224.030 ms: Launching task 2 'sum2' (deadline: 50000 ms)
execution-manager  | [SCHEDULER] 🕐 Timeout armed for task 2 at T=50000 ms (in 29999 ms)
execution-manager  | [GRPC THREAD 2] Starting...
execution-manager  | [EXECUTION MANAGER] ⏱️ T1=624719224.160 ms | Sending gRPC request for task 2 'sum2'
execution-manager  | [gRPC Channel Pool] Reusing existing channel for localhost:50052
execution-manager  | [gRPC Client Async] Calling task 'sum2' at localhost:50052
execution-manager  | [gRPC Client Async] Inputs: {"total_ops": 200, "io_percentage": 0}
execution-manager  | [SCHEDULER] ⏰ T=24583 ms | T_wall=624723806.839 ms: Launching task 3 'sum3' (deadline: 51000 ms)
execution-manager  | [SCHEDULER] 🕐 Timeout armed for task 3 at T=51000 ms (in 26417 ms)
execution-manager  | [SCHEDULER] ⏰ T=24583 ms | T_wall=624723806.981 ms: Launching task 4 'sum4' (deadline: 51000 ms)
execution-manager  | [SCHEDULER] 🕐 Timeout armed for task 4 at T=51000 ms (in 26416 ms)
execution-manager  | [gRPC Client Async] Response #1 - Status: COMPLETED
execution-manager  | 🎉 [T=24584 ms] Task 2 'sum2' COMPLETED
execution-manager  | [EXECUTION MANAGER] ⏱️ T2=624719227.384 ms | Thread started (server measured)
execution-manager  | [EXECUTION MANAGER] ⏱️ T3=624723806.344 ms | Task completed (server measured)
execution-manager  | [EXECUTION MANAGER] ⏱️ T4=624723807.423 ms | Result received by client
execution-manager  |    [TASK EXECUTION] 4578.960 ms (T3-T2, measured in thread)
execution-manager  |    [RESULT] {"result": 0}
execution-manager  | 
execution-manager  | ╔═══════════════════════════════════════════════════════════════╗
execution-manager  | ║           END-TO-END TIMING MEASUREMENT RECAP                 ║
execution-manager  | ║                   Task 2: sum2                                 
execution-manager  | ╠═══════════════════════════════════════════════════════════════╣
execution-manager  | ║ T1 (start_request)    = 624719224.160 ms                        ║
execution-manager  | ║ T2 (end_request)      = 624719227.384 ms                        ║
execution-manager  | ║ T3 (start_result)     = 624723806.344 ms                        ║
execution-manager  | ║ T4 (end_result)       = 624723807.423 ms                        ║
execution-manager  | ╠═══════════════════════════════════════════════════════════════╣
execution-manager  | ║ METRICS:                                                      ║
execution-manager  | ║   Request Latency    =        3.223 ms  (T2 - T1)            ║
execution-manager  | ║   Task Execution     =     4578.960 ms  (T3 - T2)            ║
execution-manager  | ║   Response Latency   =        1.079 ms  (T4 - T3)            ║
execution-manager  | ║   Total End-to-End   =     4583.262 ms  (T4 - T1)            ║
execution-manager  | ║   Network Overhead   =        4.303 ms  (Req + Resp)         ║
execution-manager  | ╚═══════════════════════════════════════════════════════════════╝
execution-manager  | 
execution-manager  | [gRPC Client Async] Stream completed, received 1 responses
execution-manager  | [GRPC THREAD 2] Completed
execution-manager  | [GRPC THREAD 3] Starting...
execution-manager  | [EXECUTION MANAGER] ⏱️ T1=624723807.717 ms | Sending gRPC request for task 3 'sum3'
execution-manager  | [gRPC Channel Pool] Reusing existing channel for localhost:50053
execution-manager  | [gRPC Client Async] Calling task 'sum3' at localhost:50053
execution-manager  | [gRPC Client Async] Inputs: {"total_ops": 200, "io_percentage": 0}
execution-manager  | [GRPC THREAD 4] Starting...
execution-manager  | [EXECUTION MANAGER] ⏱️ T1=624723808.154 ms | Sending gRPC request for task 4 'sum4'
execution-manager  | [gRPC Channel Pool] Reusing existing channel for localhost:50054
execution-manager  | [gRPC Client Async] Calling task 'sum4' at localhost:50054
execution-manager  | [gRPC Client Async] Inputs: {"total_ops": 200, "io_percentage": 0}
execution-manager  | [SCHEDULER] ✅ T=24586 ms: Task 2 'sum2' completed with status 2
execution-manager  | [SCHEDULER] 🔕 Timeout disarmed for task 2
execution-manager  | [SCHEDULER] 2 tasks remaining
execution-manager  | [gRPC Client Async] Response #1 - Status: COMPLETED
execution-manager  | 🎉 [T=29167 ms] Task 3 'sum3' COMPLETED
execution-manager  | [EXECUTION MANAGER] ⏱️ T2=624723809.637 ms | Thread started (server measured)
execution-manager  | [EXECUTION MANAGER] ⏱️ T3=624728389.847 ms | Task completed (server measured)
execution-manager  | [EXECUTION MANAGER] ⏱️ T4=624728390.451 ms | Result received by client
execution-manager  |    [TASK EXECUTION] 4580.210 ms (T3-T2, measured in thread)
execution-manager  |    [RESULT] {"result": 0}
execution-manager  | 
execution-manager  | ╔═══════════════════════════════════════════════════════════════╗
execution-manager  | ║           END-TO-END TIMING MEASUREMENT RECAP                 ║
execution-manager  | ║                   Task 3: sum3                                 
execution-manager  | ╠═══════════════════════════════════════════════════════════════╣
execution-manager  | ║ T1 (start_request)    = 624723807.717 ms                        ║
execution-manager  | ║ T2 (end_request)      = 624723809.637 ms                        ║
execution-manager  | ║ T3 (start_result)     = 624728389.847 ms                        ║
execution-manager  | ║ T4 (end_result)       = 624728390.451 ms                        ║
execution-manager  | ╠═══════════════════════════════════════════════════════════════╣
execution-manager  | ║ METRICS:                                                      ║
execution-manager  | ║   Request Latency    =        1.920 ms  (T2 - T1)            ║
execution-manager  | ║   Task Execution     =     4580.210 ms  (T3 - T2)            ║
execution-manager  | ║   Response Latency   =        0.604 ms  (T4 - T3)            ║
execution-manager  | ║   Total End-to-End   =     4582.734 ms  (T4 - T1)            ║
execution-manager  | ║   Network Overhead   =        2.524 ms  (Req + Resp)         ║
execution-manager  | ╚═══════════════════════════════════════════════════════════════╝
execution-manager  | 
execution-manager  | [SCHEDULER] ✅ T=29167 ms: Task 3 'sum3' completed with status 2
execution-manager  | [SCHEDULER] 🔕 Timeout disarmed for task 3
execution-manager  | [SCHEDULER] 1 tasks remaining
execution-manager  | [gRPC Client Async] Stream completed, received 1 responses
execution-manager  | [GRPC THREAD 3] Completed
execution-manager  | [SCHEDULER] ⚠️ T=33748 ms: TIMEOUT! Aborting task 1 'sum1'
execution-manager  | [SCHEDULER] Task 1 already completed, timeout ignored
execution-manager  | [SCHEDULER] 0 tasks remaining
execution-manager  | 
execution-manager  | [SCHEDULER] 🏁 Iteration 3/5 complete!
execution-manager  | [SCHEDULER] Iteration execution time: 33748 ms
execution-manager  | 
execution-manager  | 
execution-manager  | [SCHEDULER] 🔁 ===== ITERATION 4 / 5 =====
execution-manager  | 
execution-manager  | [SCHEDULER] 🚀 Schedule started at T=0
execution-manager  | 
execution-manager  | [SCHEDULER] 🔄 Entering event loop (NO SLEEP - event-driven!)
execution-manager  | 
execution-manager  | [gRPC Client Async] Response #1 - Status: COMPLETED
execution-manager  | 🎉 [T=0 ms] Task 4 'sum4' COMPLETED
execution-manager  | [EXECUTION MANAGER] ⏱️ T2=624728389.956 ms | Thread started (server measured)
execution-manager  | [EXECUTION MANAGER] ⏱️ T3=624732970.678 ms | Task completed (server measured)
execution-manager  | [EXECUTION MANAGER] ⏱️ T4=624732971.644 ms | Result received by client
execution-manager  |    [TASK EXECUTION] 4580.722 ms (T3-T2, measured in thread)
execution-manager  |    [RESULT] {"result": 0}
execution-manager  | 
execution-manager  | ╔═══════════════════════════════════════════════════════════════╗
execution-manager  | ║           END-TO-END TIMING MEASUREMENT RECAP                 ║
execution-manager  | ║                   Task 4: sum4                                 
execution-manager  | ╠═══════════════════════════════════════════════════════════════╣
execution-manager  | ║ T1 (start_request)    = 624723808.154 ms                        ║
execution-manager  | ║ T2 (end_request)      = 624728389.956 ms                        ║
execution-manager  | ║ T3 (start_result)     = 624732970.678 ms                        ║
execution-manager  | ║ T4 (end_result)       = 624732971.644 ms                        ║
execution-manager  | ╠═══════════════════════════════════════════════════════════════╣
execution-manager  | ║ METRICS:                                                      ║
execution-manager  | ║   Request Latency    =     4581.803 ms  (T2 - T1)            ║
execution-manager  | ║   Task Execution     =     4580.722 ms  (T3 - T2)            ║
execution-manager  | ║   Response Latency   =        0.965 ms  (T4 - T3)            ║
execution-manager  | ║   Total End-to-End   =     9163.490 ms  (T4 - T1)            ║
execution-manager  | ║   Network Overhead   =     4582.768 ms  (Req + Resp)         ║
execution-manager  | ╚═══════════════════════════════════════════════════════════════╝
execution-manager  | 
execution-manager  | [gRPC Client Async] Stream completed, received 1 responses
execution-manager  | [GRPC THREAD 4] Completed
execution-manager  | [SCHEDULER] ⏰ T=10000 ms | T_wall=624742971.267 ms: Launching task 1 'sum1' (deadline: 30000 ms)
execution-manager  | [SCHEDULER] 🕐 Timeout armed for task 1 at T=30000 ms (in 20000 ms)
execution-manager  | [GRPC THREAD 1] Starting...
execution-manager  | [EXECUTION MANAGER] ⏱️ T1=624742971.399 ms | Sending gRPC request for task 1 'sum1'
execution-manager  | [gRPC Channel Pool] Reusing existing channel for localhost:50051
execution-manager  | [gRPC Client Async] Calling task 'sum1' at localhost:50051
execution-manager  | [gRPC Client Async] Inputs: {"total_ops": 200, "io_percentage": 0}
execution-manager  | [gRPC Client Async] Response #1 - Status: COMPLETED
execution-manager  | 🎉 [T=14582 ms] Task 1 'sum1' COMPLETED
execution-manager  | [EXECUTION MANAGER] ⏱️ T2=624742974.428 ms | Thread started (server measured)
execution-manager  | [EXECUTION MANAGER] ⏱️ T3=624747552.560 ms | Task completed (server measured)
execution-manager  | [EXECUTION MANAGER] ⏱️ T4=624747553.311 ms | Result received by client
execution-manager  |    [TASK EXECUTION] 4578.133 ms (T3-T2, measured in thread)
execution-manager  |    [RESULT] {"result": 0}
execution-manager  | 
execution-manager  | ╔═══════════════════════════════════════════════════════════════╗
execution-manager  | ║           END-TO-END TIMING MEASUREMENT RECAP                 ║
execution-manager  | ║                   Task 1: sum1                                 
execution-manager  | ╠═══════════════════════════════════════════════════════════════╣
execution-manager  | ║ T1 (start_request)    = 624742971.399 ms                        ║
execution-manager  | ║ T2 (end_request)      = 624742974.428 ms                        ║
execution-manager  | ║ T3 (start_result)     = 624747552.560 ms                        ║
execution-manager  | ║ T4 (end_result)       = 624747553.311 ms                        ║
execution-manager  | ╠═══════════════════════════════════════════════════════════════╣
execution-manager  | ║ METRICS:                                                      ║
execution-manager  | ║   Request Latency    =        3.029 ms  (T2 - T1)            ║
execution-manager  | ║   Task Execution     =     4578.133 ms  (T3 - T2)            ║
execution-manager  | ║   Response Latency   =        0.750 ms  (T4 - T3)            ║
execution-manager  | ║   Total End-to-End   =     4581.912 ms  (T4 - T1)            ║
execution-manager  | ║   Network Overhead   =        3.779 ms  (Req + Resp)         ║
execution-manager  | ╚═══════════════════════════════════════════════════════════════╝
execution-manager  | 
execution-manager  | [gRPC Client Async] Stream completed, received 1 responses
execution-manager  | [GRPC THREAD 1] Completed
execution-manager  | [SCHEDULER] ✅ T=14582 ms: Task 1 'sum1' completed with status 2
execution-manager  | [SCHEDULER] 🔕 Timeout disarmed for task 1
execution-manager  | [SCHEDULER] 3 tasks remaining
execution-manager  | [SCHEDULER] ⏰ T=20000 ms | T_wall=624752971.299 ms: Launching task 2 'sum2' (deadline: 50000 ms)
execution-manager  | [SCHEDULER] 🕐 Timeout armed for task 2 at T=50000 ms (in 30000 ms)
execution-manager  | [GRPC THREAD 2] Starting...
execution-manager  | [EXECUTION MANAGER] ⏱️ T1=624752971.459 ms | Sending gRPC request for task 2 'sum2'
execution-manager  | [gRPC Channel Pool] Reusing existing channel for localhost:50052
execution-manager  | [gRPC Client Async] Calling task 'sum2' at localhost:50052
execution-manager  | [gRPC Client Async] Inputs: {"total_ops": 200, "io_percentage": 0}
execution-manager  | [SCHEDULER] ⏰ T=24581 ms | T_wall=624757552.507 ms: Launching task 3 'sum3' (deadline: 51000 ms)
execution-manager  | [SCHEDULER] 🕐 Timeout armed for task 3 at T=51000 ms (in 26419 ms)
execution-manager  | [GRPC THREAD 3] Starting...
execution-manager  | [EXECUTION MANAGER] ⏱️ T1=624757552.733 ms | Sending gRPC request for task 3 'sum3'
execution-manager  | [gRPC Channel Pool] Reusing existing channel for localhost:50053
execution-manager  | [gRPC Client Async] Calling task 'sum3' at localhost:50053
execution-manager  | [gRPC Client Async] Inputs: {"total_ops": 200, "io_percentage": 0}
execution-manager  | [SCHEDULER] ⏰ T=24582 ms | T_wall=624757553.385 ms: Launching task 4 'sum4' (deadline: 51000 ms)
execution-manager  | [SCHEDULER] 🕐 Timeout armed for task 4 at T=51000 ms (in 26418 ms)
execution-manager  | [GRPC THREAD 4] Starting...
execution-manager  | [EXECUTION MANAGER] ⏱️ T1=624757553.580 ms | Sending gRPC request for task 4 'sum4'
execution-manager  | [gRPC Channel Pool] Reusing existing channel for localhost:50054
execution-manager  | [gRPC Client Async] Calling task 'sum4' at localhost:50054
execution-manager  | [gRPC Client Async] Inputs: {"total_ops": 200, "io_percentage": 0}
execution-manager  | [gRPC Client Async] Response #1 - Status: COMPLETED
execution-manager  | 🎉 [T=24583 ms] Task 2 'sum2' COMPLETED
execution-manager  | [EXECUTION MANAGER] ⏱️ T2=624752974.822 ms | Thread started (server measured)
execution-manager  | [EXECUTION MANAGER] ⏱️ T3=624757552.216 ms | Task completed (server measured)
execution-manager  | [EXECUTION MANAGER] ⏱️ T4=624757554.769 ms | Result received by client
execution-manager  |    [TASK EXECUTION] 4577.395 ms (T3-T2, measured in thread)
execution-manager  |    [RESULT] {"result": 0}
execution-manager  | 
execution-manager  | ╔═══════════════════════════════════════════════════════════════╗
execution-manager  | ║           END-TO-END TIMING MEASUREMENT RECAP                 ║
execution-manager  | ║                   Task 2: sum2                                 
execution-manager  | ╠═══════════════════════════════════════════════════════════════╣
execution-manager  | ║ T1 (start_request)    = 624752971.459 ms                        ║
execution-manager  | ║ T2 (end_request)      = 624752974.822 ms                        ║
execution-manager  | ║ T3 (start_result)     = 624757552.216 ms                        ║
execution-manager  | ║ T4 (end_result)       = 624757554.769 ms                        ║
execution-manager  | ╠═══════════════════════════════════════════════════════════════╣
execution-manager  | ║ METRICS:                                                      ║
execution-manager  | ║   Request Latency    =        3.362 ms  (T2 - T1)            ║
execution-manager  | ║   Task Execution     =     4577.395 ms  (T3 - T2)            ║
execution-manager  | ║   Response Latency   =        2.553 ms  (T4 - T3)            ║
execution-manager  | ║   Total End-to-End   =     4583.310 ms  (T4 - T1)            ║
execution-manager  | ║   Network Overhead   =        5.915 ms  (Req + Resp)         ║
execution-manager  | ╚═══════════════════════════════════════════════════════════════╝
execution-manager  | 
execution-manager  | [gRPC Client Async] Stream completed, received 1 responses
execution-manager  | [GRPC THREAD 2] Completed
execution-manager  | [SCHEDULER] ✅ T=24584 ms: Task 2 'sum2' completed with status 2
execution-manager  | [SCHEDULER] 🔕 Timeout disarmed for task 2
execution-manager  | [SCHEDULER] 2 tasks remaining
execution-manager  | [gRPC Client Async] Response #1 - Status: COMPLETED
execution-manager  | 🎉 [T=29165 ms] Task 3 'sum3' COMPLETED
execution-manager  | [EXECUTION MANAGER] ⏱️ T2=624757555.431 ms | Thread started (server measured)
execution-manager  | [EXECUTION MANAGER] ⏱️ T3=624762135.608 ms | Task completed (server measured)
execution-manager  | [EXECUTION MANAGER] ⏱️ T4=624762136.268 ms | Result received by client
execution-manager  |    [TASK EXECUTION] 4580.177 ms (T3-T2, measured in thread)
execution-manager  |    [RESULT] {"result": 0}
execution-manager  | 
execution-manager  | ╔═══════════════════════════════════════════════════════════════╗
execution-manager  | ║           END-TO-END TIMING MEASUREMENT RECAP                 ║
execution-manager  | ║                   Task 3: sum3                                 
execution-manager  | ╠═══════════════════════════════════════════════════════════════╣
execution-manager  | ║ T1 (start_request)    = 624757552.733 ms                        ║
execution-manager  | ║ T2 (end_request)      = 624757555.431 ms                        ║
execution-manager  | ║ T3 (start_result)     = 624762135.608 ms                        ║
execution-manager  | ║ T4 (end_result)       = 624762136.268 ms                        ║
execution-manager  | ╠═══════════════════════════════════════════════════════════════╣
execution-manager  | ║ METRICS:                                                      ║
execution-manager  | ║   Request Latency    =        2.698 ms  (T2 - T1)            ║
execution-manager  | ║   Task Execution     =     4580.177 ms  (T3 - T2)            ║
execution-manager  | ║   Response Latency   =        0.660 ms  (T4 - T3)            ║
execution-manager  | ║   Total End-to-End   =     4583.535 ms  (T4 - T1)            ║
execution-manager  | ║   Network Overhead   =        3.358 ms  (Req + Resp)         ║
execution-manager  | ╚═══════════════════════════════════════════════════════════════╝
execution-manager  | 
execution-manager  | [SCHEDULER] ✅ T=29165 ms: Task 3 'sum3' completed with status 2
execution-manager  | [SCHEDULER] 🔕 Timeout disarmed for task 3
execution-manager  | [SCHEDULER] 1 tasks remaining
execution-manager  | [gRPC Client Async] Stream completed, received 1 responses
execution-manager  | [GRPC THREAD 3] Completed
execution-manager  | [gRPC Client Async] Response #1 - Status: COMPLETED
execution-manager  | 🎉 [T=33745 ms] Task 4 'sum4' COMPLETED
execution-manager  | [EXECUTION MANAGER] ⏱️ T2=624762135.700 ms | Thread started (server measured)
execution-manager  | [EXECUTION MANAGER] ⏱️ T3=624766716.024 ms | Task completed (server measured)
execution-manager  | [EXECUTION MANAGER] ⏱️ T4=624766716.839 ms | Result received by client
execution-manager  |    [TASK EXECUTION] 4580.323 ms (T3-T2, measured in thread)
execution-manager  |    [RESULT] {"result": 0}
execution-manager  | 
execution-manager  | ╔═══════════════════════════════════════════════════════════════╗
execution-manager  | ║           END-TO-END TIMING MEASUREMENT RECAP                 ║
execution-manager  | ║                   Task 4: sum4                                 
execution-manager  | ╠═══════════════════════════════════════════════════════════════╣
execution-manager  | ║ T1 (start_request)    = 624757553.580 ms                        ║
execution-manager  | ║ T2 (end_request)      = 624762135.700 ms                        ║
execution-manager  | ║ T3 (start_result)     = 624766716.024 ms                        ║
execution-manager  | ║ T4 (end_result)       = 624766716.839 ms                        ║
execution-manager  | ╠═══════════════════════════════════════════════════════════════╣
execution-manager  | ║ METRICS:                                                      ║
execution-manager  | ║   Request Latency    =     4582.121 ms  (T2 - T1)            ║
execution-manager  | ║   Task Execution     =     4580.323 ms  (T3 - T2)            ║
execution-manager  | ║   Response Latency   =        0.815 ms  (T4 - T3)            ║
execution-manager  | ║   Total End-to-End   =     9163.260 ms  (T4 - T1)            ║
execution-manager  | ║   Network Overhead   =     4582.936 ms  (Req + Resp)         ║
execution-manager  | ╚═══════════════════════════════════════════════════════════════╝
execution-manager  | 
execution-manager  | [gRPC Client Async] Stream completed, received 1 responses
execution-manager  | [GRPC THREAD 4] Completed
execution-manager  | [SCHEDULER] ✅ T=33746 ms: Task 4 'sum4' completed with status 2
execution-manager  | [SCHEDULER] 🔕 Timeout disarmed for task 4
execution-manager  | [SCHEDULER] 0 tasks remaining
execution-manager  | 
execution-manager  | [SCHEDULER] 🏁 Iteration 4/5 complete!
execution-manager  | [SCHEDULER] Iteration execution time: 33746 ms
execution-manager  | 
execution-manager  | 
execution-manager  | [SCHEDULER] 🔁 ===== ITERATION 5 / 5 =====
execution-manager  | 
execution-manager  | [SCHEDULER] 🚀 Schedule started at T=0
execution-manager  | 
execution-manager  | [SCHEDULER] 🔄 Entering event loop (NO SLEEP - event-driven!)
execution-manager  | 
execution-manager  | [SCHEDULER] ⏰ T=10000 ms | T_wall=624776717.271 ms: Launching task 1 'sum1' (deadline: 30000 ms)
execution-manager  | [SCHEDULER] 🕐 Timeout armed for task 1 at T=30000 ms (in 20000 ms)
execution-manager  | [GRPC THREAD 1] Starting...
execution-manager  | [EXECUTION MANAGER] ⏱️ T1=624776717.446 ms | Sending gRPC request for task 1 'sum1'
execution-manager  | [gRPC Channel Pool] Reusing existing channel for localhost:50051
execution-manager  | [gRPC Client Async] Calling task 'sum1' at localhost:50051
execution-manager  | [gRPC Client Async] Inputs: {"total_ops": 200, "io_percentage": 0}
execution-manager  | [gRPC Client Async] RPC failed: Socket closed
execution-manager  | ❌ [T=10002 ms] Task 1 'sum1' ERROR: Socket closed
execution-manager  | [GRPC THREAD 1] Completed
execution-manager  | [SCHEDULER] ✅ T=10002 ms: Task 1 'sum1' completed with status 4
execution-manager  | [SCHEDULER] 3 tasks remaining
execution-manager  | [SCHEDULER] ⏰ T=20000 ms | T_wall=624786717.303 ms: Launching task 2 'sum2' (deadline: 50000 ms)
execution-manager  | [SCHEDULER] 🕐 Timeout armed for task 2 at T=50000 ms (in 30000 ms)
execution-manager  | [GRPC THREAD 2] Starting...
execution-manager  | [EXECUTION MANAGER] ⏱️ T1=624786717.445 ms | Sending gRPC request for task 2 'sum2'
execution-manager  | [gRPC Channel Pool] Reusing existing channel for localhost:50052
execution-manager  | [gRPC Client Async] Calling task 'sum2' at localhost:50052
execution-manager  | [gRPC Client Async] Inputs: {"total_ops": 200, "io_percentage": 0}
execution-manager  | [SCHEDULER] ⏰ T=24583 ms | T_wall=624791300.117 ms: Launching task 3 'sum3' (deadline: 51000 ms)
execution-manager  | [SCHEDULER] 🕐 Timeout armed for task 3 at T=51000 ms (in 26417 ms)
execution-manager  | [GRPC THREAD 3] Starting...
execution-manager  | [EXECUTION MANAGER] ⏱️ T1=624791300.260 ms | Sending gRPC request for task 3 'sum3'
execution-manager  | [gRPC Channel Pool] Reusing existing channel for localhost:50053
execution-manager  | [gRPC Client Async] Calling task 'sum3' at localhost:50053
execution-manager  | [gRPC Client Async] Inputs: {"total_ops": 200, "io_percentage": 0}
execution-manager  | [SCHEDULER] ⏰ T=24584 ms | T_wall=624791301.182 ms: Launching task 4 'sum4' (deadline: 51000 ms)
execution-manager  | [SCHEDULER] 🕐 Timeout armed for task 4 at T=51000 ms (in 26416 ms)
execution-manager  | [GRPC THREAD 4] Starting...
execution-manager  | [EXECUTION MANAGER] ⏱️ T1=624791301.324 ms | Sending gRPC request for task 4 'sum4'
execution-manager  | [gRPC Channel Pool] Reusing existing channel for localhost:50054
execution-manager  | [gRPC Client Async] Calling task 'sum4' at localhost:50054
execution-manager  | [gRPC Client Async] Inputs: {"total_ops": 200, "io_percentage": 0}
execution-manager  | [gRPC Client Async] Response #1 - Status: COMPLETED
execution-manager  | 🎉 [T=24585 ms] Task 2 'sum2' COMPLETED
execution-manager  | [EXECUTION MANAGER] ⏱️ T2=624786720.746 ms | Thread started (server measured)
execution-manager  | [EXECUTION MANAGER] ⏱️ T3=624791299.787 ms | Task completed (server measured)
execution-manager  | [EXECUTION MANAGER] ⏱️ T4=624791302.333 ms | Result received by client
execution-manager  |    [TASK EXECUTION] 4579.041 ms (T3-T2, measured in thread)
execution-manager  |    [RESULT] {"result": 0}
execution-manager  | 
execution-manager  | ╔═══════════════════════════════════════════════════════════════╗
execution-manager  | ║           END-TO-END TIMING MEASUREMENT RECAP                 ║
execution-manager  | ║                   Task 2: sum2                                 
execution-manager  | ╠═══════════════════════════════════════════════════════════════╣
execution-manager  | ║ T1 (start_request)    = 624786717.445 ms                        ║
execution-manager  | ║ T2 (end_request)      = 624786720.746 ms                        ║
execution-manager  | ║ T3 (start_result)     = 624791299.787 ms                        ║
execution-manager  | ║ T4 (end_result)       = 624791302.333 ms                        ║
execution-manager  | ╠═══════════════════════════════════════════════════════════════╣
execution-manager  | ║ METRICS:                                                      ║
execution-manager  | ║   Request Latency    =        3.301 ms  (T2 - T1)            ║
execution-manager  | ║   Task Execution     =     4579.041 ms  (T3 - T2)            ║
execution-manager  | ║   Response Latency   =        2.546 ms  (T4 - T3)            ║
execution-manager  | ║   Total End-to-End   =     4584.888 ms  (T4 - T1)            ║
execution-manager  | ║   Network Overhead   =        5.847 ms  (Req + Resp)         ║
execution-manager  | ╚═══════════════════════════════════════════════════════════════╝
execution-manager  | 
execution-manager  | [gRPC Client Async] Stream completed, received 1 responses
execution-manager  | [GRPC THREAD 2] Completed
execution-manager  | [SCHEDULER] ✅ T=24585 ms: Task 2 'sum2' completed with status 2
execution-manager  | [SCHEDULER] 🔕 Timeout disarmed for task 2
execution-manager  | [SCHEDULER] 2 tasks remaining
execution-manager  | [gRPC Client Async] Response #1 - Status: COMPLETED
execution-manager  | 🎉 [T=29169 ms] Task 3 'sum3' COMPLETED
execution-manager  | [EXECUTION MANAGER] ⏱️ T2=624791306.270 ms | Thread started (server measured)
execution-manager  | [EXECUTION MANAGER] ⏱️ T3=624795885.281 ms | Task completed (server measured)
execution-manager  | [EXECUTION MANAGER] ⏱️ T4=624795886.152 ms | Result received by client
execution-manager  |    [TASK EXECUTION] 4579.010 ms (T3-T2, measured in thread)
execution-manager  |    [RESULT] {"result": 0}
execution-manager  | 
execution-manager  | ╔═══════════════════════════════════════════════════════════════╗
execution-manager  | ║           END-TO-END TIMING MEASUREMENT RECAP                 ║
execution-manager  | ║                   Task 3: sum3                                 
execution-manager  | ╠═══════════════════════════════════════════════════════════════╣
execution-manager  | ║ T1 (start_request)    = 624791300.260 ms                        ║
execution-manager  | ║ T2 (end_request)      = 624791306.270 ms                        ║
execution-manager  | ║ T3 (start_result)     = 624795885.281 ms                        ║
execution-manager  | ║ T4 (end_result)       = 624795886.152 ms                        ║
execution-manager  | ╠═══════════════════════════════════════════════════════════════╣
execution-manager  | ║ METRICS:                                                      ║
execution-manager  | ║   Request Latency    =        6.010 ms  (T2 - T1)            ║
execution-manager  | ║   Task Execution     =     4579.010 ms  (T3 - T2)            ║
execution-manager  | ║   Response Latency   =        0.872 ms  (T4 - T3)            ║
execution-manager  | ║   Total End-to-End   =     4585.892 ms  (T4 - T1)            ║
execution-manager  | ║   Network Overhead   =        6.882 ms  (Req + Resp)         ║
execution-manager  | ╚═══════════════════════════════════════════════════════════════╝
execution-manager  | 
execution-manager  | [gRPC Client Async] Stream completed, received 1 responses
execution-manager  | [GRPC THREAD 3] Completed
execution-manager  | [SCHEDULER] ✅ T=29169 ms: Task 3 'sum3' completed with status 2
execution-manager  | [SCHEDULER] 🔕 Timeout disarmed for task 3
execution-manager  | [SCHEDULER] 1 tasks remaining
execution-manager  | [SCHEDULER] ⚠️ T=33748 ms: TIMEOUT! Aborting task 1 'sum1'
execution-manager  | [SCHEDULER] Task 1 already completed, timeout ignored
execution-manager  | [SCHEDULER] 0 tasks remaining
execution-manager  | 
execution-manager  | [SCHEDULER] 🏁 Iteration 5/5 complete!
execution-manager  | [SCHEDULER] Iteration execution time: 33748 ms
execution-manager  | 
execution-manager  | 
execution-manager  | [SCHEDULER] 🏁 All 5 iteration(s) completed!
execution-manager  | [SCHEDULER] Total execution time: 33748 ms
execution-manager  | 
execution-manager  | [gRPC Client Async] Response #1 - Status: COMPLETED
execution-manager  | 🎉 [T=33749 ms] Task 4 'sum4' COMPLETED
execution-manager  | [EXECUTION MANAGER] ⏱️ T2=624791305.858 ms | Thread started (server measured)
execution-manager  | [EXECUTION MANAGER] ⏱️ T3=624800465.339 ms | Task completed (server measured)
execution-manager  | [EXECUTION MANAGER] ⏱️ T4=624800466.366 ms | Result received by client
execution-manager  |    [TASK EXECUTION] 9159.481 ms (T3-T2, measured in thread)
execution-manager  |    [RESULT] {"result": 0}
execution-manager  | 
execution-manager  | ╔═══════════════════════════════════════════════════════════════╗
execution-manager  | ║           END-TO-END TIMING MEASUREMENT RECAP                 ║
execution-manager  | ║                   Task 4: sum4                                 
execution-manager  | ╠═══════════════════════════════════════════════════════════════╣
execution-manager  | ║ T1 (start_request)    = 624791301.324 ms                        ║
execution-manager  | ║ T2 (end_request)      = 624791305.858 ms                        ║
execution-manager  | ║ T3 (start_result)     = 624800465.339 ms                        ║
execution-manager  | ║ T4 (end_result)       = 624800466.366 ms                        ║
execution-manager  | ╠═══════════════════════════════════════════════════════════════╣
execution-manager  | ║ METRICS:                                                      ║
execution-manager  | ║   Request Latency    =        4.534 ms  (T2 - T1)            ║
execution-manager  | ║   Task Execution     =     9159.481 ms  (T3 - T2)            ║
execution-manager  | ║   Response Latency   =        1.027 ms  (T4 - T3)            ║
execution-manager  | ║   Total End-to-End   =     9165.042 ms  (T4 - T1)            ║
execution-manager  | ║   Network Overhead   =        5.562 ms  (Req + Resp)         ║
execution-manager  | ╚═══════════════════════════════════════════════════════════════╝
execution-manager  | 
execution-manager  | [gRPC Client Async] Stream completed, received 1 responses
execution-manager  | [GRPC THREAD 4] Completed
execution-manager  | Test Suite Finished Successfully.
[Kexecution-manager exited with code 0
