 Container execution-manager  Creating
 Container execution-manager  Created
Attaching to execution-manager
execution-manager  | ============================================
execution-manager  |    DUAL PRIORITY QUEUE ARCHITECTURE TESTER  
execution-manager  | ============================================
execution-manager  | 
execution-manager  | ✅ Execution Manager running with SCHED_FIFO priority 95
execution-manager  |    This ensures precise timing and prevents preemption by tasks
execution-manager  | 
execution-manager  | 
execution-manager  | [Redis] Reading schedule from Redis...
execution-manager  | 
execution-manager  | === REDIS DATA ===
execution-manager  | Schedule: Configurable CPU/IO Benchmark (v0.0.0)
execution-manager  | Number of tasks: 4
execution-manager  | Iterations: 5
execution-manager  | 
execution-manager  | Tasks:
execution-manager  |   1. Task: sum1
execution-manager  |      Policy: fifo, Priority: 50, Start: 10 ms
execution-manager  |      Inputs: {"total_ops": {"type": "int", "value": 200}, "io_percentage": {"type": "int", "value": 50}}
execution-manager  | 
execution-manager  |   2. Task: sum2
execution-manager  |      Policy: fifo, Priority: 65, Start: 11 ms
execution-manager  |      Inputs: {"total_ops": {"type": "int", "value": 200}, "io_percentage": {"type": "int", "value": 50}}
execution-manager  | 
execution-manager  |   3. Task: sum3
execution-manager  |      Policy: fifo, Priority: 65, Start: 20 ms
execution-manager  |      Inputs: {"total_ops": {"type": "int", "value": 200}, "io_percentage": {"type": "int", "value": 50}}
execution-manager  | 
execution-manager  |   4. Task: sum4
execution-manager  |      Policy: fifo, Priority: 50, Start: 21 ms
execution-manager  |      Inputs: {"total_ops": {"type": "int", "value": 200}, "io_percentage": {"type": "int", "value": 50}}
execution-manager  | 
execution-manager  | ==================
execution-manager  | 
execution-manager  | 
execution-manager  | ============================================
execution-manager  |    REAL-TIME EVENT-DRIVEN SCHEDULER
execution-manager  | ============================================
execution-manager  | 
execution-manager  | [SCHEDULER] 🚀 Loading schedule: 4 task(s), 5 iteration(s)
execution-manager  | 
execution-manager  | [SCHEDULER] DEBUG - Task 1: start_time=10 s, deadline=40 s (parsed from Redis)
execution-manager  | [SCHEDULER] 📋 Task 1 'sum1': start=10000 ms, deadline=40000 ms
execution-manager  | [SCHEDULER] DEBUG - Task 2: start_time=11 s, deadline=41 s (parsed from Redis)
execution-manager  | [SCHEDULER] 📋 Task 2 'sum2': start=11000 ms, deadline=41000 ms
execution-manager  | [SCHEDULER] DEBUG - Task 3: start_time=20 s, deadline=50 s (parsed from Redis)
execution-manager  | [SCHEDULER] 📋 Task 3 'sum3': start=20000 ms, deadline=50000 ms
execution-manager  | [SCHEDULER] DEBUG - Task 4: start_time=21 s, deadline=51 s (parsed from Redis)
execution-manager  | [SCHEDULER] 📋 Task 4 'sum4': start=21000 ms, deadline=51000 ms
execution-manager  | 
execution-manager  | [SCHEDULER] 🔁 ===== ITERATION 1 / 5 =====
execution-manager  | 
execution-manager  | [SCHEDULER] 🚀 Schedule started at T=0
execution-manager  | 
execution-manager  | [SCHEDULER] 🔄 Entering event loop (NO SLEEP - event-driven!)
execution-manager  | 
execution-manager  | [EPOLL] T=10000 ms: epoll_wait returned 1 event(s)
execution-manager  | [EPOLL] event[0]: type=0 task=sum1
execution-manager  | [SCHEDULER] ⏰ T=10000 ms | T_wall=734629663.386 ms: Launching task 1 'sum1' (deadline: 40000 ms)
execution-manager  | [SCHEDULER] 🕐 Timeout armed for task 1 at T=40000 ms (in 30000 ms)
execution-manager  | [GRPC THREAD 1] Starting...
execution-manager  | [EXECUTION MANAGER] ⏱️ T1=734629663.647 ms | Sending gRPC request for task 1 'sum1'
execution-manager  | [gRPC Channel Pool] Creating new channel for localhost:50051
execution-manager  | [gRPC Client Async] Calling task 'sum1' at localhost:50051
execution-manager  | [gRPC Client Async] Inputs: {"total_ops": 200, "io_percentage": 50}
execution-manager  | [EPOLL] T=12316 ms: epoll_wait returned 1 event(s)
execution-manager  | [EPOLL] event[0]: type=0 task=sum2
execution-manager  | [SCHEDULER] ⏰ T=12316 ms | T_wall=734631979.716 ms: Launching task 2 'sum2' (deadline: 41000 ms)
execution-manager  | [SCHEDULER] 🕐 Timeout armed for task 2 at T=41000 ms (in 28684 ms)
execution-manager  | [GRPC THREAD 2] Starting...
execution-manager  | [EXECUTION MANAGER] ⏱️ T1=734631980.019 ms | Sending gRPC request for task 2 'sum2'
execution-manager  | [gRPC Channel Pool] Creating new channel for localhost:50052
execution-manager  | [gRPC Client Async] Calling task 'sum2' at localhost:50052
execution-manager  | [gRPC Client Async] Inputs: {"total_ops": 200, "io_percentage": 50}
execution-manager  | [gRPC Client Async] Response #1 - Status: COMPLETED
execution-manager  | 🎉 [T=12319 ms] Task 1 'sum1' COMPLETED
execution-manager  | [EXECUTION MANAGER] ⏱️ T2=734629691.128 ms | Thread started (server measured)
execution-manager  | [EXECUTION MANAGER] ⏱️ T3=734631979.451 ms | Task completed (server measured)
execution-manager  | [EXECUTION MANAGER] ⏱️ T4=734631982.653 ms | Result received by client
execution-manager  |    [TASK EXECUTION] 2288.323 ms (T3-T2, measured in thread)
execution-manager  |    [RESULT] {"result": 0}
execution-manager  | 
execution-manager  | ╔═══════════════════════════════════════════════════════════════╗
execution-manager  | ║           END-TO-END TIMING MEASUREMENT RECAP                 ║
execution-manager  | ║                   Task 1: sum1                                 
execution-manager  | ╠═══════════════════════════════════════════════════════════════╣
execution-manager  | ║ T1 (start_request)    = 734629663.647 ms                        ║
execution-manager  | ║ T2 (end_request)      = 734629691.128 ms                        ║
execution-manager  | ║ T3 (start_result)     = 734631979.451 ms                        ║
execution-manager  | ║ T4 (end_result)       = 734631982.653 ms                        ║
execution-manager  | ╠═══════════════════════════════════════════════════════════════╣
execution-manager  | ║ METRICS:                                                      ║
execution-manager  | ║   Request Latency    =       27.482 ms  (T2 - T1)            ║
execution-manager  | ║   Task Execution     =     2288.323 ms  (T3 - T2)            ║
execution-manager  | ║   Response Latency   =        3.202 ms  (T4 - T3)            ║
execution-manager  | ║   Total End-to-End   =     2319.006 ms  (T4 - T1)            ║
execution-manager  | ║   Network Overhead   =       30.684 ms  (Req + Resp)         ║
execution-manager  | ╚═══════════════════════════════════════════════════════════════╝
execution-manager  | 
execution-manager  | [EPOLL] T=12319 ms: epoll_wait returned 1 event(s)
execution-manager  | [EPOLL] event[0]: type=2 task=NULL
execution-manager  | [SCHEDULER] ✅ T=12319 ms: Task 1 'sum1' completed with status 2
execution-manager  | [SCHEDULER] 🔕 Timeout disarmed for task 1
execution-manager  | [SCHEDULER] 3 tasks remaining
execution-manager  | [gRPC Client Async] Stream completed, received 1 responses
execution-manager  | [GRPC THREAD 1] Completed
execution-manager  | [gRPC Client Async] Response #1 - Status: COMPLETED
execution-manager  | 🎉 [T=14628 ms] Task 2 'sum2' COMPLETED
execution-manager  | [EXECUTION MANAGER] ⏱️ T2=734632001.699 ms | Thread started (server measured)
execution-manager  | [EXECUTION MANAGER] ⏱️ T3=734634290.794 ms | Task completed (server measured)
execution-manager  | [EXECUTION MANAGER] ⏱️ T4=734634291.489 ms | Result received by client
execution-manager  |    [TASK EXECUTION] 2289.095 ms (T3-T2, measured in thread)
execution-manager  |    [RESULT] {"result": 0}
execution-manager  | 
execution-manager  | ╔═══════════════════════════════════════════════════════════════╗
execution-manager  | ║           END-TO-END TIMING MEASUREMENT RECAP                 ║
execution-manager  | ║                   Task 2: sum2                                 
execution-manager  | ╠═══════════════════════════════════════════════════════════════╣
execution-manager  | ║ T1 (start_request)    = 734631980.019 ms                        ║
execution-manager  | ║ T2 (end_request)      = 734632001.699 ms                        ║
execution-manager  | ║ T3 (start_result)     = 734634290.794 ms                        ║
execution-manager  | ║ T4 (end_result)       = 734634291.489 ms                        ║
execution-manager  | ╠═══════════════════════════════════════════════════════════════╣
execution-manager  | ║ METRICS:                                                      ║
execution-manager  | ║   Request Latency    =       21.680 ms  (T2 - T1)            ║
execution-manager  | ║   Task Execution     =     2289.095 ms  (T3 - T2)            ║
execution-manager  | ║   Response Latency   =        0.695 ms  (T4 - T3)            ║
execution-manager  | ║   Total End-to-End   =     2311.470 ms  (T4 - T1)            ║
execution-manager  | ║   Network Overhead   =       22.375 ms  (Req + Resp)         ║
execution-manager  | ╚═══════════════════════════════════════════════════════════════╝
execution-manager  | 
execution-manager  | [EPOLL] T=14628 ms: epoll_wait returned 1 event(s)
execution-manager  | [EPOLL] event[0]: type=2 task=NULL
execution-manager  | [SCHEDULER] ✅ T=14628 ms: Task 2 'sum2' completed with status 2
execution-manager  | [SCHEDULER] 🔕 Timeout disarmed for task 2
execution-manager  | [SCHEDULER] 2 tasks remaining
execution-manager  | [gRPC Client Async] Stream completed, received 1 responses
execution-manager  | [GRPC THREAD 2] Completed
execution-manager  | [EPOLL] T=20000 ms: epoll_wait returned 1 event(s)
execution-manager  | [EPOLL] event[0]: type=0 task=sum3
execution-manager  | [SCHEDULER] ⏰ T=20000 ms | T_wall=734639663.453 ms: Launching task 3 'sum3' (deadline: 50000 ms)
execution-manager  | [SCHEDULER] 🕐 Timeout armed for task 3 at T=50000 ms (in 30000 ms)
execution-manager  | [GRPC THREAD 3] Starting...
execution-manager  | [EXECUTION MANAGER] ⏱️ T1=734639663.642 ms | Sending gRPC request for task 3 'sum3'
execution-manager  | [gRPC Channel Pool] Creating new channel for localhost:50053
execution-manager  | [gRPC Client Async] Calling task 'sum3' at localhost:50053
execution-manager  | [gRPC Client Async] Inputs: {"total_ops": 200, "io_percentage": 50}
execution-manager  | [EPOLL] T=22312 ms: epoll_wait returned 1 event(s)
execution-manager  | [EPOLL] event[0]: type=0 task=sum4
execution-manager  | [SCHEDULER] ⏰ T=22312 ms | T_wall=734641975.039 ms: Launching task 4 'sum4' (deadline: 51000 ms)
execution-manager  | [SCHEDULER] 🕐 Timeout armed for task 4 at T=51000 ms (in 28688 ms)
execution-manager  | [GRPC THREAD 4] Starting...
execution-manager  | [EXECUTION MANAGER] ⏱️ T1=734641975.321 ms | Sending gRPC request for task 4 'sum4'
execution-manager  | [gRPC Channel Pool] Creating new channel for localhost:50054
execution-manager  | [gRPC Client Async] Calling task 'sum4' at localhost:50054
execution-manager  | [gRPC Client Async] Inputs: {"total_ops": 200, "io_percentage": 50}
execution-manager  | [gRPC Client Async] Response #1 - Status: COMPLETED
execution-manager  | 🎉 [T=22314 ms] Task 3 'sum3' COMPLETED
execution-manager  | [EXECUTION MANAGER] ⏱️ T2=734639685.839 ms | Thread started (server measured)
execution-manager  | [EXECUTION MANAGER] ⏱️ T3=734641974.744 ms | Task completed (server measured)
execution-manager  | [EXECUTION MANAGER] ⏱️ T4=734641977.878 ms | Result received by client
execution-manager  |    [TASK EXECUTION] 2288.904 ms (T3-T2, measured in thread)
execution-manager  |    [RESULT] {"result": 0}
execution-manager  | 
execution-manager  | ╔═══════════════════════════════════════════════════════════════╗
execution-manager  | ║           END-TO-END TIMING MEASUREMENT RECAP                 ║
execution-manager  | ║                   Task 3: sum3                                 
execution-manager  | ╠═══════════════════════════════════════════════════════════════╣
execution-manager  | ║ T1 (start_request)    = 734639663.642 ms                        ║
execution-manager  | ║ T2 (end_request)      = 734639685.839 ms                        ║
execution-manager  | ║ T3 (start_result)     = 734641974.744 ms                        ║
execution-manager  | ║ T4 (end_result)       = 734641977.878 ms                        ║
execution-manager  | ╠═══════════════════════════════════════════════════════════════╣
execution-manager  | ║ METRICS:                                                      ║
execution-manager  | ║   Request Latency    =       22.198 ms  (T2 - T1)            ║
execution-manager  | ║   Task Execution     =     2288.904 ms  (T3 - T2)            ║
execution-manager  | ║   Response Latency   =        3.134 ms  (T4 - T3)            ║
execution-manager  | ║   Total End-to-End   =     2314.237 ms  (T4 - T1)            ║
execution-manager  | ║   Network Overhead   =       25.332 ms  (Req + Resp)         ║
execution-manager  | ╚═══════════════════════════════════════════════════════════════╝
execution-manager  | 
execution-manager  | [EPOLL] T=22314 ms: epoll_wait returned 1 event(s)
execution-manager  | [EPOLL] event[0]: type=2 task=NULL
execution-manager  | [SCHEDULER] ✅ T=22314 ms: Task 3 'sum3' completed with status 2
execution-manager  | [SCHEDULER] 🔕 Timeout disarmed for task 3
execution-manager  | [SCHEDULER] 1 tasks remaining
execution-manager  | [gRPC Client Async] Stream completed, received 1 responses
execution-manager  | [GRPC THREAD 3] Completed
execution-manager  | [gRPC Client Async] Response #1 - Status: COMPLETED
execution-manager  | 🎉 [T=24626 ms] Task 4 'sum4' COMPLETED
execution-manager  | [EXECUTION MANAGER] ⏱️ T2=734641998.534 ms | Thread started (server measured)
execution-manager  | [EXECUTION MANAGER] ⏱️ T3=734644288.769 ms | Task completed (server measured)
execution-manager  | [EXECUTION MANAGER] ⏱️ T4=734644289.499 ms | Result received by client
execution-manager  |    [TASK EXECUTION] 2290.235 ms (T3-T2, measured in thread)
execution-manager  |    [RESULT] {"result": 0}
execution-manager  | 
execution-manager  | ╔═══════════════════════════════════════════════════════════════╗
execution-manager  | ║           END-TO-END TIMING MEASUREMENT RECAP                 ║
execution-manager  | ║                   Task 4: sum4                                 
execution-manager  | ╠═══════════════════════════════════════════════════════════════╣
execution-manager  | ║ T1 (start_request)    = 734641975.321 ms                        ║
execution-manager  | ║ T2 (end_request)      = 734641998.534 ms                        ║
execution-manager  | ║ T3 (start_result)     = 734644288.769 ms                        ║
execution-manager  | ║ T4 (end_result)       = 734644289.499 ms                        ║
execution-manager  | ╠═══════════════════════════════════════════════════════════════╣
execution-manager  | ║ METRICS:                                                      ║
execution-manager  | ║   Request Latency    =       23.213 ms  (T2 - T1)            ║
execution-manager  | ║   Task Execution     =     2290.235 ms  (T3 - T2)            ║
execution-manager  | ║   Response Latency   =        0.730 ms  (T4 - T3)            ║
execution-manager  | ║   Total End-to-End   =     2314.178 ms  (T4 - T1)            ║
execution-manager  | ║   Network Overhead   =       23.943 ms  (Req + Resp)         ║
execution-manager  | ╚═══════════════════════════════════════════════════════════════╝
execution-manager  | 
execution-manager  | [EPOLL] T=24626 ms: epoll_wait returned 1 event(s)
execution-manager  | [EPOLL] event[0]: type=2 task=NULL
execution-manager  | [SCHEDULER] ✅ T=24626 ms: Task 4 'sum4' completed with status 2
execution-manager  | [SCHEDULER] 🔕 Timeout disarmed for task 4
execution-manager  | [SCHEDULER] 0 tasks remaining
execution-manager  | 
execution-manager  | [SCHEDULER] 🏁 Iteration 1/5 complete!
execution-manager  | [SCHEDULER] Iteration execution time: 24626 ms
execution-manager  | 
execution-manager  | 
execution-manager  | [SCHEDULER] 🔁 ===== ITERATION 2 / 5 =====
execution-manager  | 
execution-manager  | [SCHEDULER] 🚀 Schedule started at T=0
execution-manager  | 
execution-manager  | [SCHEDULER] 🔄 Entering event loop (NO SLEEP - event-driven!)
execution-manager  | 
execution-manager  | [gRPC Client Async] Stream completed, received 1 responses
execution-manager  | [GRPC THREAD 4] Completed
execution-manager  | [EPOLL] T=10000 ms: epoll_wait returned 1 event(s)
execution-manager  | [EPOLL] event[0]: type=0 task=sum1
execution-manager  | [SCHEDULER] ⏰ T=10000 ms | T_wall=734654289.804 ms: Launching task 1 'sum1' (deadline: 40000 ms)
execution-manager  | [SCHEDULER] 🕐 Timeout armed for task 1 at T=40000 ms (in 30000 ms)
execution-manager  | [GRPC THREAD 1] Starting...
execution-manager  | [EXECUTION MANAGER] ⏱️ T1=734654289.968 ms | Sending gRPC request for task 1 'sum1'
execution-manager  | [gRPC Channel Pool] Reusing existing channel for localhost:50051 (state=2)
execution-manager  | [gRPC Client Async] Calling task 'sum1' at localhost:50051
execution-manager  | [gRPC Client Async] Inputs: {"total_ops": 200, "io_percentage": 50}
execution-manager  | [EPOLL] T=12291 ms: epoll_wait returned 1 event(s)
execution-manager  | [EPOLL] event[0]: type=0 task=sum2
execution-manager  | [SCHEDULER] ⏰ T=12291 ms | T_wall=734656580.124 ms: Launching task 2 'sum2' (deadline: 41000 ms)
execution-manager  | [SCHEDULER] 🕐 Timeout armed for task 2 at T=41000 ms (in 28709 ms)
execution-manager  | [GRPC THREAD 2] Starting...
execution-manager  | [EXECUTION MANAGER] ⏱️ T1=734656580.311 ms | Sending gRPC request for task 2 'sum2'
execution-manager  | [gRPC Channel Pool] Reusing existing channel for localhost:50052 (state=2)
execution-manager  | [gRPC Client Async] Calling task 'sum2' at localhost:50052
execution-manager  | [gRPC Client Async] Inputs: {"total_ops": 200, "io_percentage": 50}
execution-manager  | [gRPC Client Async] Response #1 - Status: COMPLETED
execution-manager  | 🎉 [T=12292 ms] Task 1 'sum1' COMPLETED
execution-manager  | [EXECUTION MANAGER] ⏱️ T2=734654290.948 ms | Thread started (server measured)
execution-manager  | [EXECUTION MANAGER] ⏱️ T3=734656579.593 ms | Task completed (server measured)
execution-manager  | [EXECUTION MANAGER] ⏱️ T4=734656581.257 ms | Result received by client
execution-manager  |    [TASK EXECUTION] 2288.645 ms (T3-T2, measured in thread)
execution-manager  |    [RESULT] {"result": 0}
execution-manager  | 
execution-manager  | ╔═══════════════════════════════════════════════════════════════╗
execution-manager  | ║           END-TO-END TIMING MEASUREMENT RECAP                 ║
execution-manager  | ║                   Task 1: sum1                                 
execution-manager  | ╠═══════════════════════════════════════════════════════════════╣
execution-manager  | ║ T1 (start_request)    = 734654289.968 ms                        ║
execution-manager  | ║ T2 (end_request)      = 734654290.948 ms                        ║
execution-manager  | ║ T3 (start_result)     = 734656579.593 ms                        ║
execution-manager  | ║ T4 (end_result)       = 734656581.257 ms                        ║
execution-manager  | ╠═══════════════════════════════════════════════════════════════╣
execution-manager  | ║ METRICS:                                                      ║
execution-manager  | ║   Request Latency    =        0.980 ms  (T2 - T1)            ║
execution-manager  | ║   Task Execution     =     2288.645 ms  (T3 - T2)            ║
execution-manager  | ║   Response Latency   =        1.664 ms  (T4 - T3)            ║
execution-manager  | ║   Total End-to-End   =     2291.288 ms  (T4 - T1)            ║
execution-manager  | ║   Network Overhead   =        2.644 ms  (Req + Resp)         ║
execution-manager  | ╚═══════════════════════════════════════════════════════════════╝
execution-manager  | 
execution-manager  | [EPOLL] T=12292 ms: epoll_wait returned 1 event(s)
execution-manager  | [EPOLL] event[0]: type=2 task=NULL
execution-manager  | [SCHEDULER] ✅ T=12292 ms: Task 1 'sum1' completed with status 2
execution-manager  | [SCHEDULER] 🔕 Timeout disarmed for task 1
execution-manager  | [SCHEDULER] 3 tasks remaining
execution-manager  | [gRPC Client Async] Stream completed, received 1 responses
execution-manager  | [GRPC THREAD 1] Completed
execution-manager  | [gRPC Client Async] Response #1 - Status: COMPLETED
execution-manager  | 🎉 [T=14583 ms] Task 2 'sum2' COMPLETED
execution-manager  | [EXECUTION MANAGER] ⏱️ T2=734656581.731 ms | Thread started (server measured)
execution-manager  | [EXECUTION MANAGER] ⏱️ T3=734658871.581 ms | Task completed (server measured)
execution-manager  | [EXECUTION MANAGER] ⏱️ T4=734658872.232 ms | Result received by client
execution-manager  |    [TASK EXECUTION] 2289.850 ms (T3-T2, measured in thread)
execution-manager  |    [RESULT] {"result": 0}
execution-manager  | 
execution-manager  | ╔═══════════════════════════════════════════════════════════════╗
execution-manager  | ║           END-TO-END TIMING MEASUREMENT RECAP                 ║
execution-manager  | ║                   Task 2: sum2                                 
execution-manager  | ╠═══════════════════════════════════════════════════════════════╣
execution-manager  | ║ T1 (start_request)    = 734656580.311 ms                        ║
execution-manager  | ║ T2 (end_request)      = 734656581.731 ms                        ║
execution-manager  | ║ T3 (start_result)     = 734658871.581 ms                        ║
execution-manager  | ║ T4 (end_result)       = 734658872.232 ms                        ║
execution-manager  | ╠═══════════════════════════════════════════════════════════════╣
execution-manager  | ║ METRICS:                                                      ║
execution-manager  | ║   Request Latency    =        1.420 ms  (T2 - T1)            ║
execution-manager  | ║   Task Execution     =     2289.850 ms  (T3 - T2)            ║
execution-manager  | ║   Response Latency   =        0.651 ms  (T4 - T3)            ║
execution-manager  | ║   Total End-to-End   =     2291.921 ms  (T4 - T1)            ║
execution-manager  | ║   Network Overhead   =        2.071 ms  (Req + Resp)         ║
execution-manager  | ╚═══════════════════════════════════════════════════════════════╝
execution-manager  | 
execution-manager  | [EPOLL] T=14583 ms: epoll_wait returned 1 event(s)
execution-manager  | [EPOLL] event[0]: type=2 task=NULL
execution-manager  | [SCHEDULER] ✅ T=14583 ms: Task 2 'sum2' completed with status 2
execution-manager  | [SCHEDULER] 🔕 Timeout disarmed for task 2
execution-manager  | [SCHEDULER] 2 tasks remaining
execution-manager  | [gRPC Client Async] Stream completed, received 1 responses
execution-manager  | [GRPC THREAD 2] Completed
execution-manager  | [EPOLL] T=20000 ms: epoll_wait returned 1 event(s)
execution-manager  | [EPOLL] event[0]: type=0 task=sum3
execution-manager  | [SCHEDULER] ⏰ T=20000 ms | T_wall=734664289.866 ms: Launching task 3 'sum3' (deadline: 50000 ms)
execution-manager  | [SCHEDULER] 🕐 Timeout armed for task 3 at T=50000 ms (in 30000 ms)
execution-manager  | [GRPC THREAD 3] Starting...
execution-manager  | [EXECUTION MANAGER] ⏱️ T1=734664290.042 ms | Sending gRPC request for task 3 'sum3'
execution-manager  | [gRPC Channel Pool] Reusing existing channel for localhost:50053 (state=2)
execution-manager  | [gRPC Client Async] Calling task 'sum3' at localhost:50053
execution-manager  | [gRPC Client Async] Inputs: {"total_ops": 200, "io_percentage": 50}
execution-manager  | [EPOLL] T=22291 ms: epoll_wait returned 1 event(s)
execution-manager  | [EPOLL] event[0]: type=0 task=sum4
execution-manager  | [SCHEDULER] ⏰ T=22291 ms | T_wall=734666580.429 ms: Launching task 4 'sum4' (deadline: 51000 ms)
execution-manager  | [SCHEDULER] 🕐 Timeout armed for task 4 at T=51000 ms (in 28709 ms)
execution-manager  | [GRPC THREAD 4] Starting...
execution-manager  | [EXECUTION MANAGER] ⏱️ T1=734666580.625 ms | Sending gRPC request for task 4 'sum4'
execution-manager  | [gRPC Channel Pool] Reusing existing channel for localhost:50054 (state=2)
execution-manager  | [gRPC Client Async] Calling task 'sum4' at localhost:50054
execution-manager  | [gRPC Client Async] Inputs: {"total_ops": 200, "io_percentage": 50}
execution-manager  | [gRPC Client Async] Response #1 - Status: COMPLETED
execution-manager  | 🎉 [T=22292 ms] Task 3 'sum3' COMPLETED
execution-manager  | [EXECUTION MANAGER] ⏱️ T2=734664291.251 ms | Thread started (server measured)
execution-manager  | [EXECUTION MANAGER] ⏱️ T3=734666580.148 ms | Task completed (server measured)
execution-manager  | [EXECUTION MANAGER] ⏱️ T4=734666581.348 ms | Result received by client
execution-manager  |    [TASK EXECUTION] 2288.897 ms (T3-T2, measured in thread)
execution-manager  |    [RESULT] {"result": 0}
execution-manager  | 
execution-manager  | ╔═══════════════════════════════════════════════════════════════╗
execution-manager  | ║           END-TO-END TIMING MEASUREMENT RECAP                 ║
execution-manager  | ║                   Task 3: sum3                                 
execution-manager  | ╠═══════════════════════════════════════════════════════════════╣
execution-manager  | ║ T1 (start_request)    = 734664290.042 ms                        ║
execution-manager  | ║ T2 (end_request)      = 734664291.251 ms                        ║
execution-manager  | ║ T3 (start_result)     = 734666580.148 ms                        ║
execution-manager  | ║ T4 (end_result)       = 734666581.348 ms                        ║
execution-manager  | ╠═══════════════════════════════════════════════════════════════╣
execution-manager  | ║ METRICS:                                                      ║
execution-manager  | ║   Request Latency    =        1.209 ms  (T2 - T1)            ║
execution-manager  | ║   Task Execution     =     2288.897 ms  (T3 - T2)            ║
execution-manager  | ║   Response Latency   =        1.200 ms  (T4 - T3)            ║
execution-manager  | ║   Total End-to-End   =     2291.306 ms  (T4 - T1)            ║
execution-manager  | ║   Network Overhead   =        2.409 ms  (Req + Resp)         ║
execution-manager  | ╚═══════════════════════════════════════════════════════════════╝
execution-manager  | 
execution-manager  | [EPOLL] T=22292 ms: epoll_wait returned 1 event(s)
execution-manager  | [EPOLL] event[0]: type=2 task=NULL
execution-manager  | [SCHEDULER] ✅ T=22292 ms: Task 3 'sum3' completed with status 2
execution-manager  | [SCHEDULER] 🔕 Timeout disarmed for task 3
execution-manager  | [SCHEDULER] 1 tasks remaining
execution-manager  | [gRPC Client Async] Stream completed, received 1 responses
execution-manager  | [GRPC THREAD 3] Completed
execution-manager  | [gRPC Client Async] Response #1 - Status: COMPLETED
execution-manager  | 🎉 [T=24583 ms] Task 4 'sum4' COMPLETED
execution-manager  | [EXECUTION MANAGER] ⏱️ T2=734666582.042 ms | Thread started (server measured)
execution-manager  | [EXECUTION MANAGER] ⏱️ T3=734668872.256 ms | Task completed (server measured)
execution-manager  | [EXECUTION MANAGER] ⏱️ T4=734668872.855 ms | Result received by client
execution-manager  |    [TASK EXECUTION] 2290.213 ms (T3-T2, measured in thread)
execution-manager  |    [RESULT] {"result": 0}
execution-manager  | 
execution-manager  | ╔═══════════════════════════════════════════════════════════════╗
execution-manager  | ║           END-TO-END TIMING MEASUREMENT RECAP                 ║
execution-manager  | ║                   Task 4: sum4                                 
execution-manager  | ╠═══════════════════════════════════════════════════════════════╣
execution-manager  | ║ T1 (start_request)    = 734666580.625 ms                        ║
execution-manager  | ║ T2 (end_request)      = 734666582.042 ms                        ║
execution-manager  | ║ T3 (start_result)     = 734668872.256 ms                        ║
execution-manager  | ║ T4 (end_result)       = 734668872.855 ms                        ║
execution-manager  | ╠═══════════════════════════════════════════════════════════════╣
execution-manager  | ║ METRICS:                                                      ║
execution-manager  | ║   Request Latency    =        1.418 ms  (T2 - T1)            ║
execution-manager  | ║   Task Execution     =     2290.213 ms  (T3 - T2)            ║
execution-manager  | ║   Response Latency   =        0.599 ms  (T4 - T3)            ║
execution-manager  | ║   Total End-to-End   =     2292.230 ms  (T4 - T1)            ║
execution-manager  | ║   Network Overhead   =        2.017 ms  (Req + Resp)         ║
execution-manager  | ╚═══════════════════════════════════════════════════════════════╝
execution-manager  | 
execution-manager  | [EPOLL] T=24583 ms: epoll_wait returned 1 event(s)
execution-manager  | [EPOLL] event[0]: type=2 task=NULL
execution-manager  | [SCHEDULER] ✅ T=24583 ms: Task 4 'sum4' completed with status 2
execution-manager  | [SCHEDULER] 🔕 Timeout disarmed for task 4
execution-manager  | [SCHEDULER] 0 tasks remaining
execution-manager  | 
execution-manager  | [SCHEDULER] 🏁 Iteration 2/5 complete!
execution-manager  | [SCHEDULER] Iteration execution time: 24583 ms
execution-manager  | 
execution-manager  | 
execution-manager  | [SCHEDULER] 🔁 ===== ITERATION 3 / 5 =====
execution-manager  | 
execution-manager  | [SCHEDULER] 🚀 Schedule started at T=0
execution-manager  | 
execution-manager  | [SCHEDULER] 🔄 Entering event loop (NO SLEEP - event-driven!)
execution-manager  | 
execution-manager  | [gRPC Client Async] Stream completed, received 1 responses
execution-manager  | [GRPC THREAD 4] Completed
execution-manager  | [EPOLL] T=10000 ms: epoll_wait returned 1 event(s)
execution-manager  | [EPOLL] event[0]: type=0 task=sum1
execution-manager  | [SCHEDULER] ⏰ T=10000 ms | T_wall=734678873.196 ms: Launching task 1 'sum1' (deadline: 40000 ms)
execution-manager  | [SCHEDULER] 🕐 Timeout armed for task 1 at T=40000 ms (in 30000 ms)
execution-manager  | [GRPC THREAD 1] Starting...
execution-manager  | [EXECUTION MANAGER] ⏱️ T1=734678873.365 ms | Sending gRPC request for task 1 'sum1'
execution-manager  | [gRPC Channel Pool] Reusing existing channel for localhost:50051 (state=2)
execution-manager  | [gRPC Client Async] Calling task 'sum1' at localhost:50051
execution-manager  | [gRPC Client Async] Inputs: {"total_ops": 200, "io_percentage": 50}
execution-manager  | [gRPC Client Async] Response #1 - Status: COMPLETED
execution-manager  | 🎉 [T=12290 ms] Task 1 'sum1' COMPLETED
execution-manager  | [EXECUTION MANAGER] ⏱️ T2=734678874.200 ms | Thread started (server measured)
execution-manager  | [EXECUTION MANAGER] ⏱️ T3=734681163.037 ms | Task completed (server measured)
execution-manager  | [EXECUTION MANAGER] ⏱️ T4=734681163.665 ms | Result received by client
execution-manager  |    [TASK EXECUTION] 2288.837 ms (T3-T2, measured in thread)
execution-manager  |    [RESULT] {"result": 0}
execution-manager  | 
execution-manager  | ╔═══════════════════════════════════════════════════════════════╗
execution-manager  | ║           END-TO-END TIMING MEASUREMENT RECAP                 ║
execution-manager  | ║                   Task 1: sum1                                 
execution-manager  | ╠═══════════════════════════════════════════════════════════════╣
execution-manager  | ║ T1 (start_request)    = 734678873.365 ms                        ║
execution-manager  | ║ T2 (end_request)      = 734678874.200 ms                        ║
execution-manager  | ║ T3 (start_result)     = 734681163.037 ms                        ║
execution-manager  | ║ T4 (end_result)       = 734681163.665 ms                        ║
execution-manager  | ╠═══════════════════════════════════════════════════════════════╣
execution-manager  | ║ METRICS:                                                      ║
execution-manager  | ║   Request Latency    =        0.834 ms  (T2 - T1)            ║
execution-manager  | ║   Task Execution     =     2288.837 ms  (T3 - T2)            ║
execution-manager  | ║   Response Latency   =        0.627 ms  (T4 - T3)            ║
execution-manager  | ║   Total End-to-End   =     2290.299 ms  (T4 - T1)            ║
execution-manager  | ║   Network Overhead   =        1.462 ms  (Req + Resp)         ║
execution-manager  | ╚═══════════════════════════════════════════════════════════════╝
execution-manager  | 
execution-manager  | [EPOLL] T=12290 ms: epoll_wait returned 1 event(s)
execution-manager  | [EPOLL] event[0]: type=2 task=NULL
execution-manager  | [SCHEDULER] ✅ T=12290 ms: Task 1 'sum1' completed with status 2
execution-manager  | [SCHEDULER] 🔕 Timeout disarmed for task 1
execution-manager  | [SCHEDULER] 3 tasks remaining
execution-manager  | [gRPC Client Async] Stream completed, received 1 responses
execution-manager  | [GRPC THREAD 1] Completed
execution-manager  | [EPOLL] T=12291 ms: epoll_wait returned 1 event(s)
execution-manager  | [EPOLL] event[0]: type=0 task=sum2
execution-manager  | [SCHEDULER] ⏰ T=12291 ms | T_wall=734681164.293 ms: Launching task 2 'sum2' (deadline: 41000 ms)
execution-manager  | [SCHEDULER] 🕐 Timeout armed for task 2 at T=41000 ms (in 28709 ms)
execution-manager  | [GRPC THREAD 2] Starting...
execution-manager  | [EXECUTION MANAGER] ⏱️ T1=734681164.466 ms | Sending gRPC request for task 2 'sum2'
execution-manager  | [gRPC Channel Pool] Reusing existing channel for localhost:50052 (state=2)
execution-manager  | [gRPC Client Async] Calling task 'sum2' at localhost:50052
execution-manager  | [gRPC Client Async] Inputs: {"total_ops": 200, "io_percentage": 50}
execution-manager  | [gRPC Client Async] Response #1 - Status: COMPLETED
execution-manager  | 🎉 [T=14583 ms] Task 2 'sum2' COMPLETED
execution-manager  | [EXECUTION MANAGER] ⏱️ T2=734681165.475 ms | Thread started (server measured)
execution-manager  | [EXECUTION MANAGER] ⏱️ T3=734683455.430 ms | Task completed (server measured)
execution-manager  | [EXECUTION MANAGER] ⏱️ T4=734683456.086 ms | Result received by client
execution-manager  |    [TASK EXECUTION] 2289.956 ms (T3-T2, measured in thread)
execution-manager  |    [RESULT] {"result": 0}
execution-manager  | 
execution-manager  | ╔═══════════════════════════════════════════════════════════════╗
execution-manager  | ║           END-TO-END TIMING MEASUREMENT RECAP                 ║
execution-manager  | ║                   Task 2: sum2                                 
execution-manager  | ╠═══════════════════════════════════════════════════════════════╣
execution-manager  | ║ T1 (start_request)    = 734681164.466 ms                        ║
execution-manager  | ║ T2 (end_request)      = 734681165.475 ms                        ║
execution-manager  | ║ T3 (start_result)     = 734683455.430 ms                        ║
execution-manager  | ║ T4 (end_result)       = 734683456.086 ms                        ║
execution-manager  | ╠═══════════════════════════════════════════════════════════════╣
execution-manager  | ║ METRICS:                                                      ║
execution-manager  | ║   Request Latency    =        1.009 ms  (T2 - T1)            ║
execution-manager  | ║   Task Execution     =     2289.956 ms  (T3 - T2)            ║
execution-manager  | ║   Response Latency   =        0.656 ms  (T4 - T3)            ║
execution-manager  | ║   Total End-to-End   =     2291.620 ms  (T4 - T1)            ║
execution-manager  | ║   Network Overhead   =        1.665 ms  (Req + Resp)         ║
execution-manager  | ╚═══════════════════════════════════════════════════════════════╝
execution-manager  | 
execution-manager  | [EPOLL] T=14583 ms: epoll_wait returned 1 event(s)
execution-manager  | [EPOLL] event[0]: type=2 task=NULL
execution-manager  | [SCHEDULER] ✅ T=14583 ms: Task 2 'sum2' completed with status 2
execution-manager  | [SCHEDULER] 🔕 Timeout disarmed for task 2
execution-manager  | [SCHEDULER] 2 tasks remaining
execution-manager  | [gRPC Client Async] Stream completed, received 1 responses
execution-manager  | [GRPC THREAD 2] Completed
execution-manager  | [EPOLL] T=20000 ms: epoll_wait returned 1 event(s)
execution-manager  | [EPOLL] event[0]: type=0 task=sum3
execution-manager  | [SCHEDULER] ⏰ T=20000 ms | T_wall=734688873.274 ms: Launching task 3 'sum3' (deadline: 50000 ms)
execution-manager  | [SCHEDULER] 🕐 Timeout armed for task 3 at T=50000 ms (in 30000 ms)
execution-manager  | [GRPC THREAD 3] Starting...
execution-manager  | [EXECUTION MANAGER] ⏱️ T1=734688873.432 ms | Sending gRPC request for task 3 'sum3'
execution-manager  | [gRPC Channel Pool] Reusing existing channel for localhost:50053 (state=2)
execution-manager  | [gRPC Client Async] Calling task 'sum3' at localhost:50053
execution-manager  | [gRPC Client Async] Inputs: {"total_ops": 200, "io_percentage": 50}
execution-manager  | [EPOLL] T=22290 ms: epoll_wait returned 1 event(s)
execution-manager  | [EPOLL] event[0]: type=0 task=sum4
execution-manager  | [SCHEDULER] ⏰ T=22290 ms | T_wall=734691163.485 ms: Launching task 4 'sum4' (deadline: 51000 ms)
execution-manager  | [SCHEDULER] 🕐 Timeout armed for task 4 at T=51000 ms (in 28710 ms)
execution-manager  | [GRPC THREAD 4] Starting...
execution-manager  | [EXECUTION MANAGER] ⏱️ T1=734691163.674 ms | Sending gRPC request for task 4 'sum4'
execution-manager  | [gRPC Channel Pool] Reusing existing channel for localhost:50054 (state=2)
execution-manager  | [gRPC Client Async] Calling task 'sum4' at localhost:50054
execution-manager  | [gRPC Client Async] Inputs: {"total_ops": 200, "io_percentage": 50}
execution-manager  | [gRPC Client Async] Response #1 - Status: COMPLETED
execution-manager  | 🎉 [T=22291 ms] Task 3 'sum3' COMPLETED
execution-manager  | [EXECUTION MANAGER] ⏱️ T2=734688874.214 ms | Thread started (server measured)
execution-manager  | [EXECUTION MANAGER] ⏱️ T3=734691163.240 ms | Task completed (server measured)
execution-manager  | [EXECUTION MANAGER] ⏱️ T4=734691164.432 ms | Result received by client
execution-manager  |    [TASK EXECUTION] 2289.026 ms (T3-T2, measured in thread)
execution-manager  |    [RESULT] {"result": 0}
execution-manager  | 
execution-manager  | ╔═══════════════════════════════════════════════════════════════╗
execution-manager  | ║           END-TO-END TIMING MEASUREMENT RECAP                 ║
execution-manager  | ║                   Task 3: sum3                                 
execution-manager  | ╠═══════════════════════════════════════════════════════════════╣
execution-manager  | ║ T1 (start_request)    = 734688873.432 ms                        ║
execution-manager  | ║ T2 (end_request)      = 734688874.214 ms                        ║
execution-manager  | ║ T3 (start_result)     = 734691163.240 ms                        ║
execution-manager  | ║ T4 (end_result)       = 734691164.432 ms                        ║
execution-manager  | ╠═══════════════════════════════════════════════════════════════╣
execution-manager  | ║ METRICS:                                                      ║
execution-manager  | ║   Request Latency    =        0.781 ms  (T2 - T1)            ║
execution-manager  | ║   Task Execution     =     2289.026 ms  (T3 - T2)            ║
execution-manager  | ║   Response Latency   =        1.192 ms  (T4 - T3)            ║
execution-manager  | ║   Total End-to-End   =     2291.000 ms  (T4 - T1)            ║
execution-manager  | ║   Network Overhead   =        1.973 ms  (Req + Resp)         ║
execution-manager  | ╚═══════════════════════════════════════════════════════════════╝
execution-manager  | 
execution-manager  | [EPOLL] T=22291 ms: epoll_wait returned 1 event(s)
execution-manager  | [EPOLL] event[0]: type=2 task=NULL
execution-manager  | [SCHEDULER] ✅ T=22291 ms: Task 3 'sum3' completed with status 2
execution-manager  | [SCHEDULER] 🔕 Timeout disarmed for task 3
execution-manager  | [SCHEDULER] 1 tasks remaining
execution-manager  | [gRPC Client Async] Stream completed, received 1 responses
execution-manager  | [GRPC THREAD 3] Completed
execution-manager  | [gRPC Client Async] Response #1 - Status: COMPLETED
execution-manager  | 🎉 [T=24582 ms] Task 4 'sum4' COMPLETED
execution-manager  | [EXECUTION MANAGER] ⏱️ T2=734691164.930 ms | Thread started (server measured)
execution-manager  | [EXECUTION MANAGER] ⏱️ T3=734693454.746 ms | Task completed (server measured)
execution-manager  | [EXECUTION MANAGER] ⏱️ T4=734693455.379 ms | Result received by client
execution-manager  |    [TASK EXECUTION] 2289.815 ms (T3-T2, measured in thread)
execution-manager  |    [RESULT] {"result": 0}
execution-manager  | 
execution-manager  | ╔═══════════════════════════════════════════════════════════════╗
execution-manager  | ║           END-TO-END TIMING MEASUREMENT RECAP                 ║
execution-manager  | ║                   Task 4: sum4                                 
execution-manager  | ╠═══════════════════════════════════════════════════════════════╣
execution-manager  | ║ T1 (start_request)    = 734691163.674 ms                        ║
execution-manager  | ║ T2 (end_request)      = 734691164.930 ms                        ║
execution-manager  | ║ T3 (start_result)     = 734693454.746 ms                        ║
execution-manager  | ║ T4 (end_result)       = 734693455.379 ms                        ║
execution-manager  | ╠═══════════════════════════════════════════════════════════════╣
execution-manager  | ║ METRICS:                                                      ║
execution-manager  | ║   Request Latency    =        1.256 ms  (T2 - T1)            ║
execution-manager  | ║   Task Execution     =     2289.815 ms  (T3 - T2)            ║
execution-manager  | ║   Response Latency   =        0.633 ms  (T4 - T3)            ║
execution-manager  | ║   Total End-to-End   =     2291.705 ms  (T4 - T1)            ║
execution-manager  | ║   Network Overhead   =        1.890 ms  (Req + Resp)         ║
execution-manager  | ╚═══════════════════════════════════════════════════════════════╝
execution-manager  | 
execution-manager  | [EPOLL] T=24582 ms: epoll_wait returned 1 event(s)
execution-manager  | [EPOLL] event[0]: type=2 task=NULL
execution-manager  | [SCHEDULER] ✅ T=24582 ms: Task 4 'sum4' completed with status 2
execution-manager  | [SCHEDULER] 🔕 Timeout disarmed for task 4
execution-manager  | [SCHEDULER] 0 tasks remaining
execution-manager  | 
execution-manager  | [SCHEDULER] 🏁 Iteration 3/5 complete!
execution-manager  | [SCHEDULER] Iteration execution time: 24582 ms
execution-manager  | 
execution-manager  | 
execution-manager  | [SCHEDULER] 🔁 ===== ITERATION 4 / 5 =====
execution-manager  | 
execution-manager  | [SCHEDULER] 🚀 Schedule started at T=0
execution-manager  | 
execution-manager  | [SCHEDULER] 🔄 Entering event loop (NO SLEEP - event-driven!)
execution-manager  | 
execution-manager  | [gRPC Client Async] Stream completed, received 1 responses
execution-manager  | [GRPC THREAD 4] Completed
execution-manager  | [EPOLL] T=10000 ms: epoll_wait returned 1 event(s)
execution-manager  | [EPOLL] event[0]: type=0 task=sum1
execution-manager  | [SCHEDULER] ⏰ T=10000 ms | T_wall=734703455.657 ms: Launching task 1 'sum1' (deadline: 40000 ms)
execution-manager  | [SCHEDULER] 🕐 Timeout armed for task 1 at T=40000 ms (in 30000 ms)
execution-manager  | [GRPC THREAD 1] Starting...
execution-manager  | [EXECUTION MANAGER] ⏱️ T1=734703455.848 ms | Sending gRPC request for task 1 'sum1'
execution-manager  | [gRPC Channel Pool] Reusing existing channel for localhost:50051 (state=2)
execution-manager  | [gRPC Client Async] Calling task 'sum1' at localhost:50051
execution-manager  | [gRPC Client Async] Inputs: {"total_ops": 200, "io_percentage": 50}
execution-manager  | [EPOLL] T=12291 ms: epoll_wait returned 1 event(s)
execution-manager  | [EPOLL] event[0]: type=0 task=sum2
execution-manager  | [SCHEDULER] ⏰ T=12291 ms | T_wall=734705746.295 ms: Launching task 2 'sum2' (deadline: 41000 ms)
execution-manager  | [SCHEDULER] 🕐 Timeout armed for task 2 at T=41000 ms (in 28709 ms)
execution-manager  | [GRPC THREAD 2] Starting...
execution-manager  | [EXECUTION MANAGER] ⏱️ T1=734705746.504 ms | Sending gRPC request for task 2 'sum2'
execution-manager  | [gRPC Channel Pool] Reusing existing channel for localhost:50052 (state=2)
execution-manager  | [gRPC Client Async] Calling task 'sum2' at localhost:50052
execution-manager  | [gRPC Client Async] Inputs: {"total_ops": 200, "io_percentage": 50}
execution-manager  | [gRPC Client Async] Response #1 - Status: COMPLETED
execution-manager  | 🎉 [T=12292 ms] Task 1 'sum1' COMPLETED
execution-manager  | [EXECUTION MANAGER] ⏱️ T2=734703456.734 ms | Thread started (server measured)
execution-manager  | [EXECUTION MANAGER] ⏱️ T3=734705745.826 ms | Task completed (server measured)
execution-manager  | [EXECUTION MANAGER] ⏱️ T4=734705747.287 ms | Result received by client
execution-manager  |    [TASK EXECUTION] 2289.093 ms (T3-T2, measured in thread)
execution-manager  |    [RESULT] {"result": 0}
execution-manager  | 
execution-manager  | ╔═══════════════════════════════════════════════════════════════╗
execution-manager  | ║           END-TO-END TIMING MEASUREMENT RECAP                 ║
execution-manager  | ║                   Task 1: sum1                                 
execution-manager  | ╠═══════════════════════════════════════════════════════════════╣
execution-manager  | ║ T1 (start_request)    = 734703455.848 ms                        ║
execution-manager  | ║ T2 (end_request)      = 734703456.734 ms                        ║
execution-manager  | ║ T3 (start_result)     = 734705745.826 ms                        ║
execution-manager  | ║ T4 (end_result)       = 734705747.287 ms                        ║
execution-manager  | ╠═══════════════════════════════════════════════════════════════╣
execution-manager  | ║ METRICS:                                                      ║
execution-manager  | ║   Request Latency    =        0.886 ms  (T2 - T1)            ║
execution-manager  | ║   Task Execution     =     2289.093 ms  (T3 - T2)            ║
execution-manager  | ║   Response Latency   =        1.461 ms  (T4 - T3)            ║
execution-manager  | ║   Total End-to-End   =     2291.439 ms  (T4 - T1)            ║
execution-manager  | ║   Network Overhead   =        2.347 ms  (Req + Resp)         ║
execution-manager  | ╚═══════════════════════════════════════════════════════════════╝
execution-manager  | 
execution-manager  | [EPOLL] T=12292 ms: epoll_wait returned 1 event(s)
execution-manager  | [EPOLL] event[0]: type=2 task=NULL
execution-manager  | [SCHEDULER] ✅ T=12292 ms: Task 1 'sum1' completed with status 2
execution-manager  | [SCHEDULER] 🔕 Timeout disarmed for task 1
execution-manager  | [SCHEDULER] 3 tasks remaining
execution-manager  | [gRPC Client Async] Stream completed, received 1 responses
execution-manager  | [GRPC THREAD 1] Completed
execution-manager  | [gRPC Client Async] Response #1 - Status: COMPLETED
execution-manager  | 🎉 [T=14583 ms] Task 2 'sum2' COMPLETED
execution-manager  | [EXECUTION MANAGER] ⏱️ T2=734705747.756 ms | Thread started (server measured)
execution-manager  | [EXECUTION MANAGER] ⏱️ T3=734708037.531 ms | Task completed (server measured)
execution-manager  | [EXECUTION MANAGER] ⏱️ T4=734708038.194 ms | Result received by client
execution-manager  |    [TASK EXECUTION] 2289.775 ms (T3-T2, measured in thread)
execution-manager  |    [RESULT] {"result": 0}
execution-manager  | 
execution-manager  | ╔═══════════════════════════════════════════════════════════════╗
execution-manager  | ║           END-TO-END TIMING MEASUREMENT RECAP                 ║
execution-manager  | ║                   Task 2: sum2                                 
execution-manager  | ╠═══════════════════════════════════════════════════════════════╣
execution-manager  | ║ T1 (start_request)    = 734705746.504 ms                        ║
execution-manager  | ║ T2 (end_request)      = 734705747.756 ms                        ║
execution-manager  | ║ T3 (start_result)     = 734708037.531 ms                        ║
execution-manager  | ║ T4 (end_result)       = 734708038.194 ms                        ║
execution-manager  | ╠═══════════════════════════════════════════════════════════════╣
execution-manager  | ║ METRICS:                                                      ║
execution-manager  | ║   Request Latency    =        1.252 ms  (T2 - T1)            ║
execution-manager  | ║   Task Execution     =     2289.775 ms  (T3 - T2)            ║
execution-manager  | ║   Response Latency   =        0.663 ms  (T4 - T3)            ║
execution-manager  | ║   Total End-to-End   =     2291.690 ms  (T4 - T1)            ║
execution-manager  | ║   Network Overhead   =        1.914 ms  (Req + Resp)         ║
execution-manager  | ╚═══════════════════════════════════════════════════════════════╝
execution-manager  | 
execution-manager  | [EPOLL] T=14583 ms: epoll_wait returned 1 event(s)
execution-manager  | [EPOLL] event[0]: type=2 task=NULL
execution-manager  | [SCHEDULER] ✅ T=14583 ms: Task 2 'sum2' completed with status 2
execution-manager  | [SCHEDULER] 🔕 Timeout disarmed for task 2
execution-manager  | [SCHEDULER] 2 tasks remaining
execution-manager  | [gRPC Client Async] Stream completed, received 1 responses
execution-manager  | [GRPC THREAD 2] Completed
execution-manager  | [EPOLL] T=20000 ms: epoll_wait returned 1 event(s)
execution-manager  | [EPOLL] event[0]: type=0 task=sum3
execution-manager  | [SCHEDULER] ⏰ T=20000 ms | T_wall=734713455.719 ms: Launching task 3 'sum3' (deadline: 50000 ms)
execution-manager  | [SCHEDULER] 🕐 Timeout armed for task 3 at T=50000 ms (in 30000 ms)
execution-manager  | [GRPC THREAD 3] Starting...
execution-manager  | [EXECUTION MANAGER] ⏱️ T1=734713455.884 ms | Sending gRPC request for task 3 'sum3'
execution-manager  | [gRPC Channel Pool] Reusing existing channel for localhost:50053 (state=2)
execution-manager  | [gRPC Client Async] Calling task 'sum3' at localhost:50053
execution-manager  | [gRPC Client Async] Inputs: {"total_ops": 200, "io_percentage": 50}
execution-manager  | [EPOLL] T=22291 ms: epoll_wait returned 1 event(s)
execution-manager  | [EPOLL] event[0]: type=0 task=sum4
execution-manager  | [SCHEDULER] ⏰ T=22291 ms | T_wall=734715746.382 ms: Launching task 4 'sum4' (deadline: 51000 ms)
execution-manager  | [SCHEDULER] 🕐 Timeout armed for task 4 at T=51000 ms (in 28709 ms)
execution-manager  | [GRPC THREAD 4] Starting...
execution-manager  | [EXECUTION MANAGER] ⏱️ T1=734715746.584 ms | Sending gRPC request for task 4 'sum4'
execution-manager  | [gRPC Channel Pool] Reusing existing channel for localhost:50054 (state=2)
execution-manager  | [gRPC Client Async] Calling task 'sum4' at localhost:50054
execution-manager  | [gRPC Client Async] Inputs: {"total_ops": 200, "io_percentage": 50}
execution-manager  | [gRPC Client Async] Response #1 - Status: COMPLETED
execution-manager  | 🎉 [T=22292 ms] Task 3 'sum3' COMPLETED
execution-manager  | [EXECUTION MANAGER] ⏱️ T2=734713456.739 ms | Thread started (server measured)
execution-manager  | [EXECUTION MANAGER] ⏱️ T3=734715746.133 ms | Task completed (server measured)
execution-manager  | [EXECUTION MANAGER] ⏱️ T4=734715747.241 ms | Result received by client
execution-manager  |    [TASK EXECUTION] 2289.394 ms (T3-T2, measured in thread)
execution-manager  |    [RESULT] {"result": 0}
execution-manager  | 
execution-manager  | ╔═══════════════════════════════════════════════════════════════╗
execution-manager  | ║           END-TO-END TIMING MEASUREMENT RECAP                 ║
execution-manager  | ║                   Task 3: sum3                                 
execution-manager  | ╠═══════════════════════════════════════════════════════════════╣
execution-manager  | ║ T1 (start_request)    = 734713455.884 ms                        ║
execution-manager  | ║ T2 (end_request)      = 734713456.739 ms                        ║
execution-manager  | ║ T3 (start_result)     = 734715746.133 ms                        ║
execution-manager  | ║ T4 (end_result)       = 734715747.241 ms                        ║
execution-manager  | ╠═══════════════════════════════════════════════════════════════╣
execution-manager  | ║ METRICS:                                                      ║
execution-manager  | ║   Request Latency    =        0.855 ms  (T2 - T1)            ║
execution-manager  | ║   Task Execution     =     2289.394 ms  (T3 - T2)            ║
execution-manager  | ║   Response Latency   =        1.108 ms  (T4 - T3)            ║
execution-manager  | ║   Total End-to-End   =     2291.357 ms  (T4 - T1)            ║
execution-manager  | ║   Network Overhead   =        1.963 ms  (Req + Resp)         ║
execution-manager  | ╚═══════════════════════════════════════════════════════════════╝
execution-manager  | 
execution-manager  | [EPOLL] T=22292 ms: epoll_wait returned 1 event(s)
execution-manager  | [EPOLL] event[0]: type=2 task=NULL
execution-manager  | [SCHEDULER] ✅ T=22292 ms: Task 3 'sum3' completed with status 2
execution-manager  | [SCHEDULER] 🔕 Timeout disarmed for task 3
execution-manager  | [SCHEDULER] 1 tasks remaining
execution-manager  | [gRPC Client Async] Stream completed, received 1 responses
execution-manager  | [GRPC THREAD 3] Completed
execution-manager  | [gRPC Client Async] Response #1 - Status: COMPLETED
execution-manager  | 🎉 [T=24583 ms] Task 4 'sum4' COMPLETED
execution-manager  | [EXECUTION MANAGER] ⏱️ T2=734715747.940 ms | Thread started (server measured)
execution-manager  | [EXECUTION MANAGER] ⏱️ T3=734718037.780 ms | Task completed (server measured)
execution-manager  | [EXECUTION MANAGER] ⏱️ T4=734718038.451 ms | Result received by client
execution-manager  |    [TASK EXECUTION] 2289.840 ms (T3-T2, measured in thread)
execution-manager  |    [RESULT] {"result": 0}
execution-manager  | 
execution-manager  | ╔═══════════════════════════════════════════════════════════════╗
execution-manager  | ║           END-TO-END TIMING MEASUREMENT RECAP                 ║
execution-manager  | ║                   Task 4: sum4                                 
execution-manager  | ╠═══════════════════════════════════════════════════════════════╣
execution-manager  | ║ T1 (start_request)    = 734715746.584 ms                        ║
execution-manager  | ║ T2 (end_request)      = 734715747.940 ms                        ║
execution-manager  | ║ T3 (start_result)     = 734718037.780 ms                        ║
execution-manager  | ║ T4 (end_result)       = 734718038.451 ms                        ║
execution-manager  | ╠═══════════════════════════════════════════════════════════════╣
execution-manager  | ║ METRICS:                                                      ║
execution-manager  | ║   Request Latency    =        1.356 ms  (T2 - T1)            ║
execution-manager  | ║   Task Execution     =     2289.840 ms  (T3 - T2)            ║
execution-manager  | ║   Response Latency   =        0.671 ms  (T4 - T3)            ║
execution-manager  | ║   Total End-to-End   =     2291.866 ms  (T4 - T1)            ║
execution-manager  | ║   Network Overhead   =        2.026 ms  (Req + Resp)         ║
execution-manager  | ╚═══════════════════════════════════════════════════════════════╝
execution-manager  | 
execution-manager  | [EPOLL] T=24583 ms: epoll_wait returned 1 event(s)
execution-manager  | [EPOLL] event[0]: type=2 task=NULL
execution-manager  | [SCHEDULER] ✅ T=24583 ms: Task 4 'sum4' completed with status 2
execution-manager  | [SCHEDULER] 🔕 Timeout disarmed for task 4
execution-manager  | [SCHEDULER] 0 tasks remaining
execution-manager  | 
execution-manager  | [SCHEDULER] 🏁 Iteration 4/5 complete!
execution-manager  | [SCHEDULER] Iteration execution time: 24583 ms
execution-manager  | 
execution-manager  | 
execution-manager  | [SCHEDULER] 🔁 ===== ITERATION 5 / 5 =====
execution-manager  | 
execution-manager  | [SCHEDULER] 🚀 Schedule started at T=0
execution-manager  | 
execution-manager  | [SCHEDULER] 🔄 Entering event loop (NO SLEEP - event-driven!)
execution-manager  | 
execution-manager  | [gRPC Client Async] Stream completed, received 1 responses
execution-manager  | [GRPC THREAD 4] Completed
execution-manager  | [EPOLL] T=10000 ms: epoll_wait returned 1 event(s)
execution-manager  | [EPOLL] event[0]: type=0 task=sum1
execution-manager  | [SCHEDULER] ⏰ T=10000 ms | T_wall=734728038.728 ms: Launching task 1 'sum1' (deadline: 40000 ms)
execution-manager  | [SCHEDULER] 🕐 Timeout armed for task 1 at T=40000 ms (in 30000 ms)
execution-manager  | [GRPC THREAD 1] Starting...
execution-manager  | [EXECUTION MANAGER] ⏱️ T1=734728038.896 ms | Sending gRPC request for task 1 'sum1'
execution-manager  | [gRPC Channel Pool] Reusing existing channel for localhost:50051 (state=2)
execution-manager  | [gRPC Client Async] Calling task 'sum1' at localhost:50051
execution-manager  | [gRPC Client Async] Inputs: {"total_ops": 200, "io_percentage": 50}
execution-manager  | [EPOLL] T=12291 ms: epoll_wait returned 1 event(s)
execution-manager  | [EPOLL] event[0]: type=0 task=sum2
execution-manager  | [SCHEDULER] ⏰ T=12291 ms | T_wall=734730329.217 ms: Launching task 2 'sum2' (deadline: 41000 ms)
execution-manager  | [SCHEDULER] 🕐 Timeout armed for task 2 at T=41000 ms (in 28709 ms)
execution-manager  | [GRPC THREAD 2] Starting...
execution-manager  | [EXECUTION MANAGER] ⏱️ T1=734730329.485 ms | Sending gRPC request for task 2 'sum2'
execution-manager  | [gRPC Channel Pool] Reusing existing channel for localhost:50052 (state=2)
execution-manager  | [gRPC Client Async] Calling task 'sum2' at localhost:50052
execution-manager  | [gRPC Client Async] Inputs: {"total_ops": 200, "io_percentage": 50}
execution-manager  | [gRPC Client Async] Response #1 - Status: COMPLETED
execution-manager  | 🎉 [T=12292 ms] Task 1 'sum1' COMPLETED
execution-manager  | [EXECUTION MANAGER] ⏱️ T2=734728039.770 ms | Thread started (server measured)
execution-manager  | [EXECUTION MANAGER] ⏱️ T3=734730328.954 ms | Task completed (server measured)
execution-manager  | [EXECUTION MANAGER] ⏱️ T4=734730330.191 ms | Result received by client
execution-manager  |    [TASK EXECUTION] 2289.184 ms (T3-T2, measured in thread)
execution-manager  |    [RESULT] {"result": 0}
execution-manager  | 
execution-manager  | ╔═══════════════════════════════════════════════════════════════╗
execution-manager  | ║           END-TO-END TIMING MEASUREMENT RECAP                 ║
execution-manager  | ║                   Task 1: sum1                                 
execution-manager  | ╠═══════════════════════════════════════════════════════════════╣
execution-manager  | ║ T1 (start_request)    = 734728038.896 ms                        ║
execution-manager  | ║ T2 (end_request)      = 734728039.770 ms                        ║
execution-manager  | ║ T3 (start_result)     = 734730328.954 ms                        ║
execution-manager  | ║ T4 (end_result)       = 734730330.191 ms                        ║
execution-manager  | ╠═══════════════════════════════════════════════════════════════╣
execution-manager  | ║ METRICS:                                                      ║
execution-manager  | ║   Request Latency    =        0.874 ms  (T2 - T1)            ║
execution-manager  | ║   Task Execution     =     2289.184 ms  (T3 - T2)            ║
execution-manager  | ║   Response Latency   =        1.237 ms  (T4 - T3)            ║
execution-manager  | ║   Total End-to-End   =     2291.295 ms  (T4 - T1)            ║
execution-manager  | ║   Network Overhead   =        2.111 ms  (Req + Resp)         ║
execution-manager  | ╚═══════════════════════════════════════════════════════════════╝
execution-manager  | 
execution-manager  | [EPOLL] T=12292 ms: epoll_wait returned 1 event(s)
execution-manager  | [EPOLL] event[0]: type=2 task=NULL
execution-manager  | [SCHEDULER] ✅ T=12292 ms: Task 1 'sum1' completed with status 2
execution-manager  | [SCHEDULER] 🔕 Timeout disarmed for task 1
execution-manager  | [SCHEDULER] 3 tasks remaining
execution-manager  | [gRPC Client Async] Stream completed, received 1 responses
execution-manager  | [GRPC THREAD 1] Completed
execution-manager  | [gRPC Client Async] Response #1 - Status: COMPLETED
execution-manager  | 🎉 [T=14583 ms] Task 2 'sum2' COMPLETED
execution-manager  | [EXECUTION MANAGER] ⏱️ T2=734730330.694 ms | Thread started (server measured)
execution-manager  | [EXECUTION MANAGER] ⏱️ T3=734732620.752 ms | Task completed (server measured)
execution-manager  | [EXECUTION MANAGER] ⏱️ T4=734732621.396 ms | Result received by client
execution-manager  |    [TASK EXECUTION] 2290.058 ms (T3-T2, measured in thread)
execution-manager  |    [RESULT] {"result": 0}
execution-manager  | 
execution-manager  | ╔═══════════════════════════════════════════════════════════════╗
execution-manager  | ║           END-TO-END TIMING MEASUREMENT RECAP                 ║
execution-manager  | ║                   Task 2: sum2                                 
execution-manager  | ╠═══════════════════════════════════════════════════════════════╣
execution-manager  | ║ T1 (start_request)    = 734730329.485 ms                        ║
execution-manager  | ║ T2 (end_request)      = 734730330.694 ms                        ║
execution-manager  | ║ T3 (start_result)     = 734732620.752 ms                        ║
execution-manager  | ║ T4 (end_result)       = 734732621.396 ms                        ║
execution-manager  | ╠═══════════════════════════════════════════════════════════════╣
execution-manager  | ║ METRICS:                                                      ║
execution-manager  | ║   Request Latency    =        1.209 ms  (T2 - T1)            ║
execution-manager  | ║   Task Execution     =     2290.058 ms  (T3 - T2)            ║
execution-manager  | ║   Response Latency   =        0.644 ms  (T4 - T3)            ║
execution-manager  | ║   Total End-to-End   =     2291.911 ms  (T4 - T1)            ║
execution-manager  | ║   Network Overhead   =        1.853 ms  (Req + Resp)         ║
execution-manager  | ╚═══════════════════════════════════════════════════════════════╝
execution-manager  | 
execution-manager  | [EPOLL] T=14583 ms: epoll_wait returned 1 event(s)
execution-manager  | [EPOLL] event[0]: type=2 task=NULL
execution-manager  | [SCHEDULER] ✅ T=14583 ms: Task 2 'sum2' completed with status 2
execution-manager  | [SCHEDULER] 🔕 Timeout disarmed for task 2
execution-manager  | [SCHEDULER] 2 tasks remaining
execution-manager  | [gRPC Client Async] Stream completed, received 1 responses
execution-manager  | [GRPC THREAD 2] Completed
execution-manager  | [EPOLL] T=20000 ms: epoll_wait returned 1 event(s)
execution-manager  | [EPOLL] event[0]: type=0 task=sum3
execution-manager  | [SCHEDULER] ⏰ T=20000 ms | T_wall=734738038.787 ms: Launching task 3 'sum3' (deadline: 50000 ms)
execution-manager  | [SCHEDULER] 🕐 Timeout armed for task 3 at T=50000 ms (in 30000 ms)
execution-manager  | [GRPC THREAD 3] Starting...
execution-manager  | [EXECUTION MANAGER] ⏱️ T1=734738038.968 ms | Sending gRPC request for task 3 'sum3'
execution-manager  | [gRPC Channel Pool] Reusing existing channel for localhost:50053 (state=2)
execution-manager  | [gRPC Client Async] Calling task 'sum3' at localhost:50053
execution-manager  | [gRPC Client Async] Inputs: {"total_ops": 200, "io_percentage": 50}
execution-manager  | [EPOLL] T=22291 ms: epoll_wait returned 1 event(s)
execution-manager  | [EPOLL] event[0]: type=0 task=sum4
execution-manager  | [SCHEDULER] ⏰ T=22291 ms | T_wall=734740329.537 ms: Launching task 4 'sum4' (deadline: 51000 ms)
execution-manager  | [SCHEDULER] 🕐 Timeout armed for task 4 at T=51000 ms (in 28709 ms)
execution-manager  | [GRPC THREAD 4] Starting...
execution-manager  | [EXECUTION MANAGER] ⏱️ T1=734740329.722 ms | Sending gRPC request for task 4 'sum4'
execution-manager  | [gRPC Channel Pool] Reusing existing channel for localhost:50054 (state=2)
execution-manager  | [gRPC Client Async] Calling task 'sum4' at localhost:50054
execution-manager  | [gRPC Client Async] Inputs: {"total_ops": 200, "io_percentage": 50}
execution-manager  | [gRPC Client Async] Response #1 - Status: COMPLETED
execution-manager  | 🎉 [T=22292 ms] Task 3 'sum3' COMPLETED
execution-manager  | [EXECUTION MANAGER] ⏱️ T2=734738039.845 ms | Thread started (server measured)
execution-manager  | [EXECUTION MANAGER] ⏱️ T3=734740329.062 ms | Task completed (server measured)
execution-manager  | [EXECUTION MANAGER] ⏱️ T4=734740330.774 ms | Result received by client
execution-manager  |    [TASK EXECUTION] 2289.218 ms (T3-T2, measured in thread)
execution-manager  |    [RESULT] {"result": 0}
execution-manager  | 
execution-manager  | ╔═══════════════════════════════════════════════════════════════╗
execution-manager  | ║           END-TO-END TIMING MEASUREMENT RECAP                 ║
execution-manager  | ║                   Task 3: sum3                                 
execution-manager  | ╠═══════════════════════════════════════════════════════════════╣
execution-manager  | ║ T1 (start_request)    = 734738038.968 ms                        ║
execution-manager  | ║ T2 (end_request)      = 734738039.845 ms                        ║
execution-manager  | ║ T3 (start_result)     = 734740329.062 ms                        ║
execution-manager  | ║ T4 (end_result)       = 734740330.774 ms                        ║
execution-manager  | ╠═══════════════════════════════════════════════════════════════╣
execution-manager  | ║ METRICS:                                                      ║
execution-manager  | ║   Request Latency    =        0.876 ms  (T2 - T1)            ║
execution-manager  | ║   Task Execution     =     2289.218 ms  (T3 - T2)            ║
execution-manager  | ║   Response Latency   =        1.712 ms  (T4 - T3)            ║
execution-manager  | ║   Total End-to-End   =     2291.806 ms  (T4 - T1)            ║
execution-manager  | ║   Network Overhead   =        2.588 ms  (Req + Resp)         ║
execution-manager  | ╚═══════════════════════════════════════════════════════════════╝
execution-manager  | 
execution-manager  | [EPOLL] T=22292 ms: epoll_wait returned 1 event(s)
execution-manager  | [EPOLL] event[0]: type=2 task=NULL
execution-manager  | [SCHEDULER] ✅ T=22292 ms: Task 3 'sum3' completed with status 2
execution-manager  | [SCHEDULER] 🔕 Timeout disarmed for task 3
execution-manager  | [SCHEDULER] 1 tasks remaining
execution-manager  | [gRPC Client Async] Stream completed, received 1 responses
execution-manager  | [GRPC THREAD 3] Completed
execution-manager  | [gRPC Client Async] Response #1 - Status: COMPLETED
execution-manager  | 🎉 [T=24583 ms] Task 4 'sum4' COMPLETED
execution-manager  | [EXECUTION MANAGER] ⏱️ T2=734740331.351 ms | Thread started (server measured)
execution-manager  | [EXECUTION MANAGER] ⏱️ T3=734742621.318 ms | Task completed (server measured)
execution-manager  | [EXECUTION MANAGER] ⏱️ T4=734742621.877 ms | Result received by client
execution-manager  |    [TASK EXECUTION] 2289.967 ms (T3-T2, measured in thread)
execution-manager  |    [RESULT] {"result": 0}
execution-manager  | 
execution-manager  | ╔═══════════════════════════════════════════════════════════════╗
execution-manager  | ║           END-TO-END TIMING MEASUREMENT RECAP                 ║
execution-manager  | ║                   Task 4: sum4                                 
execution-manager  | ╠═══════════════════════════════════════════════════════════════╣
execution-manager  | ║ T1 (start_request)    = 734740329.722 ms                        ║
execution-manager  | ║ T2 (end_request)      = 734740331.351 ms                        ║
execution-manager  | ║ T3 (start_result)     = 734742621.318 ms                        ║
execution-manager  | ║ T4 (end_result)       = 734742621.877 ms                        ║
execution-manager  | ╠═══════════════════════════════════════════════════════════════╣
execution-manager  | ║ METRICS:                                                      ║
execution-manager  | ║   Request Latency    =        1.629 ms  (T2 - T1)            ║
execution-manager  | ║   Task Execution     =     2289.967 ms  (T3 - T2)            ║
execution-manager  | ║   Response Latency   =        0.559 ms  (T4 - T3)            ║
execution-manager  | ║   Total End-to-End   =     2292.155 ms  (T4 - T1)            ║
execution-manager  | ║   Network Overhead   =        2.188 ms  (Req + Resp)         ║
execution-manager  | ╚═══════════════════════════════════════════════════════════════╝
execution-manager  | 
execution-manager  | [EPOLL] T=24583 ms: epoll_wait returned 1 event(s)
execution-manager  | [EPOLL] event[0]: type=2 task=NULL
execution-manager  | [SCHEDULER] ✅ T=24583 ms: Task 4 'sum4' completed with status 2
execution-manager  | [SCHEDULER] 🔕 Timeout disarmed for task 4
execution-manager  | [SCHEDULER] 0 tasks remaining
execution-manager  | 
execution-manager  | [SCHEDULER] 🏁 Iteration 5/5 complete!
execution-manager  | [SCHEDULER] Iteration execution time: 24584 ms
execution-manager  | 
execution-manager  | 
execution-manager  | [SCHEDULER] 🏁 All 5 iteration(s) completed!
execution-manager  | [SCHEDULER] Total execution time: 24584 ms
execution-manager  | 
execution-manager  | Test Suite Finished Successfully.
[Kexecution-manager exited with code 0
