 Container execution-manager  Creating
 Container execution-manager  Created
Attaching to execution-manager
execution-manager  | ============================================
execution-manager  |    DUAL PRIORITY QUEUE ARCHITECTURE TESTER  
execution-manager  | ============================================
execution-manager  | 
execution-manager  | ✅ Execution Manager running with SCHED_FIFO priority 95
execution-manager  |    This ensures precise timing and prevents preemption by tasks
execution-manager  | 
execution-manager  | 
execution-manager  | [Redis] Reading schedule from Redis...
execution-manager  | 
execution-manager  | === REDIS DATA ===
execution-manager  | Schedule: Configurable CPU/IO Benchmark (v0.0.0)
execution-manager  | Number of tasks: 1
execution-manager  | Iterations: 5
execution-manager  | 
execution-manager  | Tasks:
execution-manager  |   1. Task: sum1
execution-manager  |      Policy: fifo, Priority: 50, Start: 10 ms
execution-manager  |      Inputs: {"total_ops": {"type": "int", "value": 100}, "io_percentage": {"type": "int", "value": 0}}
execution-manager  | 
execution-manager  | ==================
execution-manager  | 
execution-manager  | 
execution-manager  | ============================================
execution-manager  |    REAL-TIME EVENT-DRIVEN SCHEDULER
execution-manager  | ============================================
execution-manager  | 
execution-manager  | [SCHEDULER] 🚀 Loading schedule: 1 task(s), 5 iteration(s)
execution-manager  | 
execution-manager  | [SCHEDULER] DEBUG - Task 1: start_time=10 s, deadline=30 s (parsed from Redis)
execution-manager  | [SCHEDULER] 📋 Task 1 'sum1': start=10000 ms, deadline=30000 ms
execution-manager  | 
execution-manager  | [SCHEDULER] 🔁 ===== ITERATION 1 / 5 =====
execution-manager  | 
execution-manager  | [SCHEDULER] 🚀 Schedule started at T=0
execution-manager  | 
execution-manager  | [SCHEDULER] 🔄 Entering event loop (NO SLEEP - event-driven!)
execution-manager  | 
execution-manager  | [EPOLL] T=10000 ms: epoll_wait returned 1 event(s)
execution-manager  | [EPOLL] event[0]: type=0 task=sum1
execution-manager  | [SCHEDULER] ⏰ T=10000 ms | T_wall=788025754.161 ms: Launching task 1 'sum1' (deadline: 30000 ms)
execution-manager  | [SCHEDULER] 🕐 Timeout armed for task 1 at T=30000 ms (in 20000 ms)
execution-manager  | [GRPC THREAD 1] Starting...
execution-manager  | [EXECUTION MANAGER] ⏱️ T1=788025754.285 ms | Sending gRPC request for task 1 'sum1'
execution-manager  | [gRPC Channel Pool] Creating new channel for localhost:50051
execution-manager  | [gRPC Client Async] Calling task 'sum1' at localhost:50051
execution-manager  | [gRPC Client Async] Inputs: {"total_ops": 100, "io_percentage": 0}
execution-manager  | [gRPC Client Async] Response #1 - Status: COMPLETED
execution-manager  | 🎉 [T=10556 ms] Task 1 'sum1' COMPLETED
execution-manager  | [EXECUTION MANAGER] ⏱️ T2=788025765.774 ms | Thread started (server measured)
execution-manager  | [EXECUTION MANAGER] ⏱️ T3=788026309.908 ms | Task completed (server measured)
execution-manager  | [EXECUTION MANAGER] ⏱️ T4=788026310.449 ms | Result received by client
execution-manager  |    [TASK EXECUTION] 544.134 ms (T3-T2, measured in thread)
execution-manager  |    [RESULT] {"result": 0}
execution-manager  | 
execution-manager  | ╔═══════════════════════════════════════════════════════════════╗
execution-manager  | ║           END-TO-END TIMING MEASUREMENT RECAP                 ║
execution-manager  | ║                   Task 1: sum1                                 
execution-manager  | ╠═══════════════════════════════════════════════════════════════╣
execution-manager  | ║ T1 (start_request)    = 788025754.285 ms                        ║
execution-manager  | ║ T2 (end_request)      = 788025765.774 ms                        ║
execution-manager  | ║ T3 (start_result)     = 788026309.908 ms                        ║
execution-manager  | ║ T4 (end_result)       = 788026310.449 ms                        ║
execution-manager  | ╠═══════════════════════════════════════════════════════════════╣
execution-manager  | ║ METRICS:                                                      ║
execution-manager  | ║   Request Latency    =       11.489 ms  (T2 - T1)            ║
execution-manager  | ║   Task Execution     =      544.134 ms  (T3 - T2)            ║
execution-manager  | ║   Response Latency   =        0.541 ms  (T4 - T3)            ║
execution-manager  | ║   Total End-to-End   =      556.164 ms  (T4 - T1)            ║
execution-manager  | ║   Network Overhead   =       12.030 ms  (Req + Resp)         ║
execution-manager  | ╚═══════════════════════════════════════════════════════════════╝
execution-manager  | 
execution-manager  | [EPOLL] T=10556 ms: epoll_wait returned 1 event(s)
execution-manager  | [EPOLL] event[0]: type=2 task=NULL
execution-manager  | [SCHEDULER] ✅ T=10556 ms: Task 1 'sum1' completed with status 2
execution-manager  | [SCHEDULER] 🔕 Timeout disarmed for task 1
execution-manager  | [SCHEDULER] 0 tasks remaining
execution-manager  | 
execution-manager  | [SCHEDULER] 🏁 Iteration 1/5 complete!
execution-manager  | [SCHEDULER] Iteration execution time: 10556 ms
execution-manager  | 
execution-manager  | 
execution-manager  | [SCHEDULER] 🔁 ===== ITERATION 2 / 5 =====
execution-manager  | 
execution-manager  | [SCHEDULER] 🚀 Schedule started at T=0
execution-manager  | 
execution-manager  | [SCHEDULER] 🔄 Entering event loop (NO SLEEP - event-driven!)
execution-manager  | 
execution-manager  | [gRPC Client Async] Stream completed, received 1 responses
execution-manager  | [GRPC THREAD 1] Completed
execution-manager  | [EPOLL] T=10006 ms: epoll_wait returned 1 event(s)
execution-manager  | [EPOLL] event[0]: type=0 task=sum1
execution-manager  | [SCHEDULER] ⏰ T=10006 ms | T_wall=788036316.734 ms: Launching task 1 'sum1' (deadline: 30000 ms)
execution-manager  | [SCHEDULER] 🕐 Timeout armed for task 1 at T=30000 ms (in 19994 ms)
execution-manager  | [GRPC THREAD 1] Starting...
execution-manager  | [EXECUTION MANAGER] ⏱️ T1=788036316.856 ms | Sending gRPC request for task 1 'sum1'
execution-manager  | [gRPC Channel Pool] Reusing existing channel for localhost:50051 (state=2)
execution-manager  | [gRPC Client Async] Calling task 'sum1' at localhost:50051
execution-manager  | [gRPC Client Async] Inputs: {"total_ops": 100, "io_percentage": 0}
execution-manager  | [gRPC Client Async] Response #1 - Status: COMPLETED
execution-manager  | 🎉 [T=10551 ms] Task 1 'sum1' COMPLETED
execution-manager  | [EXECUTION MANAGER] ⏱️ T2=788036317.479 ms | Thread started (server measured)
execution-manager  | [EXECUTION MANAGER] ⏱️ T3=788036861.386 ms | Task completed (server measured)
execution-manager  | [EXECUTION MANAGER] ⏱️ T4=788036861.839 ms | Result received by client
execution-manager  |    [TASK EXECUTION] 543.907 ms (T3-T2, measured in thread)
execution-manager  |    [RESULT] {"result": 0}
execution-manager  | 
execution-manager  | ╔═══════════════════════════════════════════════════════════════╗
execution-manager  | ║           END-TO-END TIMING MEASUREMENT RECAP                 ║
execution-manager  | ║                   Task 1: sum1                                 
execution-manager  | ╠═══════════════════════════════════════════════════════════════╣
execution-manager  | ║ T1 (start_request)    = 788036316.856 ms                        ║
execution-manager  | ║ T2 (end_request)      = 788036317.479 ms                        ║
execution-manager  | ║ T3 (start_result)     = 788036861.386 ms                        ║
execution-manager  | ║ T4 (end_result)       = 788036861.839 ms                        ║
execution-manager  | ╠═══════════════════════════════════════════════════════════════╣
execution-manager  | ║ METRICS:                                                      ║
execution-manager  | ║   Request Latency    =        0.624 ms  (T2 - T1)            ║
execution-manager  | ║   Task Execution     =      543.907 ms  (T3 - T2)            ║
execution-manager  | ║   Response Latency   =        0.453 ms  (T4 - T3)            ║
execution-manager  | ║   Total End-to-End   =      544.983 ms  (T4 - T1)            ║
execution-manager  | ║   Network Overhead   =        1.076 ms  (Req + Resp)         ║
execution-manager  | ╚═══════════════════════════════════════════════════════════════╝
execution-manager  | 
execution-manager  | [EPOLL] T=10551 ms: epoll_wait returned 1 event(s)
execution-manager  | [EPOLL] event[0]: type=2 task=NULL
execution-manager  | [SCHEDULER] ✅ T=10551 ms: Task 1 'sum1' completed with status 2
execution-manager  | [SCHEDULER] 🔕 Timeout disarmed for task 1
execution-manager  | [SCHEDULER] 0 tasks remaining
execution-manager  | 
execution-manager  | [SCHEDULER] 🏁 Iteration 2/5 complete!
execution-manager  | [SCHEDULER] Iteration execution time: 10551 ms
execution-manager  | 
execution-manager  | 
execution-manager  | [SCHEDULER] 🔁 ===== ITERATION 3 / 5 =====
execution-manager  | 
execution-manager  | [SCHEDULER] 🚀 Schedule started at T=0
execution-manager  | 
execution-manager  | [SCHEDULER] 🔄 Entering event loop (NO SLEEP - event-driven!)
execution-manager  | 
execution-manager  | [gRPC Client Async] Stream completed, received 1 responses
execution-manager  | [GRPC THREAD 1] Completed
execution-manager  | [EPOLL] T=10000 ms: epoll_wait returned 1 event(s)
execution-manager  | [EPOLL] event[0]: type=0 task=sum1
execution-manager  | [SCHEDULER] ⏰ T=10000 ms | T_wall=788046861.944 ms: Launching task 1 'sum1' (deadline: 30000 ms)
execution-manager  | [SCHEDULER] 🕐 Timeout armed for task 1 at T=30000 ms (in 19999 ms)
execution-manager  | [GRPC THREAD 1] Starting...
execution-manager  | [EXECUTION MANAGER] ⏱️ T1=788046862.036 ms | Sending gRPC request for task 1 'sum1'
execution-manager  | [gRPC Channel Pool] Reusing existing channel for localhost:50051 (state=2)
execution-manager  | [gRPC Client Async] Calling task 'sum1' at localhost:50051
execution-manager  | [gRPC Client Async] Inputs: {"total_ops": 100, "io_percentage": 0}
execution-manager  | [gRPC Client Async] Response #1 - Status: COMPLETED
execution-manager  | 🎉 [T=10546 ms] Task 1 'sum1' COMPLETED
execution-manager  | [EXECUTION MANAGER] ⏱️ T2=788046862.704 ms | Thread started (server measured)
execution-manager  | [EXECUTION MANAGER] ⏱️ T3=788047406.670 ms | Task completed (server measured)
execution-manager  | [EXECUTION MANAGER] ⏱️ T4=788047407.107 ms | Result received by client
execution-manager  |    [TASK EXECUTION] 543.965 ms (T3-T2, measured in thread)
execution-manager  |    [RESULT] {"result": 0}
execution-manager  | 
execution-manager  | ╔═══════════════════════════════════════════════════════════════╗
execution-manager  | ║           END-TO-END TIMING MEASUREMENT RECAP                 ║
execution-manager  | ║                   Task 1: sum1                                 
execution-manager  | ╠═══════════════════════════════════════════════════════════════╣
execution-manager  | ║ T1 (start_request)    = 788046862.036 ms                        ║
execution-manager  | ║ T2 (end_request)      = 788046862.704 ms                        ║
execution-manager  | ║ T3 (start_result)     = 788047406.670 ms                        ║
execution-manager  | ║ T4 (end_result)       = 788047407.107 ms                        ║
execution-manager  | ╠═══════════════════════════════════════════════════════════════╣
execution-manager  | ║ METRICS:                                                      ║
execution-manager  | ║   Request Latency    =        0.669 ms  (T2 - T1)            ║
execution-manager  | ║   Task Execution     =      543.965 ms  (T3 - T2)            ║
execution-manager  | ║   Response Latency   =        0.437 ms  (T4 - T3)            ║
execution-manager  | ║   Total End-to-End   =      545.071 ms  (T4 - T1)            ║
execution-manager  | ║   Network Overhead   =        1.106 ms  (Req + Resp)         ║
execution-manager  | ╚═══════════════════════════════════════════════════════════════╝
execution-manager  | 
execution-manager  | [EPOLL] T=10546 ms: epoll_wait returned 1 event(s)
execution-manager  | [EPOLL] event[0]: type=2 task=NULL
execution-manager  | [SCHEDULER] ✅ T=10546 ms: Task 1 'sum1' completed with status 2
execution-manager  | [SCHEDULER] 🔕 Timeout disarmed for task 1
execution-manager  | [SCHEDULER] 0 tasks remaining
execution-manager  | 
execution-manager  | [SCHEDULER] 🏁 Iteration 3/5 complete!
execution-manager  | [SCHEDULER] Iteration execution time: 10546 ms
execution-manager  | 
execution-manager  | 
execution-manager  | [SCHEDULER] 🔁 ===== ITERATION 4 / 5 =====
execution-manager  | 
execution-manager  | [SCHEDULER] 🚀 Schedule started at T=0
execution-manager  | 
execution-manager  | [SCHEDULER] 🔄 Entering event loop (NO SLEEP - event-driven!)
execution-manager  | 
execution-manager  | [gRPC Client Async] Stream completed, received 1 responses
execution-manager  | [GRPC THREAD 1] Completed
execution-manager  | [EPOLL] T=10000 ms: epoll_wait returned 1 event(s)
execution-manager  | [EPOLL] event[0]: type=0 task=sum1
execution-manager  | [SCHEDULER] ⏰ T=10000 ms | T_wall=788057407.223 ms: Launching task 1 'sum1' (deadline: 30000 ms)
execution-manager  | [SCHEDULER] 🕐 Timeout armed for task 1 at T=30000 ms (in 20000 ms)
execution-manager  | [GRPC THREAD 1] Starting...
execution-manager  | [EXECUTION MANAGER] ⏱️ T1=788057407.297 ms | Sending gRPC request for task 1 'sum1'
execution-manager  | [gRPC Channel Pool] Reusing existing channel for localhost:50051 (state=2)
execution-manager  | [gRPC Client Async] Calling task 'sum1' at localhost:50051
execution-manager  | [gRPC Client Async] Inputs: {"total_ops": 100, "io_percentage": 0}
execution-manager  | [gRPC Client Async] Response #1 - Status: COMPLETED
execution-manager  | 🎉 [T=10545 ms] Task 1 'sum1' COMPLETED
execution-manager  | [EXECUTION MANAGER] ⏱️ T2=788057407.850 ms | Thread started (server measured)
execution-manager  | [EXECUTION MANAGER] ⏱️ T3=788057951.849 ms | Task completed (server measured)
execution-manager  | [EXECUTION MANAGER] ⏱️ T4=788057952.280 ms | Result received by client
execution-manager  |    [TASK EXECUTION] 543.999 ms (T3-T2, measured in thread)
execution-manager  |    [RESULT] {"result": 0}
execution-manager  | 
execution-manager  | ╔═══════════════════════════════════════════════════════════════╗
execution-manager  | ║           END-TO-END TIMING MEASUREMENT RECAP                 ║
execution-manager  | ║                   Task 1: sum1                                 
execution-manager  | ╠═══════════════════════════════════════════════════════════════╣
execution-manager  | ║ T1 (start_request)    = 788057407.297 ms                        ║
execution-manager  | ║ T2 (end_request)      = 788057407.850 ms                        ║
execution-manager  | ║ T3 (start_result)     = 788057951.849 ms                        ║
execution-manager  | ║ T4 (end_result)       = 788057952.280 ms                        ║
execution-manager  | ╠═══════════════════════════════════════════════════════════════╣
execution-manager  | ║ METRICS:                                                      ║
execution-manager  | ║   Request Latency    =        0.553 ms  (T2 - T1)            ║
execution-manager  | ║   Task Execution     =      543.999 ms  (T3 - T2)            ║
execution-manager  | ║   Response Latency   =        0.431 ms  (T4 - T3)            ║
execution-manager  | ║   Total End-to-End   =      544.982 ms  (T4 - T1)            ║
execution-manager  | ║   Network Overhead   =        0.983 ms  (Req + Resp)         ║
execution-manager  | ╚═══════════════════════════════════════════════════════════════╝
execution-manager  | 
execution-manager  | [EPOLL] T=10545 ms: epoll_wait returned 1 event(s)
execution-manager  | [EPOLL] event[0]: type=2 task=NULL
execution-manager  | [SCHEDULER] ✅ T=10545 ms: Task 1 'sum1' completed with status 2
execution-manager  | [SCHEDULER] 🔕 Timeout disarmed for task 1
execution-manager  | [SCHEDULER] 0 tasks remaining
execution-manager  | 
execution-manager  | [SCHEDULER] 🏁 Iteration 4/5 complete!
execution-manager  | [SCHEDULER] Iteration execution time: 10545 ms
execution-manager  | 
execution-manager  | 
execution-manager  | [SCHEDULER] 🔁 ===== ITERATION 5 / 5 =====
execution-manager  | 
execution-manager  | [SCHEDULER] 🚀 Schedule started at T=0
execution-manager  | 
execution-manager  | [SCHEDULER] 🔄 Entering event loop (NO SLEEP - event-driven!)
execution-manager  | 
execution-manager  | [gRPC Client Async] Stream completed, received 1 responses
execution-manager  | [GRPC THREAD 1] Completed
execution-manager  | [EPOLL] T=10000 ms: epoll_wait returned 1 event(s)
execution-manager  | [EPOLL] event[0]: type=0 task=sum1
execution-manager  | [SCHEDULER] ⏰ T=10000 ms | T_wall=788067952.399 ms: Launching task 1 'sum1' (deadline: 30000 ms)
execution-manager  | [SCHEDULER] 🕐 Timeout armed for task 1 at T=30000 ms (in 20000 ms)
execution-manager  | [GRPC THREAD 1] Starting...
execution-manager  | [EXECUTION MANAGER] ⏱️ T1=788067952.483 ms | Sending gRPC request for task 1 'sum1'
execution-manager  | [gRPC Channel Pool] Reusing existing channel for localhost:50051 (state=2)
execution-manager  | [gRPC Client Async] Calling task 'sum1' at localhost:50051
execution-manager  | [gRPC Client Async] Inputs: {"total_ops": 100, "io_percentage": 0}
execution-manager  | [gRPC Client Async] Response #1 - Status: COMPLETED
execution-manager  | 🎉 [T=10545 ms] Task 1 'sum1' COMPLETED
execution-manager  | [EXECUTION MANAGER] ⏱️ T2=788067953.043 ms | Thread started (server measured)
execution-manager  | [EXECUTION MANAGER] ⏱️ T3=788068496.970 ms | Task completed (server measured)
execution-manager  | [EXECUTION MANAGER] ⏱️ T4=788068497.430 ms | Result received by client
execution-manager  |    [TASK EXECUTION] 543.927 ms (T3-T2, measured in thread)
execution-manager  |    [RESULT] {"result": 0}
execution-manager  | 
execution-manager  | ╔═══════════════════════════════════════════════════════════════╗
execution-manager  | ║           END-TO-END TIMING MEASUREMENT RECAP                 ║
execution-manager  | ║                   Task 1: sum1                                 
execution-manager  | ╠═══════════════════════════════════════════════════════════════╣
execution-manager  | ║ T1 (start_request)    = 788067952.483 ms                        ║
execution-manager  | ║ T2 (end_request)      = 788067953.043 ms                        ║
execution-manager  | ║ T3 (start_result)     = 788068496.970 ms                        ║
execution-manager  | ║ T4 (end_result)       = 788068497.430 ms                        ║
execution-manager  | ╠═══════════════════════════════════════════════════════════════╣
execution-manager  | ║ METRICS:                                                      ║
execution-manager  | ║   Request Latency    =        0.560 ms  (T2 - T1)            ║
execution-manager  | ║   Task Execution     =      543.927 ms  (T3 - T2)            ║
execution-manager  | ║   Response Latency   =        0.460 ms  (T4 - T3)            ║
execution-manager  | ║   Total End-to-End   =      544.947 ms  (T4 - T1)            ║
execution-manager  | ║   Network Overhead   =        1.020 ms  (Req + Resp)         ║
execution-manager  | ╚═══════════════════════════════════════════════════════════════╝
execution-manager  | 
execution-manager  | [EPOLL] T=10545 ms: epoll_wait returned 1 event(s)
execution-manager  | [EPOLL] event[0]: type=2 task=NULL
execution-manager  | [SCHEDULER] ✅ T=10545 ms: Task 1 'sum1' completed with status 2
execution-manager  | [SCHEDULER] 🔕 Timeout disarmed for task 1
execution-manager  | [SCHEDULER] 0 tasks remaining
execution-manager  | 
execution-manager  | [SCHEDULER] 🏁 Iteration 5/5 complete!
execution-manager  | [SCHEDULER] Iteration execution time: 10545 ms
execution-manager  | 
execution-manager  | 
execution-manager  | [SCHEDULER] 🏁 All 5 iteration(s) completed!
execution-manager  | [SCHEDULER] Total execution time: 10545 ms
execution-manager  | 
execution-manager  | Test Suite Finished Successfully.
[Kexecution-manager exited with code 0
