 Container execution-manager  Creating
 Container execution-manager  Created
Attaching to execution-manager
execution-manager  | ============================================
execution-manager  |    DUAL PRIORITY QUEUE ARCHITECTURE TESTER  
execution-manager  | ============================================
execution-manager  | 
execution-manager  | ✅ Execution Manager running with SCHED_FIFO priority 95
execution-manager  |    This ensures precise timing and prevents preemption by tasks
execution-manager  | 
execution-manager  | 
execution-manager  | [Redis] Reading schedule from Redis...
execution-manager  | 
execution-manager  | === REDIS DATA ===
execution-manager  | Schedule: Configurable CPU/IO Benchmark (v0.0.0)
execution-manager  | Number of tasks: 4
execution-manager  | Iterations: 5
execution-manager  | 
execution-manager  | Tasks:
execution-manager  |   1. Task: sum1
execution-manager  |      Policy: fifo, Priority: 50, Start: 10 ms
execution-manager  |      Inputs: {"total_ops": {"type": "int", "value": 200}, "io_percentage": {"type": "int", "value": 50}}
execution-manager  | 
execution-manager  |   2. Task: sum2
execution-manager  |      Policy: fifo, Priority: 65, Start: 11 ms
execution-manager  |      Inputs: {"total_ops": {"type": "int", "value": 200}, "io_percentage": {"type": "int", "value": 50}}
execution-manager  | 
execution-manager  |   3. Task: sum3
execution-manager  |      Policy: fifo, Priority: 65, Start: 20 ms
execution-manager  |      Inputs: {"total_ops": {"type": "int", "value": 200}, "io_percentage": {"type": "int", "value": 50}}
execution-manager  | 
execution-manager  |   4. Task: sum4
execution-manager  |      Policy: fifo, Priority: 50, Start: 21 ms
execution-manager  |      Inputs: {"total_ops": {"type": "int", "value": 200}, "io_percentage": {"type": "int", "value": 50}}
execution-manager  | 
execution-manager  | ==================
execution-manager  | 
execution-manager  | 
execution-manager  | ============================================
execution-manager  |    REAL-TIME EVENT-DRIVEN SCHEDULER
execution-manager  | ============================================
execution-manager  | 
execution-manager  | [SCHEDULER] 🚀 Loading schedule: 4 task(s), 5 iteration(s)
execution-manager  | 
execution-manager  | [SCHEDULER] DEBUG - Task 1: start_time=10 s, deadline=40 s (parsed from Redis)
execution-manager  | [SCHEDULER] 📋 Task 1 'sum1': start=10000 ms, deadline=40000 ms
execution-manager  | [SCHEDULER] DEBUG - Task 2: start_time=11 s, deadline=41 s (parsed from Redis)
execution-manager  | [SCHEDULER] 📋 Task 2 'sum2': start=11000 ms, deadline=41000 ms
execution-manager  | [SCHEDULER] DEBUG - Task 3: start_time=20 s, deadline=50 s (parsed from Redis)
execution-manager  | [SCHEDULER] 📋 Task 3 'sum3': start=20000 ms, deadline=50000 ms
execution-manager  | [SCHEDULER] DEBUG - Task 4: start_time=21 s, deadline=51 s (parsed from Redis)
execution-manager  | [SCHEDULER] 📋 Task 4 'sum4': start=21000 ms, deadline=51000 ms
execution-manager  | 
execution-manager  | [SCHEDULER] 🔁 ===== ITERATION 1 / 5 =====
execution-manager  | 
execution-manager  | [SCHEDULER] 🚀 Schedule started at T=0
execution-manager  | 
execution-manager  | [SCHEDULER] 🔄 Entering event loop (NO SLEEP - event-driven!)
execution-manager  | 
execution-manager  | [EPOLL] T=10000 ms: epoll_wait returned 1 event(s)
execution-manager  | [EPOLL] event[0]: type=0 task=sum1
execution-manager  | [SCHEDULER] ⏰ T=10000 ms | T_wall=714993441.431 ms: Launching task 1 'sum1' (deadline: 40000 ms)
execution-manager  | [SCHEDULER] 🕐 Timeout armed for task 1 at T=40000 ms (in 30000 ms)
execution-manager  | [GRPC THREAD 1] Starting...
execution-manager  | [EXECUTION MANAGER] ⏱️ T1=714993441.672 ms | Sending gRPC request for task 1 'sum1'
execution-manager  | [gRPC Channel Pool] Creating new channel for localhost:50051
execution-manager  | [gRPC Client Async] Calling task 'sum1' at localhost:50051
execution-manager  | [gRPC Client Async] Inputs: {"total_ops": 200, "io_percentage": 50}
execution-manager  | [EPOLL] T=11000 ms: epoll_wait returned 1 event(s)
execution-manager  | [EPOLL] event[0]: type=0 task=sum2
execution-manager  | [SCHEDULER] ⏰ T=11000 ms | T_wall=714994441.462 ms: Launching task 2 'sum2' (deadline: 41000 ms)
execution-manager  | [SCHEDULER] 🕐 Timeout armed for task 2 at T=41000 ms (in 30000 ms)
execution-manager  | [GRPC THREAD 2] Starting...
execution-manager  | [EXECUTION MANAGER] ⏱️ T1=714994441.717 ms | Sending gRPC request for task 2 'sum2'
execution-manager  | [gRPC Channel Pool] Creating new channel for localhost:50052
execution-manager  | [gRPC Client Async] Calling task 'sum2' at localhost:50052
execution-manager  | [gRPC Client Async] Inputs: {"total_ops": 200, "io_percentage": 50}
execution-manager  | [gRPC Client Async] Response #1 - Status: COMPLETED
execution-manager  | 🎉 [T=13314 ms] Task 2 'sum2' COMPLETED
execution-manager  | [EXECUTION MANAGER] ⏱️ T2=714994465.902 ms | Thread started (server measured)
execution-manager  | [EXECUTION MANAGER] ⏱️ T3=714996754.295 ms | Task completed (server measured)
execution-manager  | [EXECUTION MANAGER] ⏱️ T4=714996755.068 ms | Result received by client
execution-manager  |    [TASK EXECUTION] 2288.392 ms (T3-T2, measured in thread)
execution-manager  |    [RESULT] {"result": 0}
execution-manager  | 
execution-manager  | ╔═══════════════════════════════════════════════════════════════╗
execution-manager  | ║           END-TO-END TIMING MEASUREMENT RECAP                 ║
execution-manager  | ║                   Task 2: sum2                                 
execution-manager  | ╠═══════════════════════════════════════════════════════════════╣
execution-manager  | ║ T1 (start_request)    = 714994441.717 ms                        ║
execution-manager  | ║ T2 (end_request)      = 714994465.902 ms                        ║
execution-manager  | ║ T3 (start_result)     = 714996754.295 ms                        ║
execution-manager  | ║ T4 (end_result)       = 714996755.068 ms                        ║
execution-manager  | ╠═══════════════════════════════════════════════════════════════╣
execution-manager  | ║ METRICS:                                                      ║
execution-manager  | ║   Request Latency    =       24.185 ms  (T2 - T1)            ║
execution-manager  | ║   Task Execution     =     2288.392 ms  (T3 - T2)            ║
execution-manager  | ║   Response Latency   =        0.773 ms  (T4 - T3)            ║
execution-manager  | ║   Total End-to-End   =     2313.351 ms  (T4 - T1)            ║
execution-manager  | ║   Network Overhead   =       24.958 ms  (Req + Resp)         ║
execution-manager  | ╚═══════════════════════════════════════════════════════════════╝
execution-manager  | 
execution-manager  | [EPOLL] T=13314 ms: epoll_wait returned 1 event(s)
execution-manager  | [EPOLL] event[0]: type=2 task=NULL
execution-manager  | [SCHEDULER] ✅ T=13314 ms: Task 2 'sum2' completed with status 2
execution-manager  | [SCHEDULER] 🔕 Timeout disarmed for task 2
execution-manager  | [SCHEDULER] 3 tasks remaining
execution-manager  | [gRPC Client Async] Stream completed, received 1 responses
execution-manager  | [GRPC THREAD 2] Completed
execution-manager  | [gRPC Client Async] Response #1 - Status: COMPLETED
execution-manager  | 🎉 [T=14605 ms] Task 1 'sum1' COMPLETED
execution-manager  | [EXECUTION MANAGER] ⏱️ T2=714993468.945 ms | Thread started (server measured)
execution-manager  | [EXECUTION MANAGER] ⏱️ T3=714998045.584 ms | Task completed (server measured)
execution-manager  | [EXECUTION MANAGER] ⏱️ T4=714998046.448 ms | Result received by client
execution-manager  |    [TASK EXECUTION] 4576.639 ms (T3-T2, measured in thread)
execution-manager  |    [RESULT] {"result": 0}
execution-manager  | 
execution-manager  | ╔═══════════════════════════════════════════════════════════════╗
execution-manager  | ║           END-TO-END TIMING MEASUREMENT RECAP                 ║
execution-manager  | ║                   Task 1: sum1                                 
execution-manager  | ╠═══════════════════════════════════════════════════════════════╣
execution-manager  | ║ T1 (start_request)    = 714993441.672 ms                        ║
execution-manager  | ║ T2 (end_request)      = 714993468.945 ms                        ║
execution-manager  | ║ T3 (start_result)     = 714998045.584 ms                        ║
execution-manager  | ║ T4 (end_result)       = 714998046.448 ms                        ║
execution-manager  | ╠═══════════════════════════════════════════════════════════════╣
execution-manager  | ║ METRICS:                                                      ║
execution-manager  | ║   Request Latency    =       27.273 ms  (T2 - T1)            ║
execution-manager  | ║   Task Execution     =     4576.639 ms  (T3 - T2)            ║
execution-manager  | ║   Response Latency   =        0.865 ms  (T4 - T3)            ║
execution-manager  | ║   Total End-to-End   =     4604.777 ms  (T4 - T1)            ║
execution-manager  | ║   Network Overhead   =       28.138 ms  (Req + Resp)         ║
execution-manager  | ╚═══════════════════════════════════════════════════════════════╝
execution-manager  | 
execution-manager  | [EPOLL] T=14605 ms: epoll_wait returned 1 event(s)
execution-manager  | [EPOLL] event[0]: type=2 task=NULL
execution-manager  | [SCHEDULER] ✅ T=14605 ms: Task 1 'sum1' completed with status 2
execution-manager  | [SCHEDULER] 🔕 Timeout disarmed for task 1
execution-manager  | [SCHEDULER] 2 tasks remaining
execution-manager  | [gRPC Client Async] Stream completed, received 1 responses
execution-manager  | [GRPC THREAD 1] Completed
execution-manager  | [EPOLL] T=20000 ms: epoll_wait returned 1 event(s)
execution-manager  | [EPOLL] event[0]: type=0 task=sum3
execution-manager  | [SCHEDULER] ⏰ T=20000 ms | T_wall=715003441.490 ms: Launching task 3 'sum3' (deadline: 50000 ms)
execution-manager  | [SCHEDULER] 🕐 Timeout armed for task 3 at T=50000 ms (in 30000 ms)
execution-manager  | [GRPC THREAD 3] Starting...
execution-manager  | [EXECUTION MANAGER] ⏱️ T1=715003441.663 ms | Sending gRPC request for task 3 'sum3'
execution-manager  | [gRPC Channel Pool] Creating new channel for localhost:50053
execution-manager  | [gRPC Client Async] Calling task 'sum3' at localhost:50053
execution-manager  | [gRPC Client Async] Inputs: {"total_ops": 200, "io_percentage": 50}
execution-manager  | [EPOLL] T=21000 ms: epoll_wait returned 1 event(s)
execution-manager  | [EPOLL] event[0]: type=0 task=sum4
execution-manager  | [SCHEDULER] ⏰ T=21000 ms | T_wall=715004441.515 ms: Launching task 4 'sum4' (deadline: 51000 ms)
execution-manager  | [SCHEDULER] 🕐 Timeout armed for task 4 at T=51000 ms (in 30000 ms)
execution-manager  | [GRPC THREAD 4] Starting...
execution-manager  | [EXECUTION MANAGER] ⏱️ T1=715004441.788 ms | Sending gRPC request for task 4 'sum4'
execution-manager  | [gRPC Channel Pool] Creating new channel for localhost:50054
execution-manager  | [gRPC Client Async] Calling task 'sum4' at localhost:50054
execution-manager  | [gRPC Client Async] Inputs: {"total_ops": 200, "io_percentage": 50}
execution-manager  | [gRPC Client Async] Response #1 - Status: COMPLETED
execution-manager  | 🎉 [T=22313 ms] Task 3 'sum3' COMPLETED
execution-manager  | [EXECUTION MANAGER] ⏱️ T2=715003465.938 ms | Thread started (server measured)
execution-manager  | [EXECUTION MANAGER] ⏱️ T3=715005753.677 ms | Task completed (server measured)
execution-manager  | [EXECUTION MANAGER] ⏱️ T4=715005754.375 ms | Result received by client
execution-manager  |    [TASK EXECUTION] 2287.738 ms (T3-T2, measured in thread)
execution-manager  |    [RESULT] {"result": 0}
execution-manager  | 
execution-manager  | ╔═══════════════════════════════════════════════════════════════╗
execution-manager  | ║           END-TO-END TIMING MEASUREMENT RECAP                 ║
execution-manager  | ║                   Task 3: sum3                                 
execution-manager  | ╠═══════════════════════════════════════════════════════════════╣
execution-manager  | ║ T1 (start_request)    = 715003441.663 ms                        ║
execution-manager  | ║ T2 (end_request)      = 715003465.938 ms                        ║
execution-manager  | ║ T3 (start_result)     = 715005753.677 ms                        ║
execution-manager  | ║ T4 (end_result)       = 715005754.375 ms                        ║
execution-manager  | ╠═══════════════════════════════════════════════════════════════╣
execution-manager  | ║ METRICS:                                                      ║
execution-manager  | ║   Request Latency    =       24.275 ms  (T2 - T1)            ║
execution-manager  | ║   Task Execution     =     2287.738 ms  (T3 - T2)            ║
execution-manager  | ║   Response Latency   =        0.698 ms  (T4 - T3)            ║
execution-manager  | ║   Total End-to-End   =     2312.711 ms  (T4 - T1)            ║
execution-manager  | ║   Network Overhead   =       24.973 ms  (Req + Resp)         ║
execution-manager  | ╚═══════════════════════════════════════════════════════════════╝
execution-manager  | 
execution-manager  | [EPOLL] T=22313 ms: epoll_wait returned 1 event(s)
execution-manager  | [EPOLL] event[0]: type=2 task=NULL
execution-manager  | [SCHEDULER] ✅ T=22313 ms: Task 3 'sum3' completed with status 2
execution-manager  | [SCHEDULER] 🔕 Timeout disarmed for task 3
execution-manager  | [SCHEDULER] 1 tasks remaining
execution-manager  | [gRPC Client Async] Stream completed, received 1 responses
execution-manager  | [GRPC THREAD 3] Completed
execution-manager  | [gRPC Client Async] Response #1 - Status: COMPLETED
execution-manager  | 🎉 [T=24601 ms] Task 4 'sum4' COMPLETED
execution-manager  | [EXECUTION MANAGER] ⏱️ T2=715005753.765 ms | Thread started (server measured)
execution-manager  | [EXECUTION MANAGER] ⏱️ T3=715008041.264 ms | Task completed (server measured)
execution-manager  | [EXECUTION MANAGER] ⏱️ T4=715008042.037 ms | Result received by client
execution-manager  |    [TASK EXECUTION] 2287.499 ms (T3-T2, measured in thread)
execution-manager  |    [RESULT] {"result": 0}
execution-manager  | 
execution-manager  | ╔═══════════════════════════════════════════════════════════════╗
execution-manager  | ║           END-TO-END TIMING MEASUREMENT RECAP                 ║
execution-manager  | ║                   Task 4: sum4                                 
execution-manager  | ╠═══════════════════════════════════════════════════════════════╣
execution-manager  | ║ T1 (start_request)    = 715004441.788 ms                        ║
execution-manager  | ║ T2 (end_request)      = 715005753.765 ms                        ║
execution-manager  | ║ T3 (start_result)     = 715008041.264 ms                        ║
execution-manager  | ║ T4 (end_result)       = 715008042.037 ms                        ║
execution-manager  | ╠═══════════════════════════════════════════════════════════════╣
execution-manager  | ║ METRICS:                                                      ║
execution-manager  | ║   Request Latency    =     1311.977 ms  (T2 - T1)            ║
execution-manager  | ║   Task Execution     =     2287.499 ms  (T3 - T2)            ║
execution-manager  | ║   Response Latency   =        0.773 ms  (T4 - T3)            ║
execution-manager  | ║   Total End-to-End   =     3600.249 ms  (T4 - T1)            ║
execution-manager  | ║   Network Overhead   =     1312.750 ms  (Req + Resp)         ║
execution-manager  | ╚═══════════════════════════════════════════════════════════════╝
execution-manager  | 
execution-manager  | [EPOLL] T=24601 ms: epoll_wait returned 1 event(s)
execution-manager  | [EPOLL] event[0]: type=2 task=NULL
execution-manager  | [SCHEDULER] ✅ T=24601 ms: Task 4 'sum4' completed with status 2
execution-manager  | [SCHEDULER] 🔕 Timeout disarmed for task 4
execution-manager  | [SCHEDULER] 0 tasks remaining
execution-manager  | 
execution-manager  | [SCHEDULER] 🏁 Iteration 1/5 complete!
execution-manager  | [SCHEDULER] Iteration execution time: 24601 ms
execution-manager  | 
execution-manager  | 
execution-manager  | [SCHEDULER] 🔁 ===== ITERATION 2 / 5 =====
execution-manager  | 
execution-manager  | [SCHEDULER] 🚀 Schedule started at T=0
execution-manager  | 
execution-manager  | [SCHEDULER] 🔄 Entering event loop (NO SLEEP - event-driven!)
execution-manager  | 
execution-manager  | [gRPC Client Async] Stream completed, received 1 responses
execution-manager  | [GRPC THREAD 4] Completed
execution-manager  | [EPOLL] T=10000 ms: epoll_wait returned 1 event(s)
execution-manager  | [EPOLL] event[0]: type=0 task=sum1
execution-manager  | [SCHEDULER] ⏰ T=10000 ms | T_wall=715018042.329 ms: Launching task 1 'sum1' (deadline: 40000 ms)
execution-manager  | [SCHEDULER] 🕐 Timeout armed for task 1 at T=40000 ms (in 30000 ms)
execution-manager  | [GRPC THREAD 1] Starting...
execution-manager  | [EXECUTION MANAGER] ⏱️ T1=715018042.494 ms | Sending gRPC request for task 1 'sum1'
execution-manager  | [gRPC Channel Pool] Reusing existing channel for localhost:50051 (state=2)
execution-manager  | [gRPC Client Async] Calling task 'sum1' at localhost:50051
execution-manager  | [gRPC Client Async] Inputs: {"total_ops": 200, "io_percentage": 50}
execution-manager  | [EPOLL] T=11000 ms: epoll_wait returned 1 event(s)
execution-manager  | [EPOLL] event[0]: type=0 task=sum2
execution-manager  | [SCHEDULER] ⏰ T=11000 ms | T_wall=715019042.359 ms: Launching task 2 'sum2' (deadline: 41000 ms)
execution-manager  | [SCHEDULER] 🕐 Timeout armed for task 2 at T=41000 ms (in 30000 ms)
execution-manager  | [GRPC THREAD 2] Starting...
execution-manager  | [EXECUTION MANAGER] ⏱️ T1=715019042.518 ms | Sending gRPC request for task 2 'sum2'
execution-manager  | [gRPC Channel Pool] Reusing existing channel for localhost:50052 (state=2)
execution-manager  | [gRPC Client Async] Calling task 'sum2' at localhost:50052
execution-manager  | [gRPC Client Async] Inputs: {"total_ops": 200, "io_percentage": 50}
execution-manager  | [gRPC Client Async] Response #1 - Status: COMPLETED
execution-manager  | 🎉 [T=13288 ms] Task 2 'sum2' COMPLETED
execution-manager  | [EXECUTION MANAGER] ⏱️ T2=715019043.546 ms | Thread started (server measured)
execution-manager  | [EXECUTION MANAGER] ⏱️ T3=715021330.326 ms | Task completed (server measured)
execution-manager  | [EXECUTION MANAGER] ⏱️ T4=715021330.945 ms | Result received by client
execution-manager  |    [TASK EXECUTION] 2286.780 ms (T3-T2, measured in thread)
execution-manager  |    [RESULT] {"result": 0}
execution-manager  | 
execution-manager  | ╔═══════════════════════════════════════════════════════════════╗
execution-manager  | ║           END-TO-END TIMING MEASUREMENT RECAP                 ║
execution-manager  | ║                   Task 2: sum2                                 
execution-manager  | ╠═══════════════════════════════════════════════════════════════╣
execution-manager  | ║ T1 (start_request)    = 715019042.518 ms                        ║
execution-manager  | ║ T2 (end_request)      = 715019043.546 ms                        ║
execution-manager  | ║ T3 (start_result)     = 715021330.326 ms                        ║
execution-manager  | ║ T4 (end_result)       = 715021330.945 ms                        ║
execution-manager  | ╠═══════════════════════════════════════════════════════════════╣
execution-manager  | ║ METRICS:                                                      ║
execution-manager  | ║   Request Latency    =        1.028 ms  (T2 - T1)            ║
execution-manager  | ║   Task Execution     =     2286.780 ms  (T3 - T2)            ║
execution-manager  | ║   Response Latency   =        0.619 ms  (T4 - T3)            ║
execution-manager  | ║   Total End-to-End   =     2288.427 ms  (T4 - T1)            ║
execution-manager  | ║   Network Overhead   =        1.648 ms  (Req + Resp)         ║
execution-manager  | ╚═══════════════════════════════════════════════════════════════╝
execution-manager  | 
execution-manager  | [EPOLL] T=13289 ms: epoll_wait returned 1 event(s)
execution-manager  | [EPOLL] event[0]: type=2 task=NULL
execution-manager  | [SCHEDULER] ✅ T=13289 ms: Task 2 'sum2' completed with status 2
execution-manager  | [SCHEDULER] 🔕 Timeout disarmed for task 2
execution-manager  | [SCHEDULER] 3 tasks remaining
execution-manager  | [gRPC Client Async] Stream completed, received 1 responses
execution-manager  | [GRPC THREAD 2] Completed
execution-manager  | [gRPC Client Async] Response #1 - Status: COMPLETED
execution-manager  | 🎉 [T=14576 ms] Task 1 'sum1' COMPLETED
execution-manager  | [EXECUTION MANAGER] ⏱️ T2=715018043.490 ms | Thread started (server measured)
execution-manager  | [EXECUTION MANAGER] ⏱️ T3=715022617.346 ms | Task completed (server measured)
execution-manager  | [EXECUTION MANAGER] ⏱️ T4=715022618.066 ms | Result received by client
execution-manager  |    [TASK EXECUTION] 4573.857 ms (T3-T2, measured in thread)
execution-manager  |    [RESULT] {"result": 0}
execution-manager  | 
execution-manager  | ╔═══════════════════════════════════════════════════════════════╗
execution-manager  | ║           END-TO-END TIMING MEASUREMENT RECAP                 ║
execution-manager  | ║                   Task 1: sum1                                 
execution-manager  | ╠═══════════════════════════════════════════════════════════════╣
execution-manager  | ║ T1 (start_request)    = 715018042.494 ms                        ║
execution-manager  | ║ T2 (end_request)      = 715018043.490 ms                        ║
execution-manager  | ║ T3 (start_result)     = 715022617.346 ms                        ║
execution-manager  | ║ T4 (end_result)       = 715022618.066 ms                        ║
execution-manager  | ╠═══════════════════════════════════════════════════════════════╣
execution-manager  | ║ METRICS:                                                      ║
execution-manager  | ║   Request Latency    =        0.996 ms  (T2 - T1)            ║
execution-manager  | ║   Task Execution     =     4573.857 ms  (T3 - T2)            ║
execution-manager  | ║   Response Latency   =        0.720 ms  (T4 - T3)            ║
execution-manager  | ║   Total End-to-End   =     4575.573 ms  (T4 - T1)            ║
execution-manager  | ║   Network Overhead   =        1.716 ms  (Req + Resp)         ║
execution-manager  | ╚═══════════════════════════════════════════════════════════════╝
execution-manager  | 
execution-manager  | [EPOLL] T=14576 ms: epoll_wait returned 1 event(s)
execution-manager  | [EPOLL] event[0]: type=2 task=NULL
execution-manager  | [SCHEDULER] ✅ T=14576 ms: Task 1 'sum1' completed with status 2
execution-manager  | [SCHEDULER] 🔕 Timeout disarmed for task 1
execution-manager  | [SCHEDULER] 2 tasks remaining
execution-manager  | [gRPC Client Async] Stream completed, received 1 responses
execution-manager  | [GRPC THREAD 1] Completed
execution-manager  | [EPOLL] T=20000 ms: epoll_wait returned 1 event(s)
execution-manager  | [EPOLL] event[0]: type=0 task=sum3
execution-manager  | [SCHEDULER] ⏰ T=20000 ms | T_wall=715028042.392 ms: Launching task 3 'sum3' (deadline: 50000 ms)
execution-manager  | [SCHEDULER] 🕐 Timeout armed for task 3 at T=50000 ms (in 30000 ms)
execution-manager  | [GRPC THREAD 3] Starting...
execution-manager  | [EXECUTION MANAGER] ⏱️ T1=715028042.559 ms | Sending gRPC request for task 3 'sum3'
execution-manager  | [gRPC Channel Pool] Reusing existing channel for localhost:50053 (state=2)
execution-manager  | [gRPC Client Async] Calling task 'sum3' at localhost:50053
execution-manager  | [gRPC Client Async] Inputs: {"total_ops": 200, "io_percentage": 50}
execution-manager  | [EPOLL] T=21000 ms: epoll_wait returned 1 event(s)
execution-manager  | [EPOLL] event[0]: type=0 task=sum4
execution-manager  | [SCHEDULER] ⏰ T=21000 ms | T_wall=715029042.418 ms: Launching task 4 'sum4' (deadline: 51000 ms)
execution-manager  | [SCHEDULER] 🕐 Timeout armed for task 4 at T=51000 ms (in 30000 ms)
execution-manager  | [GRPC THREAD 4] Starting...
execution-manager  | [EXECUTION MANAGER] ⏱️ T1=715029042.622 ms | Sending gRPC request for task 4 'sum4'
execution-manager  | [gRPC Channel Pool] Reusing existing channel for localhost:50054 (state=2)
execution-manager  | [gRPC Client Async] Calling task 'sum4' at localhost:50054
execution-manager  | [gRPC Client Async] Inputs: {"total_ops": 200, "io_percentage": 50}
execution-manager  | [gRPC Client Async] Response #1 - Status: COMPLETED
execution-manager  | 🎉 [T=22289 ms] Task 3 'sum3' COMPLETED
execution-manager  | [EXECUTION MANAGER] ⏱️ T2=715028043.544 ms | Thread started (server measured)
execution-manager  | [EXECUTION MANAGER] ⏱️ T3=715030330.624 ms | Task completed (server measured)
execution-manager  | [EXECUTION MANAGER] ⏱️ T4=715030331.285 ms | Result received by client
execution-manager  |    [TASK EXECUTION] 2287.080 ms (T3-T2, measured in thread)
execution-manager  |    [RESULT] {"result": 0}
execution-manager  | 
execution-manager  | ╔═══════════════════════════════════════════════════════════════╗
execution-manager  | ║           END-TO-END TIMING MEASUREMENT RECAP                 ║
execution-manager  | ║                   Task 3: sum3                                 
execution-manager  | ╠═══════════════════════════════════════════════════════════════╣
execution-manager  | ║ T1 (start_request)    = 715028042.559 ms                        ║
execution-manager  | ║ T2 (end_request)      = 715028043.544 ms                        ║
execution-manager  | ║ T3 (start_result)     = 715030330.624 ms                        ║
execution-manager  | ║ T4 (end_result)       = 715030331.285 ms                        ║
execution-manager  | ╠═══════════════════════════════════════════════════════════════╣
execution-manager  | ║ METRICS:                                                      ║
execution-manager  | ║   Request Latency    =        0.985 ms  (T2 - T1)            ║
execution-manager  | ║   Task Execution     =     2287.080 ms  (T3 - T2)            ║
execution-manager  | ║   Response Latency   =        0.661 ms  (T4 - T3)            ║
execution-manager  | ║   Total End-to-End   =     2288.726 ms  (T4 - T1)            ║
execution-manager  | ║   Network Overhead   =        1.646 ms  (Req + Resp)         ║
execution-manager  | ╚═══════════════════════════════════════════════════════════════╝
execution-manager  | 
execution-manager  | [EPOLL] T=22289 ms: epoll_wait returned 1 event(s)
execution-manager  | [EPOLL] event[0]: type=2 task=NULL
execution-manager  | [SCHEDULER] ✅ T=22289 ms: Task 3 'sum3' completed with status 2
execution-manager  | [SCHEDULER] 🔕 Timeout disarmed for task 3
execution-manager  | [SCHEDULER] 1 tasks remaining
execution-manager  | [gRPC Client Async] Stream completed, received 1 responses
execution-manager  | [GRPC THREAD 3] Completed
execution-manager  | [gRPC Client Async] Response #1 - Status: COMPLETED
execution-manager  | 🎉 [T=24576 ms] Task 4 'sum4' COMPLETED
execution-manager  | [EXECUTION MANAGER] ⏱️ T2=715030330.716 ms | Thread started (server measured)
execution-manager  | [EXECUTION MANAGER] ⏱️ T3=715032617.828 ms | Task completed (server measured)
execution-manager  | [EXECUTION MANAGER] ⏱️ T4=715032618.664 ms | Result received by client
execution-manager  |    [TASK EXECUTION] 2287.112 ms (T3-T2, measured in thread)
execution-manager  |    [RESULT] {"result": 0}
execution-manager  | 
execution-manager  | ╔═══════════════════════════════════════════════════════════════╗
execution-manager  | ║           END-TO-END TIMING MEASUREMENT RECAP                 ║
execution-manager  | ║                   Task 4: sum4                                 
execution-manager  | ╠═══════════════════════════════════════════════════════════════╣
execution-manager  | ║ T1 (start_request)    = 715029042.622 ms                        ║
execution-manager  | ║ T2 (end_request)      = 715030330.716 ms                        ║
execution-manager  | ║ T3 (start_result)     = 715032617.828 ms                        ║
execution-manager  | ║ T4 (end_result)       = 715032618.664 ms                        ║
execution-manager  | ╠═══════════════════════════════════════════════════════════════╣
execution-manager  | ║ METRICS:                                                      ║
execution-manager  | ║   Request Latency    =     1288.095 ms  (T2 - T1)            ║
execution-manager  | ║   Task Execution     =     2287.112 ms  (T3 - T2)            ║
execution-manager  | ║   Response Latency   =        0.836 ms  (T4 - T3)            ║
execution-manager  | ║   Total End-to-End   =     3576.043 ms  (T4 - T1)            ║
execution-manager  | ║   Network Overhead   =     1288.931 ms  (Req + Resp)         ║
execution-manager  | ╚═══════════════════════════════════════════════════════════════╝
execution-manager  | 
execution-manager  | [EPOLL] T=24576 ms: epoll_wait returned 1 event(s)
execution-manager  | [EPOLL] event[0]: type=2 task=NULL
execution-manager  | [SCHEDULER] ✅ T=24576 ms: Task 4 'sum4' completed with status 2
execution-manager  | [SCHEDULER] 🔕 Timeout disarmed for task 4
execution-manager  | [SCHEDULER] 0 tasks remaining
execution-manager  | 
execution-manager  | [SCHEDULER] 🏁 Iteration 2/5 complete!
execution-manager  | [SCHEDULER] Iteration execution time: 24576 ms
execution-manager  | 
execution-manager  | 
execution-manager  | [SCHEDULER] 🔁 ===== ITERATION 3 / 5 =====
execution-manager  | 
execution-manager  | [SCHEDULER] 🚀 Schedule started at T=0
execution-manager  | 
execution-manager  | [SCHEDULER] 🔄 Entering event loop (NO SLEEP - event-driven!)
execution-manager  | 
execution-manager  | [gRPC Client Async] Stream completed, received 1 responses
execution-manager  | [GRPC THREAD 4] Completed
execution-manager  | [EPOLL] T=10000 ms: epoll_wait returned 1 event(s)
execution-manager  | [EPOLL] event[0]: type=0 task=sum1
execution-manager  | [SCHEDULER] ⏰ T=10000 ms | T_wall=715042618.963 ms: Launching task 1 'sum1' (deadline: 40000 ms)
execution-manager  | [SCHEDULER] 🕐 Timeout armed for task 1 at T=40000 ms (in 29999 ms)
execution-manager  | [GRPC THREAD 1] Starting...
execution-manager  | [EXECUTION MANAGER] ⏱️ T1=715042619.144 ms | Sending gRPC request for task 1 'sum1'
execution-manager  | [gRPC Channel Pool] Reusing existing channel for localhost:50051 (state=2)
execution-manager  | [gRPC Client Async] Calling task 'sum1' at localhost:50051
execution-manager  | [gRPC Client Async] Inputs: {"total_ops": 200, "io_percentage": 50}
execution-manager  | [EPOLL] T=11000 ms: epoll_wait returned 1 event(s)
execution-manager  | [EPOLL] event[0]: type=0 task=sum2
execution-manager  | [SCHEDULER] ⏰ T=11000 ms | T_wall=715043618.988 ms: Launching task 2 'sum2' (deadline: 41000 ms)
execution-manager  | [SCHEDULER] 🕐 Timeout armed for task 2 at T=41000 ms (in 29999 ms)
execution-manager  | [GRPC THREAD 2] Starting...
execution-manager  | [EXECUTION MANAGER] ⏱️ T1=715043619.177 ms | Sending gRPC request for task 2 'sum2'
execution-manager  | [gRPC Channel Pool] Reusing existing channel for localhost:50052 (state=2)
execution-manager  | [gRPC Client Async] Calling task 'sum2' at localhost:50052
execution-manager  | [gRPC Client Async] Inputs: {"total_ops": 200, "io_percentage": 50}
execution-manager  | [gRPC Client Async] Response #1 - Status: COMPLETED
execution-manager  | 🎉 [T=13290 ms] Task 2 'sum2' COMPLETED
execution-manager  | [EXECUTION MANAGER] ⏱️ T2=715043620.126 ms | Thread started (server measured)
execution-manager  | [EXECUTION MANAGER] ⏱️ T3=715045908.077 ms | Task completed (server measured)
execution-manager  | [EXECUTION MANAGER] ⏱️ T4=715045908.703 ms | Result received by client
execution-manager  |    [TASK EXECUTION] 2287.951 ms (T3-T2, measured in thread)
execution-manager  |    [RESULT] {"result": 0}
execution-manager  | 
execution-manager  | ╔═══════════════════════════════════════════════════════════════╗
execution-manager  | ║           END-TO-END TIMING MEASUREMENT RECAP                 ║
execution-manager  | ║                   Task 2: sum2                                 
execution-manager  | ╠═══════════════════════════════════════════════════════════════╣
execution-manager  | ║ T1 (start_request)    = 715043619.177 ms                        ║
execution-manager  | ║ T2 (end_request)      = 715043620.126 ms                        ║
execution-manager  | ║ T3 (start_result)     = 715045908.077 ms                        ║
execution-manager  | ║ T4 (end_result)       = 715045908.703 ms                        ║
execution-manager  | ╠═══════════════════════════════════════════════════════════════╣
execution-manager  | ║ METRICS:                                                      ║
execution-manager  | ║   Request Latency    =        0.949 ms  (T2 - T1)            ║
execution-manager  | ║   Task Execution     =     2287.951 ms  (T3 - T2)            ║
execution-manager  | ║   Response Latency   =        0.626 ms  (T4 - T3)            ║
execution-manager  | ║   Total End-to-End   =     2289.526 ms  (T4 - T1)            ║
execution-manager  | ║   Network Overhead   =        1.575 ms  (Req + Resp)         ║
execution-manager  | ╚═══════════════════════════════════════════════════════════════╝
execution-manager  | 
execution-manager  | [EPOLL] T=13290 ms: epoll_wait returned 1 event(s)
execution-manager  | [EPOLL] event[0]: type=2 task=NULL
execution-manager  | [SCHEDULER] ✅ T=13290 ms: Task 2 'sum2' completed with status 2
execution-manager  | [SCHEDULER] 🔕 Timeout disarmed for task 2
execution-manager  | [SCHEDULER] 3 tasks remaining
execution-manager  | [gRPC Client Async] Stream completed, received 1 responses
execution-manager  | [GRPC THREAD 2] Completed
execution-manager  | [gRPC Client Async] Response #1 - Status: COMPLETED
execution-manager  | 🎉 [T=14578 ms] Task 1 'sum1' COMPLETED
execution-manager  | [EXECUTION MANAGER] ⏱️ T2=715042620.008 ms | Thread started (server measured)
execution-manager  | [EXECUTION MANAGER] ⏱️ T3=715047196.243 ms | Task completed (server measured)
execution-manager  | [EXECUTION MANAGER] ⏱️ T4=715047196.960 ms | Result received by client
execution-manager  |    [TASK EXECUTION] 4576.235 ms (T3-T2, measured in thread)
execution-manager  |    [RESULT] {"result": 0}
execution-manager  | 
execution-manager  | ╔═══════════════════════════════════════════════════════════════╗
execution-manager  | ║           END-TO-END TIMING MEASUREMENT RECAP                 ║
execution-manager  | ║                   Task 1: sum1                                 
execution-manager  | ╠═══════════════════════════════════════════════════════════════╣
execution-manager  | ║ T1 (start_request)    = 715042619.144 ms                        ║
execution-manager  | ║ T2 (end_request)      = 715042620.008 ms                        ║
execution-manager  | ║ T3 (start_result)     = 715047196.243 ms                        ║
execution-manager  | ║ T4 (end_result)       = 715047196.960 ms                        ║
execution-manager  | ╠═══════════════════════════════════════════════════════════════╣
execution-manager  | ║ METRICS:                                                      ║
execution-manager  | ║   Request Latency    =        0.864 ms  (T2 - T1)            ║
execution-manager  | ║   Task Execution     =     4576.235 ms  (T3 - T2)            ║
execution-manager  | ║   Response Latency   =        0.717 ms  (T4 - T3)            ║
execution-manager  | ║   Total End-to-End   =     4577.815 ms  (T4 - T1)            ║
execution-manager  | ║   Network Overhead   =        1.580 ms  (Req + Resp)         ║
execution-manager  | ╚═══════════════════════════════════════════════════════════════╝
execution-manager  | 
execution-manager  | [EPOLL] T=14579 ms: epoll_wait returned 1 event(s)
execution-manager  | [EPOLL] event[0]: type=2 task=NULL
execution-manager  | [SCHEDULER] ✅ T=14579 ms: Task 1 'sum1' completed with status 2
execution-manager  | [SCHEDULER] 🔕 Timeout disarmed for task 1
execution-manager  | [SCHEDULER] 2 tasks remaining
execution-manager  | [gRPC Client Async] Stream completed, received 1 responses
execution-manager  | [GRPC THREAD 1] Completed
execution-manager  | [EPOLL] T=20001 ms: epoll_wait returned 1 event(s)
execution-manager  | [EPOLL] event[0]: type=0 task=sum3
execution-manager  | [SCHEDULER] ⏰ T=20001 ms | T_wall=715052619.026 ms: Launching task 3 'sum3' (deadline: 50000 ms)
execution-manager  | [SCHEDULER] 🕐 Timeout armed for task 3 at T=50000 ms (in 29999 ms)
execution-manager  | [GRPC THREAD 3] Starting...
execution-manager  | [EXECUTION MANAGER] ⏱️ T1=715052619.196 ms | Sending gRPC request for task 3 'sum3'
execution-manager  | [gRPC Channel Pool] Reusing existing channel for localhost:50053 (state=2)
execution-manager  | [gRPC Client Async] Calling task 'sum3' at localhost:50053
execution-manager  | [gRPC Client Async] Inputs: {"total_ops": 200, "io_percentage": 50}
execution-manager  | [EPOLL] T=21001 ms: epoll_wait returned 1 event(s)
execution-manager  | [EPOLL] event[0]: type=0 task=sum4
execution-manager  | [SCHEDULER] ⏰ T=21001 ms | T_wall=715053619.049 ms: Launching task 4 'sum4' (deadline: 51000 ms)
execution-manager  | [SCHEDULER] 🕐 Timeout armed for task 4 at T=51000 ms (in 29999 ms)
execution-manager  | [GRPC THREAD 4] Starting...
execution-manager  | [EXECUTION MANAGER] ⏱️ T1=715053619.233 ms | Sending gRPC request for task 4 'sum4'
execution-manager  | [gRPC Channel Pool] Reusing existing channel for localhost:50054 (state=2)
execution-manager  | [gRPC Client Async] Calling task 'sum4' at localhost:50054
execution-manager  | [gRPC Client Async] Inputs: {"total_ops": 200, "io_percentage": 50}
execution-manager  | [gRPC Client Async] Response #1 - Status: COMPLETED
execution-manager  | 🎉 [T=22290 ms] Task 3 'sum3' COMPLETED
execution-manager  | [EXECUTION MANAGER] ⏱️ T2=715052620.096 ms | Thread started (server measured)
execution-manager  | [EXECUTION MANAGER] ⏱️ T3=715054907.860 ms | Task completed (server measured)
execution-manager  | [EXECUTION MANAGER] ⏱️ T4=715054908.501 ms | Result received by client
execution-manager  |    [TASK EXECUTION] 2287.764 ms (T3-T2, measured in thread)
execution-manager  |    [RESULT] {"result": 0}
execution-manager  | 
execution-manager  | ╔═══════════════════════════════════════════════════════════════╗
execution-manager  | ║           END-TO-END TIMING MEASUREMENT RECAP                 ║
execution-manager  | ║                   Task 3: sum3                                 
execution-manager  | ╠═══════════════════════════════════════════════════════════════╣
execution-manager  | ║ T1 (start_request)    = 715052619.196 ms                        ║
execution-manager  | ║ T2 (end_request)      = 715052620.096 ms                        ║
execution-manager  | ║ T3 (start_result)     = 715054907.860 ms                        ║
execution-manager  | ║ T4 (end_result)       = 715054908.501 ms                        ║
execution-manager  | ╠═══════════════════════════════════════════════════════════════╣
execution-manager  | ║ METRICS:                                                      ║
execution-manager  | ║   Request Latency    =        0.900 ms  (T2 - T1)            ║
execution-manager  | ║   Task Execution     =     2287.764 ms  (T3 - T2)            ║
execution-manager  | ║   Response Latency   =        0.641 ms  (T4 - T3)            ║
execution-manager  | ║   Total End-to-End   =     2289.305 ms  (T4 - T1)            ║
execution-manager  | ║   Network Overhead   =        1.541 ms  (Req + Resp)         ║
execution-manager  | ╚═══════════════════════════════════════════════════════════════╝
execution-manager  | 
execution-manager  | [EPOLL] T=22290 ms: epoll_wait returned 1 event(s)
execution-manager  | [EPOLL] event[0]: type=2 task=NULL
execution-manager  | [SCHEDULER] ✅ T=22290 ms: Task 3 'sum3' completed with status 2
execution-manager  | [SCHEDULER] 🔕 Timeout disarmed for task 3
execution-manager  | [SCHEDULER] 1 tasks remaining
execution-manager  | [gRPC Client Async] Stream completed, received 1 responses
execution-manager  | [GRPC THREAD 3] Completed
execution-manager  | [gRPC Client Async] Response #1 - Status: COMPLETED
execution-manager  | 🎉 [T=24578 ms] Task 4 'sum4' COMPLETED
execution-manager  | [EXECUTION MANAGER] ⏱️ T2=715054907.942 ms | Thread started (server measured)
execution-manager  | [EXECUTION MANAGER] ⏱️ T3=715057195.779 ms | Task completed (server measured)
execution-manager  | [EXECUTION MANAGER] ⏱️ T4=715057196.712 ms | Result received by client
execution-manager  |    [TASK EXECUTION] 2287.837 ms (T3-T2, measured in thread)
execution-manager  |    [RESULT] {"result": 0}
execution-manager  | 
execution-manager  | ╔═══════════════════════════════════════════════════════════════╗
execution-manager  | ║           END-TO-END TIMING MEASUREMENT RECAP                 ║
execution-manager  | ║                   Task 4: sum4                                 
execution-manager  | ╠═══════════════════════════════════════════════════════════════╣
execution-manager  | ║ T1 (start_request)    = 715053619.233 ms                        ║
execution-manager  | ║ T2 (end_request)      = 715054907.942 ms                        ║
execution-manager  | ║ T3 (start_result)     = 715057195.779 ms                        ║
execution-manager  | ║ T4 (end_result)       = 715057196.712 ms                        ║
execution-manager  | ╠═══════════════════════════════════════════════════════════════╣
execution-manager  | ║ METRICS:                                                      ║
execution-manager  | ║   Request Latency    =     1288.709 ms  (T2 - T1)            ║
execution-manager  | ║   Task Execution     =     2287.837 ms  (T3 - T2)            ║
execution-manager  | ║   Response Latency   =        0.933 ms  (T4 - T3)            ║
execution-manager  | ║   Total End-to-End   =     3577.479 ms  (T4 - T1)            ║
execution-manager  | ║   Network Overhead   =     1289.642 ms  (Req + Resp)         ║
execution-manager  | ╚═══════════════════════════════════════════════════════════════╝
execution-manager  | 
execution-manager  | [EPOLL] T=24578 ms: epoll_wait returned 1 event(s)
execution-manager  | [EPOLL] event[0]: type=2 task=NULL
execution-manager  | [SCHEDULER] ✅ T=24578 ms: Task 4 'sum4' completed with status 2
execution-manager  | [SCHEDULER] 🔕 Timeout disarmed for task 4
execution-manager  | [SCHEDULER] 0 tasks remaining
execution-manager  | 
execution-manager  | [SCHEDULER] 🏁 Iteration 3/5 complete!
execution-manager  | [SCHEDULER] Iteration execution time: 24578 ms
execution-manager  | 
execution-manager  | 
execution-manager  | [SCHEDULER] 🔁 ===== ITERATION 4 / 5 =====
execution-manager  | 
execution-manager  | [SCHEDULER] 🚀 Schedule started at T=0
execution-manager  | 
execution-manager  | [SCHEDULER] 🔄 Entering event loop (NO SLEEP - event-driven!)
execution-manager  | 
execution-manager  | [gRPC Client Async] Stream completed, received 1 responses
execution-manager  | [GRPC THREAD 4] Completed
execution-manager  | [EPOLL] T=10000 ms: epoll_wait returned 1 event(s)
execution-manager  | [EPOLL] event[0]: type=0 task=sum1
execution-manager  | [SCHEDULER] ⏰ T=10001 ms | T_wall=715067197.024 ms: Launching task 1 'sum1' (deadline: 40000 ms)
execution-manager  | [SCHEDULER] 🕐 Timeout armed for task 1 at T=40000 ms (in 29999 ms)
execution-manager  | [GRPC THREAD 1] Starting...
execution-manager  | [EXECUTION MANAGER] ⏱️ T1=715067197.187 ms | Sending gRPC request for task 1 'sum1'
execution-manager  | [gRPC Channel Pool] Reusing existing channel for localhost:50051 (state=2)
execution-manager  | [gRPC Client Async] Calling task 'sum1' at localhost:50051
execution-manager  | [gRPC Client Async] Inputs: {"total_ops": 200, "io_percentage": 50}
execution-manager  | [EPOLL] T=11001 ms: epoll_wait returned 1 event(s)
execution-manager  | [EPOLL] event[0]: type=0 task=sum2
execution-manager  | [SCHEDULER] ⏰ T=11001 ms | T_wall=715068197.051 ms: Launching task 2 'sum2' (deadline: 41000 ms)
execution-manager  | [SCHEDULER] 🕐 Timeout armed for task 2 at T=41000 ms (in 29999 ms)
execution-manager  | [GRPC THREAD 2] Starting...
execution-manager  | [EXECUTION MANAGER] ⏱️ T1=715068197.212 ms | Sending gRPC request for task 2 'sum2'
execution-manager  | [gRPC Channel Pool] Reusing existing channel for localhost:50052 (state=2)
execution-manager  | [gRPC Client Async] Calling task 'sum2' at localhost:50052
execution-manager  | [gRPC Client Async] Inputs: {"total_ops": 200, "io_percentage": 50}
execution-manager  | [gRPC Client Async] Response #1 - Status: COMPLETED
execution-manager  | 🎉 [T=13290 ms] Task 2 'sum2' COMPLETED
execution-manager  | [EXECUTION MANAGER] ⏱️ T2=715068198.128 ms | Thread started (server measured)
execution-manager  | [EXECUTION MANAGER] ⏱️ T3=715070486.103 ms | Task completed (server measured)
execution-manager  | [EXECUTION MANAGER] ⏱️ T4=715070486.719 ms | Result received by client
execution-manager  |    [TASK EXECUTION] 2287.975 ms (T3-T2, measured in thread)
execution-manager  |    [RESULT] {"result": 0}
execution-manager  | 
execution-manager  | ╔═══════════════════════════════════════════════════════════════╗
execution-manager  | ║           END-TO-END TIMING MEASUREMENT RECAP                 ║
execution-manager  | ║                   Task 2: sum2                                 
execution-manager  | ╠═══════════════════════════════════════════════════════════════╣
execution-manager  | ║ T1 (start_request)    = 715068197.212 ms                        ║
execution-manager  | ║ T2 (end_request)      = 715068198.128 ms                        ║
execution-manager  | ║ T3 (start_result)     = 715070486.103 ms                        ║
execution-manager  | ║ T4 (end_result)       = 715070486.719 ms                        ║
execution-manager  | ╠═══════════════════════════════════════════════════════════════╣
execution-manager  | ║ METRICS:                                                      ║
execution-manager  | ║   Request Latency    =        0.916 ms  (T2 - T1)            ║
execution-manager  | ║   Task Execution     =     2287.975 ms  (T3 - T2)            ║
execution-manager  | ║   Response Latency   =        0.616 ms  (T4 - T3)            ║
execution-manager  | ║   Total End-to-End   =     2289.508 ms  (T4 - T1)            ║
execution-manager  | ║   Network Overhead   =        1.532 ms  (Req + Resp)         ║
execution-manager  | ╚═══════════════════════════════════════════════════════════════╝
execution-manager  | 
execution-manager  | [EPOLL] T=13290 ms: epoll_wait returned 1 event(s)
execution-manager  | [EPOLL] event[0]: type=2 task=NULL
execution-manager  | [SCHEDULER] ✅ T=13290 ms: Task 2 'sum2' completed with status 2
execution-manager  | [SCHEDULER] 🔕 Timeout disarmed for task 2
execution-manager  | [SCHEDULER] 3 tasks remaining
execution-manager  | [gRPC Client Async] Stream completed, received 1 responses
execution-manager  | [GRPC THREAD 2] Completed
execution-manager  | [gRPC Client Async] Response #1 - Status: COMPLETED
execution-manager  | 🎉 [T=14579 ms] Task 1 'sum1' COMPLETED
execution-manager  | [EXECUTION MANAGER] ⏱️ T2=715067198.442 ms | Thread started (server measured)
execution-manager  | [EXECUTION MANAGER] ⏱️ T3=715071774.252 ms | Task completed (server measured)
execution-manager  | [EXECUTION MANAGER] ⏱️ T4=715071775.044 ms | Result received by client
execution-manager  |    [TASK EXECUTION] 4575.811 ms (T3-T2, measured in thread)
execution-manager  |    [RESULT] {"result": 0}
execution-manager  | 
execution-manager  | ╔═══════════════════════════════════════════════════════════════╗
execution-manager  | ║           END-TO-END TIMING MEASUREMENT RECAP                 ║
execution-manager  | ║                   Task 1: sum1                                 
execution-manager  | ╠═══════════════════════════════════════════════════════════════╣
execution-manager  | ║ T1 (start_request)    = 715067197.187 ms                        ║
execution-manager  | ║ T2 (end_request)      = 715067198.442 ms                        ║
execution-manager  | ║ T3 (start_result)     = 715071774.252 ms                        ║
execution-manager  | ║ T4 (end_result)       = 715071775.044 ms                        ║
execution-manager  | ╠═══════════════════════════════════════════════════════════════╣
execution-manager  | ║ METRICS:                                                      ║
execution-manager  | ║   Request Latency    =        1.254 ms  (T2 - T1)            ║
execution-manager  | ║   Task Execution     =     4575.811 ms  (T3 - T2)            ║
execution-manager  | ║   Response Latency   =        0.792 ms  (T4 - T3)            ║
execution-manager  | ║   Total End-to-End   =     4577.857 ms  (T4 - T1)            ║
execution-manager  | ║   Network Overhead   =        2.046 ms  (Req + Resp)         ║
execution-manager  | ╚═══════════════════════════════════════════════════════════════╝
execution-manager  | 
execution-manager  | [EPOLL] T=14579 ms: epoll_wait returned 1 event(s)
execution-manager  | [EPOLL] event[0]: type=2 task=NULL
execution-manager  | [SCHEDULER] ✅ T=14579 ms: Task 1 'sum1' completed with status 2
execution-manager  | [SCHEDULER] 🔕 Timeout disarmed for task 1
execution-manager  | [SCHEDULER] 2 tasks remaining
execution-manager  | [gRPC Client Async] Stream completed, received 1 responses
execution-manager  | [GRPC THREAD 1] Completed
execution-manager  | [EPOLL] T=20001 ms: epoll_wait returned 1 event(s)
execution-manager  | [EPOLL] event[0]: type=0 task=sum3
execution-manager  | [SCHEDULER] ⏰ T=20001 ms | T_wall=715077197.291 ms: Launching task 3 'sum3' (deadline: 50000 ms)
execution-manager  | [SCHEDULER] 🕐 Timeout armed for task 3 at T=50000 ms (in 29999 ms)
execution-manager  | [GRPC THREAD 3] Starting...
execution-manager  | [EXECUTION MANAGER] ⏱️ T1=715077197.454 ms | Sending gRPC request for task 3 'sum3'
execution-manager  | [gRPC Channel Pool] Reusing existing channel for localhost:50053 (state=2)
execution-manager  | [gRPC Client Async] Calling task 'sum3' at localhost:50053
execution-manager  | [gRPC Client Async] Inputs: {"total_ops": 200, "io_percentage": 50}
execution-manager  | [EPOLL] T=21001 ms: epoll_wait returned 1 event(s)
execution-manager  | [EPOLL] event[0]: type=0 task=sum4
execution-manager  | [SCHEDULER] ⏰ T=21001 ms | T_wall=715078197.121 ms: Launching task 4 'sum4' (deadline: 51000 ms)
execution-manager  | [SCHEDULER] 🕐 Timeout armed for task 4 at T=51000 ms (in 29999 ms)
execution-manager  | [GRPC THREAD 4] Starting...
execution-manager  | [EXECUTION MANAGER] ⏱️ T1=715078197.286 ms | Sending gRPC request for task 4 'sum4'
execution-manager  | [gRPC Channel Pool] Reusing existing channel for localhost:50054 (state=2)
execution-manager  | [gRPC Client Async] Calling task 'sum4' at localhost:50054
execution-manager  | [gRPC Client Async] Inputs: {"total_ops": 200, "io_percentage": 50}
execution-manager  | [gRPC Client Async] Response #1 - Status: COMPLETED
execution-manager  | 🎉 [T=22291 ms] Task 3 'sum3' COMPLETED
execution-manager  | [EXECUTION MANAGER] ⏱️ T2=715077198.382 ms | Thread started (server measured)
execution-manager  | [EXECUTION MANAGER] ⏱️ T3=715079486.133 ms | Task completed (server measured)
execution-manager  | [EXECUTION MANAGER] ⏱️ T4=715079487.090 ms | Result received by client
execution-manager  |    [TASK EXECUTION] 2287.751 ms (T3-T2, measured in thread)
execution-manager  |    [RESULT] {"result": 0}
execution-manager  | 
execution-manager  | ╔═══════════════════════════════════════════════════════════════╗
execution-manager  | ║           END-TO-END TIMING MEASUREMENT RECAP                 ║
execution-manager  | ║                   Task 3: sum3                                 
execution-manager  | ╠═══════════════════════════════════════════════════════════════╣
execution-manager  | ║ T1 (start_request)    = 715077197.454 ms                        ║
execution-manager  | ║ T2 (end_request)      = 715077198.382 ms                        ║
execution-manager  | ║ T3 (start_result)     = 715079486.133 ms                        ║
execution-manager  | ║ T4 (end_result)       = 715079487.090 ms                        ║
execution-manager  | ╠═══════════════════════════════════════════════════════════════╣
execution-manager  | ║ METRICS:                                                      ║
execution-manager  | ║   Request Latency    =        0.928 ms  (T2 - T1)            ║
execution-manager  | ║   Task Execution     =     2287.751 ms  (T3 - T2)            ║
execution-manager  | ║   Response Latency   =        0.957 ms  (T4 - T3)            ║
execution-manager  | ║   Total End-to-End   =     2289.636 ms  (T4 - T1)            ║
execution-manager  | ║   Network Overhead   =        1.885 ms  (Req + Resp)         ║
execution-manager  | ╚═══════════════════════════════════════════════════════════════╝
execution-manager  | 
execution-manager  | [EPOLL] T=22291 ms: epoll_wait returned 1 event(s)
execution-manager  | [EPOLL] event[0]: type=2 task=NULL
execution-manager  | [SCHEDULER] ✅ T=22291 ms: Task 3 'sum3' completed with status 2
execution-manager  | [SCHEDULER] 🔕 Timeout disarmed for task 3
execution-manager  | [SCHEDULER] 1 tasks remaining
execution-manager  | [gRPC Client Async] Stream completed, received 1 responses
execution-manager  | [GRPC THREAD 3] Completed
execution-manager  | [gRPC Client Async] Response #1 - Status: COMPLETED
execution-manager  | 🎉 [T=24578 ms] Task 4 'sum4' COMPLETED
execution-manager  | [EXECUTION MANAGER] ⏱️ T2=715079486.219 ms | Thread started (server measured)
execution-manager  | [EXECUTION MANAGER] ⏱️ T3=715081773.881 ms | Task completed (server measured)
execution-manager  | [EXECUTION MANAGER] ⏱️ T4=715081774.568 ms | Result received by client
execution-manager  |    [TASK EXECUTION] 2287.663 ms (T3-T2, measured in thread)
execution-manager  |    [RESULT] {"result": 0}
execution-manager  | 
execution-manager  | ╔═══════════════════════════════════════════════════════════════╗
execution-manager  | ║           END-TO-END TIMING MEASUREMENT RECAP                 ║
execution-manager  | ║                   Task 4: sum4                                 
execution-manager  | ╠═══════════════════════════════════════════════════════════════╣
execution-manager  | ║ T1 (start_request)    = 715078197.286 ms                        ║
execution-manager  | ║ T2 (end_request)      = 715079486.219 ms                        ║
execution-manager  | ║ T3 (start_result)     = 715081773.881 ms                        ║
execution-manager  | ║ T4 (end_result)       = 715081774.568 ms                        ║
execution-manager  | ╠═══════════════════════════════════════════════════════════════╣
execution-manager  | ║ METRICS:                                                      ║
execution-manager  | ║   Request Latency    =     1288.932 ms  (T2 - T1)            ║
execution-manager  | ║   Task Execution     =     2287.663 ms  (T3 - T2)            ║
execution-manager  | ║   Response Latency   =        0.686 ms  (T4 - T3)            ║
execution-manager  | ║   Total End-to-End   =     3577.281 ms  (T4 - T1)            ║
execution-manager  | ║   Network Overhead   =     1289.619 ms  (Req + Resp)         ║
execution-manager  | ╚═══════════════════════════════════════════════════════════════╝
execution-manager  | 
execution-manager  | [EPOLL] T=24578 ms: epoll_wait returned 1 event(s)
execution-manager  | [EPOLL] event[0]: type=2 task=NULL
execution-manager  | [SCHEDULER] ✅ T=24578 ms: Task 4 'sum4' completed with status 2
execution-manager  | [SCHEDULER] 🔕 Timeout disarmed for task 4
execution-manager  | [SCHEDULER] 0 tasks remaining
execution-manager  | 
execution-manager  | [SCHEDULER] 🏁 Iteration 4/5 complete!
execution-manager  | [SCHEDULER] Iteration execution time: 24578 ms
execution-manager  | 
execution-manager  | 
execution-manager  | [SCHEDULER] 🔁 ===== ITERATION 5 / 5 =====
execution-manager  | 
execution-manager  | [SCHEDULER] 🚀 Schedule started at T=0
execution-manager  | 
execution-manager  | [SCHEDULER] 🔄 Entering event loop (NO SLEEP - event-driven!)
execution-manager  | 
execution-manager  | [gRPC Client Async] Stream completed, received 1 responses
execution-manager  | [GRPC THREAD 4] Completed
execution-manager  | [EPOLL] T=10000 ms: epoll_wait returned 1 event(s)
execution-manager  | [EPOLL] event[0]: type=0 task=sum1
execution-manager  | [SCHEDULER] ⏰ T=10000 ms | T_wall=715091774.867 ms: Launching task 1 'sum1' (deadline: 40000 ms)
execution-manager  | [SCHEDULER] 🕐 Timeout armed for task 1 at T=40000 ms (in 30000 ms)
execution-manager  | [GRPC THREAD 1] Starting...
execution-manager  | [EXECUTION MANAGER] ⏱️ T1=715091775.060 ms | Sending gRPC request for task 1 'sum1'
execution-manager  | [gRPC Channel Pool] Reusing existing channel for localhost:50051 (state=2)
execution-manager  | [gRPC Client Async] Calling task 'sum1' at localhost:50051
execution-manager  | [gRPC Client Async] Inputs: {"total_ops": 200, "io_percentage": 50}
execution-manager  | [EPOLL] T=11000 ms: epoll_wait returned 1 event(s)
execution-manager  | [EPOLL] event[0]: type=0 task=sum2
execution-manager  | [SCHEDULER] ⏰ T=11000 ms | T_wall=715092774.899 ms: Launching task 2 'sum2' (deadline: 41000 ms)
execution-manager  | [SCHEDULER] 🕐 Timeout armed for task 2 at T=41000 ms (in 30000 ms)
execution-manager  | [GRPC THREAD 2] Starting...
execution-manager  | [EXECUTION MANAGER] ⏱️ T1=715092775.072 ms | Sending gRPC request for task 2 'sum2'
execution-manager  | [gRPC Channel Pool] Reusing existing channel for localhost:50052 (state=2)
execution-manager  | [gRPC Client Async] Calling task 'sum2' at localhost:50052
execution-manager  | [gRPC Client Async] Inputs: {"total_ops": 200, "io_percentage": 50}
execution-manager  | [gRPC Client Async] Response #1 - Status: COMPLETED
execution-manager  | 🎉 [T=13290 ms] Task 2 'sum2' COMPLETED
execution-manager  | [EXECUTION MANAGER] ⏱️ T2=715092776.030 ms | Thread started (server measured)
execution-manager  | [EXECUTION MANAGER] ⏱️ T3=715095063.974 ms | Task completed (server measured)
execution-manager  | [EXECUTION MANAGER] ⏱️ T4=715095064.654 ms | Result received by client
execution-manager  |    [TASK EXECUTION] 2287.945 ms (T3-T2, measured in thread)
execution-manager  |    [RESULT] {"result": 0}
execution-manager  | 
execution-manager  | ╔═══════════════════════════════════════════════════════════════╗
execution-manager  | ║           END-TO-END TIMING MEASUREMENT RECAP                 ║
execution-manager  | ║                   Task 2: sum2                                 
execution-manager  | ╠═══════════════════════════════════════════════════════════════╣
execution-manager  | ║ T1 (start_request)    = 715092775.072 ms                        ║
execution-manager  | ║ T2 (end_request)      = 715092776.030 ms                        ║
execution-manager  | ║ T3 (start_result)     = 715095063.974 ms                        ║
execution-manager  | ║ T4 (end_result)       = 715095064.654 ms                        ║
execution-manager  | ╠═══════════════════════════════════════════════════════════════╣
execution-manager  | ║ METRICS:                                                      ║
execution-manager  | ║   Request Latency    =        0.958 ms  (T2 - T1)            ║
execution-manager  | ║   Task Execution     =     2287.945 ms  (T3 - T2)            ║
execution-manager  | ║   Response Latency   =        0.680 ms  (T4 - T3)            ║
execution-manager  | ║   Total End-to-End   =     2289.582 ms  (T4 - T1)            ║
execution-manager  | ║   Network Overhead   =        1.638 ms  (Req + Resp)         ║
execution-manager  | ╚═══════════════════════════════════════════════════════════════╝
execution-manager  | 
execution-manager  | [EPOLL] T=13290 ms: epoll_wait returned 1 event(s)
execution-manager  | [EPOLL] event[0]: type=2 task=NULL
execution-manager  | [SCHEDULER] ✅ T=13290 ms: Task 2 'sum2' completed with status 2
execution-manager  | [SCHEDULER] 🔕 Timeout disarmed for task 2
execution-manager  | [SCHEDULER] 3 tasks remaining
execution-manager  | [gRPC Client Async] Stream completed, received 1 responses
execution-manager  | [GRPC THREAD 2] Completed
execution-manager  | [gRPC Client Async] Response #1 - Status: COMPLETED
execution-manager  | 🎉 [T=14578 ms] Task 1 'sum1' COMPLETED
execution-manager  | [EXECUTION MANAGER] ⏱️ T2=715091775.986 ms | Thread started (server measured)
execution-manager  | [EXECUTION MANAGER] ⏱️ T3=715096352.129 ms | Task completed (server measured)
execution-manager  | [EXECUTION MANAGER] ⏱️ T4=715096352.943 ms | Result received by client
execution-manager  |    [TASK EXECUTION] 4576.142 ms (T3-T2, measured in thread)
execution-manager  |    [RESULT] {"result": 0}
execution-manager  | 
execution-manager  | ╔═══════════════════════════════════════════════════════════════╗
execution-manager  | ║           END-TO-END TIMING MEASUREMENT RECAP                 ║
execution-manager  | ║                   Task 1: sum1                                 
execution-manager  | ╠═══════════════════════════════════════════════════════════════╣
execution-manager  | ║ T1 (start_request)    = 715091775.060 ms                        ║
execution-manager  | ║ T2 (end_request)      = 715091775.986 ms                        ║
execution-manager  | ║ T3 (start_result)     = 715096352.129 ms                        ║
execution-manager  | ║ T4 (end_result)       = 715096352.943 ms                        ║
execution-manager  | ╠═══════════════════════════════════════════════════════════════╣
execution-manager  | ║ METRICS:                                                      ║
execution-manager  | ║   Request Latency    =        0.927 ms  (T2 - T1)            ║
execution-manager  | ║   Task Execution     =     4576.142 ms  (T3 - T2)            ║
execution-manager  | ║   Response Latency   =        0.814 ms  (T4 - T3)            ║
execution-manager  | ║   Total End-to-End   =     4577.883 ms  (T4 - T1)            ║
execution-manager  | ║   Network Overhead   =        1.741 ms  (Req + Resp)         ║
execution-manager  | ╚═══════════════════════════════════════════════════════════════╝
execution-manager  | 
execution-manager  | [EPOLL] T=14579 ms: epoll_wait returned 1 event(s)
execution-manager  | [EPOLL] event[0]: type=2 task=NULL
execution-manager  | [SCHEDULER] ✅ T=14579 ms: Task 1 'sum1' completed with status 2
execution-manager  | [SCHEDULER] 🔕 Timeout disarmed for task 1
execution-manager  | [SCHEDULER] 2 tasks remaining
execution-manager  | [gRPC Client Async] Stream completed, received 1 responses
execution-manager  | [GRPC THREAD 1] Completed
execution-manager  | [EPOLL] T=20000 ms: epoll_wait returned 1 event(s)
execution-manager  | [EPOLL] event[0]: type=0 task=sum3
execution-manager  | [SCHEDULER] ⏰ T=20000 ms | T_wall=715101774.930 ms: Launching task 3 'sum3' (deadline: 50000 ms)
execution-manager  | [SCHEDULER] 🕐 Timeout armed for task 3 at T=50000 ms (in 29999 ms)
execution-manager  | [GRPC THREAD 3] Starting...
execution-manager  | [EXECUTION MANAGER] ⏱️ T1=715101775.121 ms | Sending gRPC request for task 3 'sum3'
execution-manager  | [gRPC Channel Pool] Reusing existing channel for localhost:50053 (state=2)
execution-manager  | [gRPC Client Async] Calling task 'sum3' at localhost:50053
execution-manager  | [gRPC Client Async] Inputs: {"total_ops": 200, "io_percentage": 50}
execution-manager  | [EPOLL] T=21000 ms: epoll_wait returned 1 event(s)
execution-manager  | [EPOLL] event[0]: type=0 task=sum4
execution-manager  | [SCHEDULER] ⏰ T=21000 ms | T_wall=715102774.960 ms: Launching task 4 'sum4' (deadline: 51000 ms)
execution-manager  | [SCHEDULER] 🕐 Timeout armed for task 4 at T=51000 ms (in 29999 ms)
execution-manager  | [GRPC THREAD 4] Starting...
execution-manager  | [EXECUTION MANAGER] ⏱️ T1=715102775.150 ms | Sending gRPC request for task 4 'sum4'
execution-manager  | [gRPC Channel Pool] Reusing existing channel for localhost:50054 (state=2)
execution-manager  | [gRPC Client Async] Calling task 'sum4' at localhost:50054
execution-manager  | [gRPC Client Async] Inputs: {"total_ops": 200, "io_percentage": 50}
execution-manager  | [gRPC Client Async] Response #1 - Status: COMPLETED
execution-manager  | 🎉 [T=22290 ms] Task 3 'sum3' COMPLETED
execution-manager  | [EXECUTION MANAGER] ⏱️ T2=715101775.970 ms | Thread started (server measured)
execution-manager  | [EXECUTION MANAGER] ⏱️ T3=715104064.088 ms | Task completed (server measured)
execution-manager  | [EXECUTION MANAGER] ⏱️ T4=715104064.703 ms | Result received by client
execution-manager  |    [TASK EXECUTION] 2288.118 ms (T3-T2, measured in thread)
execution-manager  |    [RESULT] {"result": 0}
execution-manager  | 
execution-manager  | ╔═══════════════════════════════════════════════════════════════╗
execution-manager  | ║           END-TO-END TIMING MEASUREMENT RECAP                 ║
execution-manager  | ║                   Task 3: sum3                                 
execution-manager  | ╠═══════════════════════════════════════════════════════════════╣
execution-manager  | ║ T1 (start_request)    = 715101775.121 ms                        ║
execution-manager  | ║ T2 (end_request)      = 715101775.970 ms                        ║
execution-manager  | ║ T3 (start_result)     = 715104064.088 ms                        ║
execution-manager  | ║ T4 (end_result)       = 715104064.703 ms                        ║
execution-manager  | ╠═══════════════════════════════════════════════════════════════╣
execution-manager  | ║ METRICS:                                                      ║
execution-manager  | ║   Request Latency    =        0.849 ms  (T2 - T1)            ║
execution-manager  | ║   Task Execution     =     2288.118 ms  (T3 - T2)            ║
execution-manager  | ║   Response Latency   =        0.615 ms  (T4 - T3)            ║
execution-manager  | ║   Total End-to-End   =     2289.582 ms  (T4 - T1)            ║
execution-manager  | ║   Network Overhead   =        1.465 ms  (Req + Resp)         ║
execution-manager  | ╚═══════════════════════════════════════════════════════════════╝
execution-manager  | 
execution-manager  | [EPOLL] T=22290 ms: epoll_wait returned 1 event(s)
execution-manager  | [EPOLL] event[0]: type=2 task=NULL
execution-manager  | [SCHEDULER] ✅ T=22290 ms: Task 3 'sum3' completed with status 2
execution-manager  | [SCHEDULER] 🔕 Timeout disarmed for task 3
execution-manager  | [SCHEDULER] 1 tasks remaining
execution-manager  | [gRPC Client Async] Stream completed, received 1 responses
execution-manager  | [GRPC THREAD 3] Completed
execution-manager  | [gRPC Client Async] Response #1 - Status: COMPLETED
execution-manager  | 🎉 [T=24579 ms] Task 4 'sum4' COMPLETED
execution-manager  | [EXECUTION MANAGER] ⏱️ T2=715104064.167 ms | Thread started (server measured)
execution-manager  | [EXECUTION MANAGER] ⏱️ T3=715106352.570 ms | Task completed (server measured)
execution-manager  | [EXECUTION MANAGER] ⏱️ T4=715106353.084 ms | Result received by client
execution-manager  |    [TASK EXECUTION] 2288.403 ms (T3-T2, measured in thread)
execution-manager  |    [RESULT] {"result": 0}
execution-manager  | 
execution-manager  | ╔═══════════════════════════════════════════════════════════════╗
execution-manager  | ║           END-TO-END TIMING MEASUREMENT RECAP                 ║
execution-manager  | ║                   Task 4: sum4                                 
execution-manager  | ╠═══════════════════════════════════════════════════════════════╣
execution-manager  | ║ T1 (start_request)    = 715102775.150 ms                        ║
execution-manager  | ║ T2 (end_request)      = 715104064.167 ms                        ║
execution-manager  | ║ T3 (start_result)     = 715106352.570 ms                        ║
execution-manager  | ║ T4 (end_result)       = 715106353.084 ms                        ║
execution-manager  | ╠═══════════════════════════════════════════════════════════════╣
execution-manager  | ║ METRICS:                                                      ║
execution-manager  | ║   Request Latency    =     1289.018 ms  (T2 - T1)            ║
execution-manager  | ║   Task Execution     =     2288.403 ms  (T3 - T2)            ║
execution-manager  | ║   Response Latency   =        0.514 ms  (T4 - T3)            ║
execution-manager  | ║   Total End-to-End   =     3577.935 ms  (T4 - T1)            ║
execution-manager  | ║   Network Overhead   =     1289.532 ms  (Req + Resp)         ║
execution-manager  | ╚═══════════════════════════════════════════════════════════════╝
execution-manager  | 
execution-manager  | [EPOLL] T=24579 ms: epoll_wait returned 1 event(s)
execution-manager  | [EPOLL] event[0]: type=2 task=NULL
execution-manager  | [SCHEDULER] ✅ T=24579 ms: Task 4 'sum4' completed with status 2
execution-manager  | [SCHEDULER] 🔕 Timeout disarmed for task 4
execution-manager  | [SCHEDULER] 0 tasks remaining
execution-manager  | 
execution-manager  | [SCHEDULER] 🏁 Iteration 5/5 complete!
execution-manager  | [SCHEDULER] Iteration execution time: 24579 ms
execution-manager  | 
execution-manager  | 
execution-manager  | [SCHEDULER] 🏁 All 5 iteration(s) completed!
execution-manager  | [SCHEDULER] Total execution time: 24579 ms
execution-manager  | 
execution-manager  | Test Suite Finished Successfully.
[Kexecution-manager exited with code 0
