 Container execution-manager  Creating
 Container execution-manager  Created
Attaching to execution-manager
execution-manager  | ============================================
execution-manager  |    DUAL PRIORITY QUEUE ARCHITECTURE TESTER  
execution-manager  | ============================================
execution-manager  | 
execution-manager  | ✅ Execution Manager running with SCHED_FIFO priority 95
execution-manager  |    This ensures precise timing and prevents preemption by tasks
execution-manager  | 
execution-manager  | 
execution-manager  | [Redis] Reading schedule from Redis...
execution-manager  | 
execution-manager  | === REDIS DATA ===
execution-manager  | Schedule: Configurable CPU/IO Benchmark (v0.0.0)
execution-manager  | Number of tasks: 4
execution-manager  | Iterations: 5
execution-manager  | 
execution-manager  | Tasks:
execution-manager  |   1. Task: sum1
execution-manager  |      Policy: fifo, Priority: 50, Start: 10 ms
execution-manager  |      Inputs: {"total_ops": {"type": "int", "value": 200}, "io_percentage": {"type": "int", "value": 50}}
execution-manager  | 
execution-manager  |   2. Task: sum2
execution-manager  |      Policy: fifo, Priority: 50, Start: 20 ms
execution-manager  |      Inputs: {"total_ops": {"type": "int", "value": 200}, "io_percentage": {"type": "int", "value": 50}}
execution-manager  | 
execution-manager  |   3. Task: sum3
execution-manager  |      Policy: fifo, Priority: 70, Start: 21 ms
execution-manager  |      Inputs: {"total_ops": {"type": "int", "value": 200}, "io_percentage": {"type": "int", "value": 50}}
execution-manager  | 
execution-manager  |   4. Task: sum4
execution-manager  |      Policy: fifo, Priority: 60, Start: 21 ms
execution-manager  |      Inputs: {"total_ops": {"type": "int", "value": 200}, "io_percentage": {"type": "int", "value": 50}}
execution-manager  | 
execution-manager  | ==================
execution-manager  | 
execution-manager  | 
execution-manager  | ============================================
execution-manager  |    REAL-TIME EVENT-DRIVEN SCHEDULER
execution-manager  | ============================================
execution-manager  | 
execution-manager  | [SCHEDULER] 🚀 Loading schedule: 4 task(s), 5 iteration(s)
execution-manager  | 
execution-manager  | [SCHEDULER] DEBUG - Task 1: start_time=10 s, deadline=30 s (parsed from Redis)
execution-manager  | [SCHEDULER] 📋 Task 1 'sum1': start=10000 ms, deadline=30000 ms
execution-manager  | [SCHEDULER] DEBUG - Task 2: start_time=20 s, deadline=40 s (parsed from Redis)
execution-manager  | [SCHEDULER] 📋 Task 2 'sum2': start=20000 ms, deadline=40000 ms
execution-manager  | [SCHEDULER] DEBUG - Task 3: start_time=21 s, deadline=41 s (parsed from Redis)
execution-manager  | [SCHEDULER] 📋 Task 3 'sum3': start=21000 ms, deadline=41000 ms
execution-manager  | [SCHEDULER] DEBUG - Task 4: start_time=21 s, deadline=41 s (parsed from Redis)
execution-manager  | [SCHEDULER] 📋 Task 4 'sum4': start=21000 ms, deadline=41000 ms
execution-manager  | 
execution-manager  | [SCHEDULER] 🔁 ===== ITERATION 1 / 5 =====
execution-manager  | 
execution-manager  | [SCHEDULER] 🚀 Schedule started at T=0
execution-manager  | 
execution-manager  | [SCHEDULER] 🔄 Entering event loop (NO SLEEP - event-driven!)
execution-manager  | 
execution-manager  | [SCHEDULER] ⏰ T=10000 ms | T_wall=639878119.745 ms: Launching task 1 'sum1' (deadline: 30000 ms)
execution-manager  | [SCHEDULER] 🕐 Timeout armed for task 1 at T=30000 ms (in 20000 ms)
execution-manager  | [GRPC THREAD 1] Starting...
execution-manager  | [EXECUTION MANAGER] ⏱️ T1=639878119.969 ms | Sending gRPC request for task 1 'sum1'
execution-manager  | [gRPC Channel Pool] Creating new channel for localhost:50051
execution-manager  | [gRPC Client Async] Calling task 'sum1' at localhost:50051
execution-manager  | [gRPC Client Async] Inputs: {"total_ops": 200, "io_percentage": 50}
execution-manager  | [gRPC Client Async] Response #1 - Status: COMPLETED
execution-manager  | 🎉 [T=12319 ms] Task 1 'sum1' COMPLETED
execution-manager  | [EXECUTION MANAGER] ⏱️ T2=639878148.355 ms | Thread started (server measured)
execution-manager  | [EXECUTION MANAGER] ⏱️ T3=639880437.147 ms | Task completed (server measured)
execution-manager  | [EXECUTION MANAGER] ⏱️ T4=639880438.016 ms | Result received by client
execution-manager  |    [TASK EXECUTION] 2288.792 ms (T3-T2, measured in thread)
execution-manager  |    [RESULT] {"result": 0}
execution-manager  | 
execution-manager  | ╔═══════════════════════════════════════════════════════════════╗
execution-manager  | ║           END-TO-END TIMING MEASUREMENT RECAP                 ║
execution-manager  | ║                   Task 1: sum1                                 
execution-manager  | ╠═══════════════════════════════════════════════════════════════╣
execution-manager  | ║ T1 (start_request)    = 639878119.969 ms                        ║
execution-manager  | ║ T2 (end_request)      = 639878148.355 ms                        ║
execution-manager  | ║ T3 (start_result)     = 639880437.147 ms                        ║
execution-manager  | ║ T4 (end_result)       = 639880438.016 ms                        ║
execution-manager  | ╠═══════════════════════════════════════════════════════════════╣
execution-manager  | ║ METRICS:                                                      ║
execution-manager  | ║   Request Latency    =       28.387 ms  (T2 - T1)            ║
execution-manager  | ║   Task Execution     =     2288.792 ms  (T3 - T2)            ║
execution-manager  | ║   Response Latency   =        0.869 ms  (T4 - T3)            ║
execution-manager  | ║   Total End-to-End   =     2318.047 ms  (T4 - T1)            ║
execution-manager  | ║   Network Overhead   =       29.255 ms  (Req + Resp)         ║
execution-manager  | ╚═══════════════════════════════════════════════════════════════╝
execution-manager  | 
execution-manager  | [gRPC Client Async] Stream completed, received 1 responses
execution-manager  | [GRPC THREAD 1] Completed
execution-manager  | [SCHEDULER] ✅ T=12319 ms: Task 1 'sum1' completed with status 2
execution-manager  | [SCHEDULER] 🔕 Timeout disarmed for task 1
execution-manager  | [SCHEDULER] 3 tasks remaining
execution-manager  | [SCHEDULER] ⏰ T=20000 ms | T_wall=639888119.781 ms: Launching task 2 'sum2' (deadline: 40000 ms)
execution-manager  | [SCHEDULER] 🕐 Timeout armed for task 2 at T=40000 ms (in 20000 ms)
execution-manager  | [GRPC THREAD 2] Starting...
execution-manager  | [EXECUTION MANAGER] ⏱️ T1=639888120.030 ms | Sending gRPC request for task 2 'sum2'
execution-manager  | [gRPC Channel Pool] Creating new channel for localhost:50052
execution-manager  | [gRPC Client Async] Calling task 'sum2' at localhost:50052
execution-manager  | [gRPC Client Async] Inputs: {"total_ops": 200, "io_percentage": 50}
execution-manager  | [SCHEDULER] ⏰ T=22314 ms | T_wall=639890433.766 ms: Launching task 3 'sum3' (deadline: 41000 ms)
execution-manager  | [SCHEDULER] 🕐 Timeout armed for task 3 at T=41000 ms (in 18686 ms)
execution-manager  | [GRPC THREAD 3] Starting...
execution-manager  | [EXECUTION MANAGER] ⏱️ T1=639890433.980 ms | Sending gRPC request for task 3 'sum3'
execution-manager  | [gRPC Channel Pool] Creating new channel for localhost:50053
execution-manager  | [gRPC Client Async] Calling task 'sum3' at localhost:50053
execution-manager  | [gRPC Client Async] Inputs: {"total_ops": 200, "io_percentage": 50}
execution-manager  | [SCHEDULER] ⏰ T=22316 ms | T_wall=639890435.091 ms: Launching task 4 'sum4' (deadline: 41000 ms)
execution-manager  | [SCHEDULER] 🕐 Timeout armed for task 4 at T=41000 ms (in 18684 ms)
execution-manager  | [GRPC THREAD 4] Starting...
execution-manager  | [EXECUTION MANAGER] ⏱️ T1=639890435.300 ms | Sending gRPC request for task 4 'sum4'
execution-manager  | [gRPC Channel Pool] Creating new channel for localhost:50054
execution-manager  | [gRPC Client Async] Calling task 'sum4' at localhost:50054
execution-manager  | [gRPC Client Async] Inputs: {"total_ops": 200, "io_percentage": 50}
execution-manager  | [gRPC Client Async] Response #1 - Status: COMPLETED
execution-manager  | 🎉 [T=22317 ms] Task 2 'sum2' COMPLETED
execution-manager  | [EXECUTION MANAGER] ⏱️ T2=639888144.556 ms | Thread started (server measured)
execution-manager  | [EXECUTION MANAGER] ⏱️ T3=639890433.479 ms | Task completed (server measured)
execution-manager  | [EXECUTION MANAGER] ⏱️ T4=639890436.407 ms | Result received by client
execution-manager  |    [TASK EXECUTION] 2288.923 ms (T3-T2, measured in thread)
execution-manager  |    [RESULT] {"result": 0}
execution-manager  | 
execution-manager  | ╔═══════════════════════════════════════════════════════════════╗
execution-manager  | ║           END-TO-END TIMING MEASUREMENT RECAP                 ║
execution-manager  | ║                   Task 2: sum2                                 
execution-manager  | ╠═══════════════════════════════════════════════════════════════╣
execution-manager  | ║ T1 (start_request)    = 639888120.030 ms                        ║
execution-manager  | ║ T2 (end_request)      = 639888144.556 ms                        ║
execution-manager  | ║ T3 (start_result)     = 639890433.479 ms                        ║
execution-manager  | ║ T4 (end_result)       = 639890436.407 ms                        ║
execution-manager  | ╠═══════════════════════════════════════════════════════════════╣
execution-manager  | ║ METRICS:                                                      ║
execution-manager  | ║   Request Latency    =       24.526 ms  (T2 - T1)            ║
execution-manager  | ║   Task Execution     =     2288.923 ms  (T3 - T2)            ║
execution-manager  | ║   Response Latency   =        2.928 ms  (T4 - T3)            ║
execution-manager  | ║   Total End-to-End   =     2316.377 ms  (T4 - T1)            ║
execution-manager  | ║   Network Overhead   =       27.454 ms  (Req + Resp)         ║
execution-manager  | ╚═══════════════════════════════════════════════════════════════╝
execution-manager  | 
execution-manager  | [gRPC Client Async] Stream completed, received 1 responses
execution-manager  | [GRPC THREAD 2] Completed
execution-manager  | [SCHEDULER] ✅ T=22317 ms: Task 2 'sum2' completed with status 2
execution-manager  | [SCHEDULER] 🔕 Timeout disarmed for task 2
execution-manager  | [SCHEDULER] 2 tasks remaining
execution-manager  | [gRPC Client Async] Response #1 - Status: COMPLETED
execution-manager  | 🎉 [T=24644 ms] Task 3 'sum3' COMPLETED
execution-manager  | [EXECUTION MANAGER] ⏱️ T2=639890472.338 ms | Thread started (server measured)
execution-manager  | [EXECUTION MANAGER] ⏱️ T3=639892762.459 ms | Task completed (server measured)
execution-manager  | [EXECUTION MANAGER] ⏱️ T4=639892763.225 ms | Result received by client
execution-manager  |    [TASK EXECUTION] 2290.121 ms (T3-T2, measured in thread)
execution-manager  |    [RESULT] {"result": 0}
execution-manager  | 
execution-manager  | ╔═══════════════════════════════════════════════════════════════╗
execution-manager  | ║           END-TO-END TIMING MEASUREMENT RECAP                 ║
execution-manager  | ║                   Task 3: sum3                                 
execution-manager  | ╠═══════════════════════════════════════════════════════════════╣
execution-manager  | ║ T1 (start_request)    = 639890433.980 ms                        ║
execution-manager  | ║ T2 (end_request)      = 639890472.338 ms                        ║
execution-manager  | ║ T3 (start_result)     = 639892762.459 ms                        ║
execution-manager  | ║ T4 (end_result)       = 639892763.225 ms                        ║
execution-manager  | ╠═══════════════════════════════════════════════════════════════╣
execution-manager  | ║ METRICS:                                                      ║
execution-manager  | ║   Request Latency    =       38.359 ms  (T2 - T1)            ║
execution-manager  | ║   Task Execution     =     2290.121 ms  (T3 - T2)            ║
execution-manager  | ║   Response Latency   =        0.766 ms  (T4 - T3)            ║
execution-manager  | ║   Total End-to-End   =     2329.246 ms  (T4 - T1)            ║
execution-manager  | ║   Network Overhead   =       39.125 ms  (Req + Resp)         ║
execution-manager  | ╚═══════════════════════════════════════════════════════════════╝
execution-manager  | 
execution-manager  | [SCHEDULER] ✅ T=24644 ms: Task 3 'sum3' completed with status 2
execution-manager  | [SCHEDULER] 🔕 Timeout disarmed for task 3
execution-manager  | [SCHEDULER] 1 tasks remaining
execution-manager  | [gRPC Client Async] Stream completed, received 1 responses
execution-manager  | [GRPC THREAD 3] Completed
execution-manager  | [gRPC Client Async] Response #1 - Status: COMPLETED
execution-manager  | 🎉 [T=26934 ms] Task 4 'sum4' COMPLETED
execution-manager  | [EXECUTION MANAGER] ⏱️ T2=639892762.541 ms | Thread started (server measured)
execution-manager  | [EXECUTION MANAGER] ⏱️ T3=639895052.953 ms | Task completed (server measured)
execution-manager  | [EXECUTION MANAGER] ⏱️ T4=639895053.789 ms | Result received by client
execution-manager  |    [TASK EXECUTION] 2290.412 ms (T3-T2, measured in thread)
execution-manager  |    [RESULT] {"result": 0}
execution-manager  | 
execution-manager  | ╔═══════════════════════════════════════════════════════════════╗
execution-manager  | ║           END-TO-END TIMING MEASUREMENT RECAP                 ║
execution-manager  | ║                   Task 4: sum4                                 
execution-manager  | ╠═══════════════════════════════════════════════════════════════╣
execution-manager  | ║ T1 (start_request)    = 639890435.300 ms                        ║
execution-manager  | ║ T2 (end_request)      = 639892762.541 ms                        ║
execution-manager  | ║ T3 (start_result)     = 639895052.953 ms                        ║
execution-manager  | ║ T4 (end_result)       = 639895053.789 ms                        ║
execution-manager  | ╠═══════════════════════════════════════════════════════════════╣
execution-manager  | ║ METRICS:                                                      ║
execution-manager  | ║   Request Latency    =     2327.241 ms  (T2 - T1)            ║
execution-manager  | ║   Task Execution     =     2290.412 ms  (T3 - T2)            ║
execution-manager  | ║   Response Latency   =        0.836 ms  (T4 - T3)            ║
execution-manager  | ║   Total End-to-End   =     4618.489 ms  (T4 - T1)            ║
execution-manager  | ║   Network Overhead   =     2328.077 ms  (Req + Resp)         ║
execution-manager  | ╚═══════════════════════════════════════════════════════════════╝
execution-manager  | 
execution-manager  | [gRPC Client Async] Stream completed, received 1 responses
execution-manager  | [GRPC THREAD 4] Completed
execution-manager  | [SCHEDULER] ✅ T=26935 ms: Task 4 'sum4' completed with status 2
execution-manager  | [SCHEDULER] 🔕 Timeout disarmed for task 4
execution-manager  | [SCHEDULER] 0 tasks remaining
execution-manager  | 
execution-manager  | [SCHEDULER] 🏁 Iteration 1/5 complete!
execution-manager  | [SCHEDULER] Iteration execution time: 26935 ms
execution-manager  | 
execution-manager  | 
execution-manager  | [SCHEDULER] 🔁 ===== ITERATION 2 / 5 =====
execution-manager  | 
execution-manager  | [SCHEDULER] 🚀 Schedule started at T=0
execution-manager  | 
execution-manager  | [SCHEDULER] 🔄 Entering event loop (NO SLEEP - event-driven!)
execution-manager  | 
execution-manager  | [SCHEDULER] ⏰ T=10000 ms | T_wall=639905054.364 ms: Launching task 1 'sum1' (deadline: 30000 ms)
execution-manager  | [SCHEDULER] 🕐 Timeout armed for task 1 at T=30000 ms (in 20000 ms)
execution-manager  | [GRPC THREAD 1] Starting...
execution-manager  | [EXECUTION MANAGER] ⏱️ T1=639905054.498 ms | Sending gRPC request for task 1 'sum1'
execution-manager  | [gRPC Channel Pool] Reusing existing channel for localhost:50051 (state=2)
execution-manager  | [gRPC Client Async] Calling task 'sum1' at localhost:50051
execution-manager  | [gRPC Client Async] Inputs: {"total_ops": 200, "io_percentage": 50}
execution-manager  | [gRPC Client Async] Response #1 - Status: COMPLETED
execution-manager  | 🎉 [T=12292 ms] Task 1 'sum1' COMPLETED
execution-manager  | [EXECUTION MANAGER] ⏱️ T2=639905055.699 ms | Thread started (server measured)
execution-manager  | [EXECUTION MANAGER] ⏱️ T3=639907345.186 ms | Task completed (server measured)
execution-manager  | [EXECUTION MANAGER] ⏱️ T4=639907346.066 ms | Result received by client
execution-manager  |    [TASK EXECUTION] 2289.487 ms (T3-T2, measured in thread)
execution-manager  |    [RESULT] {"result": 0}
execution-manager  | 
execution-manager  | ╔═══════════════════════════════════════════════════════════════╗
execution-manager  | ║           END-TO-END TIMING MEASUREMENT RECAP                 ║
execution-manager  | ║                   Task 1: sum1                                 
execution-manager  | ╠═══════════════════════════════════════════════════════════════╣
execution-manager  | ║ T1 (start_request)    = 639905054.498 ms                        ║
execution-manager  | ║ T2 (end_request)      = 639905055.699 ms                        ║
execution-manager  | ║ T3 (start_result)     = 639907345.186 ms                        ║
execution-manager  | ║ T4 (end_result)       = 639907346.066 ms                        ║
execution-manager  | ╠═══════════════════════════════════════════════════════════════╣
execution-manager  | ║ METRICS:                                                      ║
execution-manager  | ║   Request Latency    =        1.201 ms  (T2 - T1)            ║
execution-manager  | ║   Task Execution     =     2289.487 ms  (T3 - T2)            ║
execution-manager  | ║   Response Latency   =        0.880 ms  (T4 - T3)            ║
execution-manager  | ║   Total End-to-End   =     2291.568 ms  (T4 - T1)            ║
execution-manager  | ║   Network Overhead   =        2.080 ms  (Req + Resp)         ║
execution-manager  | ╚═══════════════════════════════════════════════════════════════╝
execution-manager  | 
execution-manager  | [gRPC Client Async] Stream completed, received 1 responses
execution-manager  | [GRPC THREAD 1] Completed
execution-manager  | [SCHEDULER] ✅ T=12292 ms: Task 1 'sum1' completed with status 2
execution-manager  | [SCHEDULER] 🔕 Timeout disarmed for task 1
execution-manager  | [SCHEDULER] 3 tasks remaining
execution-manager  | [SCHEDULER] ⏰ T=20000 ms | T_wall=639915054.399 ms: Launching task 2 'sum2' (deadline: 40000 ms)
execution-manager  | [SCHEDULER] 🕐 Timeout armed for task 2 at T=40000 ms (in 20000 ms)
execution-manager  | [GRPC THREAD 2] Starting...
execution-manager  | [EXECUTION MANAGER] ⏱️ T1=639915054.531 ms | Sending gRPC request for task 2 'sum2'
execution-manager  | [gRPC Channel Pool] Reusing existing channel for localhost:50052 (state=2)
execution-manager  | [gRPC Client Async] Calling task 'sum2' at localhost:50052
execution-manager  | [gRPC Client Async] Inputs: {"total_ops": 200, "io_percentage": 50}
execution-manager  | [SCHEDULER] ⏰ T=22291 ms | T_wall=639917345.915 ms: Launching task 3 'sum3' (deadline: 41000 ms)
execution-manager  | [SCHEDULER] 🕐 Timeout armed for task 3 at T=41000 ms (in 18708 ms)
execution-manager  | [SCHEDULER] ⏰ T=22292 ms | T_wall=639917346.047 ms: Launching task 4 'sum4' (deadline: 41000 ms)
execution-manager  | [SCHEDULER] 🕐 Timeout armed for task 4 at T=41000 ms (in 18708 ms)
execution-manager  | [gRPC Client Async] Response #1 - Status: COMPLETED
execution-manager  | 🎉 [T=22292 ms] Task 2 'sum2' COMPLETED
execution-manager  | [EXECUTION MANAGER] ⏱️ T2=639915055.754 ms | Thread started (server measured)
execution-manager  | [EXECUTION MANAGER] ⏱️ T3=639917345.497 ms | Task completed (server measured)
execution-manager  | [EXECUTION MANAGER] ⏱️ T4=639917346.413 ms | Result received by client
execution-manager  |    [TASK EXECUTION] 2289.744 ms (T3-T2, measured in thread)
execution-manager  |    [RESULT] {"result": 0}
execution-manager  | 
execution-manager  | ╔═══════════════════════════════════════════════════════════════╗
execution-manager  | ║           END-TO-END TIMING MEASUREMENT RECAP                 ║
execution-manager  | ║                   Task 2: sum2                                 
execution-manager  | ╠═══════════════════════════════════════════════════════════════╣
execution-manager  | ║ T1 (start_request)    = 639915054.531 ms                        ║
execution-manager  | ║ T2 (end_request)      = 639915055.754 ms                        ║
execution-manager  | ║ T3 (start_result)     = 639917345.497 ms                        ║
execution-manager  | ║ T4 (end_result)       = 639917346.413 ms                        ║
execution-manager  | ╠═══════════════════════════════════════════════════════════════╣
execution-manager  | ║ METRICS:                                                      ║
execution-manager  | ║   Request Latency    =        1.223 ms  (T2 - T1)            ║
execution-manager  | ║   Task Execution     =     2289.744 ms  (T3 - T2)            ║
execution-manager  | ║   Response Latency   =        0.916 ms  (T4 - T3)            ║
execution-manager  | ║   Total End-to-End   =     2291.882 ms  (T4 - T1)            ║
execution-manager  | ║   Network Overhead   =        2.138 ms  (Req + Resp)         ║
execution-manager  | ╚═══════════════════════════════════════════════════════════════╝
execution-manager  | 
execution-manager  | [gRPC Client Async] Stream completed, received 1 responses
execution-manager  | [GRPC THREAD 2] Completed
execution-manager  | [GRPC THREAD 3] Starting...
execution-manager  | [EXECUTION MANAGER] ⏱️ T1=639917346.670 ms | Sending gRPC request for task 3 'sum3'
execution-manager  | [gRPC Channel Pool] Reusing existing channel for localhost:50053 (state=2)
execution-manager  | [gRPC Client Async] Calling task 'sum3' at localhost:50053
execution-manager  | [gRPC Client Async] Inputs: {"total_ops": 200, "io_percentage": 50}
execution-manager  | [GRPC THREAD 4] Starting...
execution-manager  | [EXECUTION MANAGER] ⏱️ T1=639917347.257 ms | Sending gRPC request for task 4 'sum4'
execution-manager  | [gRPC Channel Pool] Reusing existing channel for localhost:50054 (state=2)
execution-manager  | [gRPC Client Async] Calling task 'sum4' at localhost:50054
execution-manager  | [gRPC Client Async] Inputs: {"total_ops": 200, "io_percentage": 50}
execution-manager  | [SCHEDULER] ✅ T=22293 ms: Task 2 'sum2' completed with status 2
execution-manager  | [SCHEDULER] 🔕 Timeout disarmed for task 2
execution-manager  | [SCHEDULER] 2 tasks remaining
execution-manager  | [gRPC Client Async] Response #1 - Status: COMPLETED
execution-manager  | 🎉 [T=24584 ms] Task 3 'sum3' COMPLETED
execution-manager  | [EXECUTION MANAGER] ⏱️ T2=639917347.623 ms | Thread started (server measured)
execution-manager  | [EXECUTION MANAGER] ⏱️ T3=639919637.583 ms | Task completed (server measured)
execution-manager  | [EXECUTION MANAGER] ⏱️ T4=639919638.228 ms | Result received by client
execution-manager  |    [TASK EXECUTION] 2289.961 ms (T3-T2, measured in thread)
execution-manager  |    [RESULT] {"result": 0}
execution-manager  | 
execution-manager  | ╔═══════════════════════════════════════════════════════════════╗
execution-manager  | ║           END-TO-END TIMING MEASUREMENT RECAP                 ║
execution-manager  | ║                   Task 3: sum3                                 
execution-manager  | ╠═══════════════════════════════════════════════════════════════╣
execution-manager  | ║ T1 (start_request)    = 639917346.670 ms                        ║
execution-manager  | ║ T2 (end_request)      = 639917347.623 ms                        ║
execution-manager  | ║ T3 (start_result)     = 639919637.583 ms                        ║
execution-manager  | ║ T4 (end_result)       = 639919638.228 ms                        ║
execution-manager  | ╠═══════════════════════════════════════════════════════════════╣
execution-manager  | ║ METRICS:                                                      ║
execution-manager  | ║   Request Latency    =        0.952 ms  (T2 - T1)            ║
execution-manager  | ║   Task Execution     =     2289.961 ms  (T3 - T2)            ║
execution-manager  | ║   Response Latency   =        0.644 ms  (T4 - T3)            ║
execution-manager  | ║   Total End-to-End   =     2291.557 ms  (T4 - T1)            ║
execution-manager  | ║   Network Overhead   =        1.597 ms  (Req + Resp)         ║
execution-manager  | ╚═══════════════════════════════════════════════════════════════╝
execution-manager  | 
execution-manager  | [SCHEDULER] ✅ T=24584 ms: Task 3 'sum3' completed with status 2
execution-manager  | [SCHEDULER] 🔕 Timeout disarmed for task 3
execution-manager  | [SCHEDULER] 1 tasks remaining
execution-manager  | [gRPC Client Async] Stream completed, received 1 responses
execution-manager  | [GRPC THREAD 3] Completed
execution-manager  | [gRPC Client Async] Response #1 - Status: COMPLETED
execution-manager  | 🎉 [T=26882 ms] Task 4 'sum4' COMPLETED
execution-manager  | [EXECUTION MANAGER] ⏱️ T2=639919637.687 ms | Thread started (server measured)
execution-manager  | [EXECUTION MANAGER] ⏱️ T3=639921935.410 ms | Task completed (server measured)
execution-manager  | [EXECUTION MANAGER] ⏱️ T4=639921936.117 ms | Result received by client
execution-manager  |    [TASK EXECUTION] 2297.723 ms (T3-T2, measured in thread)
execution-manager  |    [RESULT] {"result": 0}
execution-manager  | 
execution-manager  | ╔═══════════════════════════════════════════════════════════════╗
execution-manager  | ║           END-TO-END TIMING MEASUREMENT RECAP                 ║
execution-manager  | ║                   Task 4: sum4                                 
execution-manager  | ╠═══════════════════════════════════════════════════════════════╣
execution-manager  | ║ T1 (start_request)    = 639917347.257 ms                        ║
execution-manager  | ║ T2 (end_request)      = 639919637.687 ms                        ║
execution-manager  | ║ T3 (start_result)     = 639921935.410 ms                        ║
execution-manager  | ║ T4 (end_result)       = 639921936.117 ms                        ║
execution-manager  | ╠═══════════════════════════════════════════════════════════════╣
execution-manager  | ║ METRICS:                                                      ║
execution-manager  | ║   Request Latency    =     2290.430 ms  (T2 - T1)            ║
execution-manager  | ║   Task Execution     =     2297.723 ms  (T3 - T2)            ║
execution-manager  | ║   Response Latency   =        0.707 ms  (T4 - T3)            ║
execution-manager  | ║   Total End-to-End   =     4588.860 ms  (T4 - T1)            ║
execution-manager  | ║   Network Overhead   =     2291.137 ms  (Req + Resp)         ║
execution-manager  | ╚═══════════════════════════════════════════════════════════════╝
execution-manager  | 
execution-manager  | [gRPC Client Async] Stream completed, received 1 responses
execution-manager  | [GRPC THREAD 4] Completed
execution-manager  | [SCHEDULER] ✅ T=26882 ms: Task 4 'sum4' completed with status 2
execution-manager  | [SCHEDULER] 🔕 Timeout disarmed for task 4
execution-manager  | [SCHEDULER] 0 tasks remaining
execution-manager  | 
execution-manager  | [SCHEDULER] 🏁 Iteration 2/5 complete!
execution-manager  | [SCHEDULER] Iteration execution time: 26882 ms
execution-manager  | 
execution-manager  | 
execution-manager  | [SCHEDULER] 🔁 ===== ITERATION 3 / 5 =====
execution-manager  | 
execution-manager  | [SCHEDULER] 🚀 Schedule started at T=0
execution-manager  | 
execution-manager  | [SCHEDULER] 🔄 Entering event loop (NO SLEEP - event-driven!)
execution-manager  | 
execution-manager  | [SCHEDULER] ⏰ T=10000 ms | T_wall=639931936.597 ms: Launching task 1 'sum1' (deadline: 30000 ms)
execution-manager  | [SCHEDULER] 🕐 Timeout armed for task 1 at T=30000 ms (in 20000 ms)
execution-manager  | [GRPC THREAD 1] Starting...
execution-manager  | [EXECUTION MANAGER] ⏱️ T1=639931936.758 ms | Sending gRPC request for task 1 'sum1'
execution-manager  | [gRPC Channel Pool] Reusing existing channel for localhost:50051 (state=2)
execution-manager  | [gRPC Client Async] Calling task 'sum1' at localhost:50051
execution-manager  | [gRPC Client Async] Inputs: {"total_ops": 200, "io_percentage": 50}
execution-manager  | [gRPC Client Async] Response #1 - Status: COMPLETED
execution-manager  | 🎉 [T=12291 ms] Task 1 'sum1' COMPLETED
execution-manager  | [EXECUTION MANAGER] ⏱️ T2=639931937.687 ms | Thread started (server measured)
execution-manager  | [EXECUTION MANAGER] ⏱️ T3=639934227.091 ms | Task completed (server measured)
execution-manager  | [EXECUTION MANAGER] ⏱️ T4=639934227.926 ms | Result received by client
execution-manager  |    [TASK EXECUTION] 2289.404 ms (T3-T2, measured in thread)
execution-manager  |    [RESULT] {"result": 0}
execution-manager  | 
execution-manager  | ╔═══════════════════════════════════════════════════════════════╗
execution-manager  | ║           END-TO-END TIMING MEASUREMENT RECAP                 ║
execution-manager  | ║                   Task 1: sum1                                 
execution-manager  | ╠═══════════════════════════════════════════════════════════════╣
execution-manager  | ║ T1 (start_request)    = 639931936.758 ms                        ║
execution-manager  | ║ T2 (end_request)      = 639931937.687 ms                        ║
execution-manager  | ║ T3 (start_result)     = 639934227.091 ms                        ║
execution-manager  | ║ T4 (end_result)       = 639934227.926 ms                        ║
execution-manager  | ╠═══════════════════════════════════════════════════════════════╣
execution-manager  | ║ METRICS:                                                      ║
execution-manager  | ║   Request Latency    =        0.929 ms  (T2 - T1)            ║
execution-manager  | ║   Task Execution     =     2289.404 ms  (T3 - T2)            ║
execution-manager  | ║   Response Latency   =        0.835 ms  (T4 - T3)            ║
execution-manager  | ║   Total End-to-End   =     2291.168 ms  (T4 - T1)            ║
execution-manager  | ║   Network Overhead   =        1.763 ms  (Req + Resp)         ║
execution-manager  | ╚═══════════════════════════════════════════════════════════════╝
execution-manager  | 
execution-manager  | [gRPC Client Async] Stream completed, received 1 responses
execution-manager  | [GRPC THREAD 1] Completed
execution-manager  | [SCHEDULER] ✅ T=12292 ms: Task 1 'sum1' completed with status 2
execution-manager  | [SCHEDULER] 🔕 Timeout disarmed for task 1
execution-manager  | [SCHEDULER] 3 tasks remaining
execution-manager  | [SCHEDULER] ⏰ T=20000 ms | T_wall=639941936.634 ms: Launching task 2 'sum2' (deadline: 40000 ms)
execution-manager  | [SCHEDULER] 🕐 Timeout armed for task 2 at T=40000 ms (in 20000 ms)
execution-manager  | [GRPC THREAD 2] Starting...
execution-manager  | [EXECUTION MANAGER] ⏱️ T1=639941936.770 ms | Sending gRPC request for task 2 'sum2'
execution-manager  | [gRPC Channel Pool] Reusing existing channel for localhost:50052 (state=2)
execution-manager  | [gRPC Client Async] Calling task 'sum2' at localhost:50052
execution-manager  | [gRPC Client Async] Inputs: {"total_ops": 200, "io_percentage": 50}
execution-manager  | [SCHEDULER] ⏰ T=22292 ms | T_wall=639944228.789 ms: Launching task 3 'sum3' (deadline: 41000 ms)
execution-manager  | [SCHEDULER] 🕐 Timeout armed for task 3 at T=41000 ms (in 18708 ms)
execution-manager  | [SCHEDULER] ⏰ T=22292 ms | T_wall=639944228.915 ms: Launching task 4 'sum4' (deadline: 41000 ms)
execution-manager  | [SCHEDULER] 🕐 Timeout armed for task 4 at T=41000 ms (in 18708 ms)
execution-manager  | [gRPC Client Async] Response #1 - Status: COMPLETED
execution-manager  | 🎉 [T=22293 ms] Task 2 'sum2' COMPLETED
execution-manager  | [EXECUTION MANAGER] ⏱️ T2=639941938.574 ms | Thread started (server measured)
execution-manager  | [EXECUTION MANAGER] ⏱️ T3=639944228.378 ms | Task completed (server measured)
execution-manager  | [EXECUTION MANAGER] ⏱️ T4=639944229.301 ms | Result received by client
execution-manager  |    [TASK EXECUTION] 2289.804 ms (T3-T2, measured in thread)
execution-manager  |    [RESULT] {"result": 0}
execution-manager  | 
execution-manager  | ╔═══════════════════════════════════════════════════════════════╗
execution-manager  | ║           END-TO-END TIMING MEASUREMENT RECAP                 ║
execution-manager  | ║                   Task 2: sum2                                 
execution-manager  | ╠═══════════════════════════════════════════════════════════════╣
execution-manager  | ║ T1 (start_request)    = 639941936.770 ms                        ║
execution-manager  | ║ T2 (end_request)      = 639941938.574 ms                        ║
execution-manager  | ║ T3 (start_result)     = 639944228.378 ms                        ║
execution-manager  | ║ T4 (end_result)       = 639944229.301 ms                        ║
execution-manager  | ╠═══════════════════════════════════════════════════════════════╣
execution-manager  | ║ METRICS:                                                      ║
execution-manager  | ║   Request Latency    =        1.805 ms  (T2 - T1)            ║
execution-manager  | ║   Task Execution     =     2289.804 ms  (T3 - T2)            ║
execution-manager  | ║   Response Latency   =        0.923 ms  (T4 - T3)            ║
execution-manager  | ║   Total End-to-End   =     2292.531 ms  (T4 - T1)            ║
execution-manager  | ║   Network Overhead   =        2.727 ms  (Req + Resp)         ║
execution-manager  | ╚═══════════════════════════════════════════════════════════════╝
execution-manager  | 
execution-manager  | [gRPC Client Async] Stream completed, received 1 responses
execution-manager  | [GRPC THREAD 2] Completed
execution-manager  | [GRPC THREAD 3] Starting...
execution-manager  | [EXECUTION MANAGER] ⏱️ T1=639944229.614 ms | Sending gRPC request for task 3 'sum3'
execution-manager  | [gRPC Channel Pool] Reusing existing channel for localhost:50053 (state=2)
execution-manager  | [gRPC Client Async] Calling task 'sum3' at localhost:50053
execution-manager  | [gRPC Client Async] Inputs: {"total_ops": 200, "io_percentage": 50}
execution-manager  | [GRPC THREAD 4] Starting...
execution-manager  | [EXECUTION MANAGER] ⏱️ T1=639944230.115 ms | Sending gRPC request for task 4 'sum4'
execution-manager  | [gRPC Channel Pool] Reusing existing channel for localhost:50054 (state=2)
execution-manager  | [gRPC Client Async] Calling task 'sum4' at localhost:50054
execution-manager  | [gRPC Client Async] Inputs: {"total_ops": 200, "io_percentage": 50}
execution-manager  | [SCHEDULER] ✅ T=22294 ms: Task 2 'sum2' completed with status 2
execution-manager  | [SCHEDULER] 🔕 Timeout disarmed for task 2
execution-manager  | [SCHEDULER] 2 tasks remaining
execution-manager  | [gRPC Client Async] Response #1 - Status: COMPLETED
execution-manager  | 🎉 [T=24584 ms] Task 3 'sum3' COMPLETED
execution-manager  | [EXECUTION MANAGER] ⏱️ T2=639944230.558 ms | Thread started (server measured)
execution-manager  | [EXECUTION MANAGER] ⏱️ T3=639946520.030 ms | Task completed (server measured)
execution-manager  | [EXECUTION MANAGER] ⏱️ T4=639946520.918 ms | Result received by client
execution-manager  |    [TASK EXECUTION] 2289.472 ms (T3-T2, measured in thread)
execution-manager  |    [RESULT] {"result": 0}
execution-manager  | 
execution-manager  | ╔═══════════════════════════════════════════════════════════════╗
execution-manager  | ║           END-TO-END TIMING MEASUREMENT RECAP                 ║
execution-manager  | ║                   Task 3: sum3                                 
execution-manager  | ╠═══════════════════════════════════════════════════════════════╣
execution-manager  | ║ T1 (start_request)    = 639944229.614 ms                        ║
execution-manager  | ║ T2 (end_request)      = 639944230.558 ms                        ║
execution-manager  | ║ T3 (start_result)     = 639946520.030 ms                        ║
execution-manager  | ║ T4 (end_result)       = 639946520.918 ms                        ║
execution-manager  | ╠═══════════════════════════════════════════════════════════════╣
execution-manager  | ║ METRICS:                                                      ║
execution-manager  | ║   Request Latency    =        0.944 ms  (T2 - T1)            ║
execution-manager  | ║   Task Execution     =     2289.472 ms  (T3 - T2)            ║
execution-manager  | ║   Response Latency   =        0.888 ms  (T4 - T3)            ║
execution-manager  | ║   Total End-to-End   =     2291.304 ms  (T4 - T1)            ║
execution-manager  | ║   Network Overhead   =        1.832 ms  (Req + Resp)         ║
execution-manager  | ╚═══════════════════════════════════════════════════════════════╝
execution-manager  | 
execution-manager  | [gRPC Client Async] Stream completed, received 1 responses
execution-manager  | [GRPC THREAD 3] Completed
execution-manager  | [SCHEDULER] ✅ T=24585 ms: Task 3 'sum3' completed with status 2
execution-manager  | [SCHEDULER] 🔕 Timeout disarmed for task 3
execution-manager  | [SCHEDULER] 1 tasks remaining
execution-manager  | [gRPC Client Async] Response #1 - Status: COMPLETED
execution-manager  | 🎉 [T=26875 ms] Task 4 'sum4' COMPLETED
execution-manager  | [EXECUTION MANAGER] ⏱️ T2=639946520.126 ms | Thread started (server measured)
execution-manager  | [EXECUTION MANAGER] ⏱️ T3=639948810.892 ms | Task completed (server measured)
execution-manager  | [EXECUTION MANAGER] ⏱️ T4=639948811.775 ms | Result received by client
execution-manager  |    [TASK EXECUTION] 2290.765 ms (T3-T2, measured in thread)
execution-manager  |    [RESULT] {"result": 0}
execution-manager  | 
execution-manager  | ╔═══════════════════════════════════════════════════════════════╗
execution-manager  | ║           END-TO-END TIMING MEASUREMENT RECAP                 ║
execution-manager  | ║                   Task 4: sum4                                 
execution-manager  | ╠═══════════════════════════════════════════════════════════════╣
execution-manager  | ║ T1 (start_request)    = 639944230.115 ms                        ║
execution-manager  | ║ T2 (end_request)      = 639946520.126 ms                        ║
execution-manager  | ║ T3 (start_result)     = 639948810.892 ms                        ║
execution-manager  | ║ T4 (end_result)       = 639948811.775 ms                        ║
execution-manager  | ╠═══════════════════════════════════════════════════════════════╣
execution-manager  | ║ METRICS:                                                      ║
execution-manager  | ║   Request Latency    =     2290.011 ms  (T2 - T1)            ║
execution-manager  | ║   Task Execution     =     2290.765 ms  (T3 - T2)            ║
execution-manager  | ║   Response Latency   =        0.883 ms  (T4 - T3)            ║
execution-manager  | ║   Total End-to-End   =     4581.660 ms  (T4 - T1)            ║
execution-manager  | ║   Network Overhead   =     2290.894 ms  (Req + Resp)         ║
execution-manager  | ╚═══════════════════════════════════════════════════════════════╝
execution-manager  | 
execution-manager  | [gRPC Client Async] Stream completed, received 1 responses
execution-manager  | [GRPC THREAD 4] Completed
execution-manager  | [SCHEDULER] ✅ T=26876 ms: Task 4 'sum4' completed with status 2
execution-manager  | [SCHEDULER] 🔕 Timeout disarmed for task 4
execution-manager  | [SCHEDULER] 0 tasks remaining
execution-manager  | 
execution-manager  | [SCHEDULER] 🏁 Iteration 3/5 complete!
execution-manager  | [SCHEDULER] Iteration execution time: 26876 ms
execution-manager  | 
execution-manager  | 
execution-manager  | [SCHEDULER] 🔁 ===== ITERATION 4 / 5 =====
execution-manager  | 
execution-manager  | [SCHEDULER] 🚀 Schedule started at T=0
execution-manager  | 
execution-manager  | [SCHEDULER] 🔄 Entering event loop (NO SLEEP - event-driven!)
execution-manager  | 
execution-manager  | [SCHEDULER] ⏰ T=10000 ms | T_wall=639958812.205 ms: Launching task 1 'sum1' (deadline: 30000 ms)
execution-manager  | [SCHEDULER] 🕐 Timeout armed for task 1 at T=30000 ms (in 20000 ms)
execution-manager  | [GRPC THREAD 1] Starting...
execution-manager  | [EXECUTION MANAGER] ⏱️ T1=639958812.337 ms | Sending gRPC request for task 1 'sum1'
execution-manager  | [gRPC Channel Pool] Reusing existing channel for localhost:50051 (state=2)
execution-manager  | [gRPC Client Async] Calling task 'sum1' at localhost:50051
execution-manager  | [gRPC Client Async] Inputs: {"total_ops": 200, "io_percentage": 50}
execution-manager  | [gRPC Client Async] Response #1 - Status: COMPLETED
execution-manager  | 🎉 [T=12291 ms] Task 1 'sum1' COMPLETED
execution-manager  | [EXECUTION MANAGER] ⏱️ T2=639958813.266 ms | Thread started (server measured)
execution-manager  | [EXECUTION MANAGER] ⏱️ T3=639961102.385 ms | Task completed (server measured)
execution-manager  | [EXECUTION MANAGER] ⏱️ T4=639961103.230 ms | Result received by client
execution-manager  |    [TASK EXECUTION] 2289.119 ms (T3-T2, measured in thread)
execution-manager  |    [RESULT] {"result": 0}
execution-manager  | 
execution-manager  | ╔═══════════════════════════════════════════════════════════════╗
execution-manager  | ║           END-TO-END TIMING MEASUREMENT RECAP                 ║
execution-manager  | ║                   Task 1: sum1                                 
execution-manager  | ╠═══════════════════════════════════════════════════════════════╣
execution-manager  | ║ T1 (start_request)    = 639958812.337 ms                        ║
execution-manager  | ║ T2 (end_request)      = 639958813.266 ms                        ║
execution-manager  | ║ T3 (start_result)     = 639961102.385 ms                        ║
execution-manager  | ║ T4 (end_result)       = 639961103.230 ms                        ║
execution-manager  | ╠═══════════════════════════════════════════════════════════════╣
execution-manager  | ║ METRICS:                                                      ║
execution-manager  | ║   Request Latency    =        0.929 ms  (T2 - T1)            ║
execution-manager  | ║   Task Execution     =     2289.119 ms  (T3 - T2)            ║
execution-manager  | ║   Response Latency   =        0.845 ms  (T4 - T3)            ║
execution-manager  | ║   Total End-to-End   =     2290.894 ms  (T4 - T1)            ║
execution-manager  | ║   Network Overhead   =        1.774 ms  (Req + Resp)         ║
execution-manager  | ╚═══════════════════════════════════════════════════════════════╝
execution-manager  | 
execution-manager  | [gRPC Client Async] Stream completed, received 1 responses
execution-manager  | [GRPC THREAD 1] Completed
execution-manager  | [SCHEDULER] ✅ T=12291 ms: Task 1 'sum1' completed with status 2
execution-manager  | [SCHEDULER] 🔕 Timeout disarmed for task 1
execution-manager  | [SCHEDULER] 3 tasks remaining
execution-manager  | [SCHEDULER] ⏰ T=20000 ms | T_wall=639968812.324 ms: Launching task 2 'sum2' (deadline: 40000 ms)
execution-manager  | [SCHEDULER] 🕐 Timeout armed for task 2 at T=40000 ms (in 20000 ms)
execution-manager  | [GRPC THREAD 2] Starting...
execution-manager  | [EXECUTION MANAGER] ⏱️ T1=639968812.452 ms | Sending gRPC request for task 2 'sum2'
execution-manager  | [gRPC Channel Pool] Reusing existing channel for localhost:50052 (state=2)
execution-manager  | [gRPC Client Async] Calling task 'sum2' at localhost:50052
execution-manager  | [gRPC Client Async] Inputs: {"total_ops": 200, "io_percentage": 50}
execution-manager  | [SCHEDULER] ⏰ T=22291 ms | T_wall=639971103.154 ms: Launching task 3 'sum3' (deadline: 41000 ms)
execution-manager  | [SCHEDULER] 🕐 Timeout armed for task 3 at T=41000 ms (in 18709 ms)
execution-manager  | [SCHEDULER] ⏰ T=22291 ms | T_wall=639971103.279 ms: Launching task 4 'sum4' (deadline: 41000 ms)
execution-manager  | [SCHEDULER] 🕐 Timeout armed for task 4 at T=41000 ms (in 18709 ms)
execution-manager  | [gRPC Client Async] Response #1 - Status: COMPLETED
execution-manager  | 🎉 [T=22291 ms] Task 2 'sum2' COMPLETED
execution-manager  | [EXECUTION MANAGER] ⏱️ T2=639968813.547 ms | Thread started (server measured)
execution-manager  | [EXECUTION MANAGER] ⏱️ T3=639971102.642 ms | Task completed (server measured)
execution-manager  | [EXECUTION MANAGER] ⏱️ T4=639971103.668 ms | Result received by client
execution-manager  |    [TASK EXECUTION] 2289.096 ms (T3-T2, measured in thread)
execution-manager  |    [RESULT] {"result": 0}
execution-manager  | 
execution-manager  | ╔═══════════════════════════════════════════════════════════════╗
execution-manager  | ║           END-TO-END TIMING MEASUREMENT RECAP                 ║
execution-manager  | ║                   Task 2: sum2                                 
execution-manager  | ╠═══════════════════════════════════════════════════════════════╣
execution-manager  | ║ T1 (start_request)    = 639968812.452 ms                        ║
execution-manager  | ║ T2 (end_request)      = 639968813.547 ms                        ║
execution-manager  | ║ T3 (start_result)     = 639971102.642 ms                        ║
execution-manager  | ║ T4 (end_result)       = 639971103.668 ms                        ║
execution-manager  | ╠═══════════════════════════════════════════════════════════════╣
execution-manager  | ║ METRICS:                                                      ║
execution-manager  | ║   Request Latency    =        1.094 ms  (T2 - T1)            ║
execution-manager  | ║   Task Execution     =     2289.096 ms  (T3 - T2)            ║
execution-manager  | ║   Response Latency   =        1.026 ms  (T4 - T3)            ║
execution-manager  | ║   Total End-to-End   =     2291.216 ms  (T4 - T1)            ║
execution-manager  | ║   Network Overhead   =        2.120 ms  (Req + Resp)         ║
execution-manager  | ╚═══════════════════════════════════════════════════════════════╝
execution-manager  | 
execution-manager  | [gRPC Client Async] Stream completed, received 1 responses
execution-manager  | [GRPC THREAD 2] Completed
execution-manager  | [GRPC THREAD 3] Starting...
execution-manager  | [EXECUTION MANAGER] ⏱️ T1=639971103.979 ms | Sending gRPC request for task 3 'sum3'
execution-manager  | [gRPC Channel Pool] Reusing existing channel for localhost:50053 (state=2)
execution-manager  | [gRPC Client Async] Calling task 'sum3' at localhost:50053
execution-manager  | [gRPC Client Async] Inputs: {"total_ops": 200, "io_percentage": 50}
execution-manager  | [GRPC THREAD 4] Starting...
execution-manager  | [EXECUTION MANAGER] ⏱️ T1=639971104.591 ms | Sending gRPC request for task 4 'sum4'
execution-manager  | [gRPC Channel Pool] Reusing existing channel for localhost:50054 (state=2)
execution-manager  | [gRPC Client Async] Calling task 'sum4' at localhost:50054
execution-manager  | [gRPC Client Async] Inputs: {"total_ops": 200, "io_percentage": 50}
execution-manager  | [SCHEDULER] ✅ T=22292 ms: Task 2 'sum2' completed with status 2
execution-manager  | [SCHEDULER] 🔕 Timeout disarmed for task 2
execution-manager  | [SCHEDULER] 2 tasks remaining
execution-manager  | [gRPC Client Async] Response #1 - Status: COMPLETED
execution-manager  | 🎉 [T=24583 ms] Task 3 'sum3' COMPLETED
execution-manager  | [EXECUTION MANAGER] ⏱️ T2=639971104.998 ms | Thread started (server measured)
execution-manager  | [EXECUTION MANAGER] ⏱️ T3=639973395.236 ms | Task completed (server measured)
execution-manager  | [EXECUTION MANAGER] ⏱️ T4=639973395.924 ms | Result received by client
execution-manager  |    [TASK EXECUTION] 2290.238 ms (T3-T2, measured in thread)
execution-manager  |    [RESULT] {"result": 0}
execution-manager  | 
execution-manager  | ╔═══════════════════════════════════════════════════════════════╗
execution-manager  | ║           END-TO-END TIMING MEASUREMENT RECAP                 ║
execution-manager  | ║                   Task 3: sum3                                 
execution-manager  | ╠═══════════════════════════════════════════════════════════════╣
execution-manager  | ║ T1 (start_request)    = 639971103.979 ms                        ║
execution-manager  | ║ T2 (end_request)      = 639971104.998 ms                        ║
execution-manager  | ║ T3 (start_result)     = 639973395.236 ms                        ║
execution-manager  | ║ T4 (end_result)       = 639973395.924 ms                        ║
execution-manager  | ╠═══════════════════════════════════════════════════════════════╣
execution-manager  | ║ METRICS:                                                      ║
execution-manager  | ║   Request Latency    =        1.019 ms  (T2 - T1)            ║
execution-manager  | ║   Task Execution     =     2290.238 ms  (T3 - T2)            ║
execution-manager  | ║   Response Latency   =        0.688 ms  (T4 - T3)            ║
execution-manager  | ║   Total End-to-End   =     2291.945 ms  (T4 - T1)            ║
execution-manager  | ║   Network Overhead   =        1.707 ms  (Req + Resp)         ║
execution-manager  | ╚═══════════════════════════════════════════════════════════════╝
execution-manager  | 
execution-manager  | [SCHEDULER] ✅ T=24584 ms: Task 3 'sum3' completed with status 2
execution-manager  | [SCHEDULER] 🔕 Timeout disarmed for task 3
execution-manager  | [SCHEDULER] 1 tasks remaining
execution-manager  | [gRPC Client Async] Stream completed, received 1 responses
execution-manager  | [GRPC THREAD 3] Completed
execution-manager  | [gRPC Client Async] Response #1 - Status: COMPLETED
execution-manager  | 🎉 [T=26874 ms] Task 4 'sum4' COMPLETED
execution-manager  | [EXECUTION MANAGER] ⏱️ T2=639973395.328 ms | Thread started (server measured)
execution-manager  | [EXECUTION MANAGER] ⏱️ T3=639975685.831 ms | Task completed (server measured)
execution-manager  | [EXECUTION MANAGER] ⏱️ T4=639975686.774 ms | Result received by client
execution-manager  |    [TASK EXECUTION] 2290.503 ms (T3-T2, measured in thread)
execution-manager  |    [RESULT] {"result": 0}
execution-manager  | 
execution-manager  | ╔═══════════════════════════════════════════════════════════════╗
execution-manager  | ║           END-TO-END TIMING MEASUREMENT RECAP                 ║
execution-manager  | ║                   Task 4: sum4                                 
execution-manager  | ╠═══════════════════════════════════════════════════════════════╣
execution-manager  | ║ T1 (start_request)    = 639971104.591 ms                        ║
execution-manager  | ║ T2 (end_request)      = 639973395.328 ms                        ║
execution-manager  | ║ T3 (start_result)     = 639975685.831 ms                        ║
execution-manager  | ║ T4 (end_result)       = 639975686.774 ms                        ║
execution-manager  | ╠═══════════════════════════════════════════════════════════════╣
execution-manager  | ║ METRICS:                                                      ║
execution-manager  | ║   Request Latency    =     2290.737 ms  (T2 - T1)            ║
execution-manager  | ║   Task Execution     =     2290.503 ms  (T3 - T2)            ║
execution-manager  | ║   Response Latency   =        0.943 ms  (T4 - T3)            ║
execution-manager  | ║   Total End-to-End   =     4582.183 ms  (T4 - T1)            ║
execution-manager  | ║   Network Overhead   =     2291.680 ms  (Req + Resp)         ║
execution-manager  | ╚═══════════════════════════════════════════════════════════════╝
execution-manager  | 
execution-manager  | [gRPC Client Async] Stream completed, received 1 responses
execution-manager  | [GRPC THREAD 4] Completed
execution-manager  | [SCHEDULER] ✅ T=26875 ms: Task 4 'sum4' completed with status 2
execution-manager  | [SCHEDULER] 🔕 Timeout disarmed for task 4
execution-manager  | [SCHEDULER] 0 tasks remaining
execution-manager  | 
execution-manager  | [SCHEDULER] 🏁 Iteration 4/5 complete!
execution-manager  | [SCHEDULER] Iteration execution time: 26875 ms
execution-manager  | 
execution-manager  | 
execution-manager  | [SCHEDULER] 🔁 ===== ITERATION 5 / 5 =====
execution-manager  | 
execution-manager  | [SCHEDULER] 🚀 Schedule started at T=0
execution-manager  | 
execution-manager  | [SCHEDULER] 🔄 Entering event loop (NO SLEEP - event-driven!)
execution-manager  | 
execution-manager  | [SCHEDULER] ⏰ T=10000 ms | T_wall=639985687.263 ms: Launching task 1 'sum1' (deadline: 30000 ms)
execution-manager  | [SCHEDULER] 🕐 Timeout armed for task 1 at T=30000 ms (in 20000 ms)
execution-manager  | [GRPC THREAD 1] Starting...
execution-manager  | [EXECUTION MANAGER] ⏱️ T1=639985687.390 ms | Sending gRPC request for task 1 'sum1'
execution-manager  | [gRPC Channel Pool] Reusing existing channel for localhost:50051 (state=2)
execution-manager  | [gRPC Client Async] Calling task 'sum1' at localhost:50051
execution-manager  | [gRPC Client Async] Inputs: {"total_ops": 200, "io_percentage": 50}
execution-manager  | [gRPC Client Async] Response #1 - Status: COMPLETED
execution-manager  | 🎉 [T=12291 ms] Task 1 'sum1' COMPLETED
execution-manager  | [EXECUTION MANAGER] ⏱️ T2=639985688.286 ms | Thread started (server measured)
execution-manager  | [EXECUTION MANAGER] ⏱️ T3=639987977.960 ms | Task completed (server measured)
execution-manager  | [EXECUTION MANAGER] ⏱️ T4=639987978.969 ms | Result received by client
execution-manager  |    [TASK EXECUTION] 2289.674 ms (T3-T2, measured in thread)
execution-manager  |    [RESULT] {"result": 0}
execution-manager  | 
execution-manager  | ╔═══════════════════════════════════════════════════════════════╗
execution-manager  | ║           END-TO-END TIMING MEASUREMENT RECAP                 ║
execution-manager  | ║                   Task 1: sum1                                 
execution-manager  | ╠═══════════════════════════════════════════════════════════════╣
execution-manager  | ║ T1 (start_request)    = 639985687.390 ms                        ║
execution-manager  | ║ T2 (end_request)      = 639985688.286 ms                        ║
execution-manager  | ║ T3 (start_result)     = 639987977.960 ms                        ║
execution-manager  | ║ T4 (end_result)       = 639987978.969 ms                        ║
execution-manager  | ╠═══════════════════════════════════════════════════════════════╣
execution-manager  | ║ METRICS:                                                      ║
execution-manager  | ║   Request Latency    =        0.896 ms  (T2 - T1)            ║
execution-manager  | ║   Task Execution     =     2289.674 ms  (T3 - T2)            ║
execution-manager  | ║   Response Latency   =        1.009 ms  (T4 - T3)            ║
execution-manager  | ║   Total End-to-End   =     2291.579 ms  (T4 - T1)            ║
execution-manager  | ║   Network Overhead   =        1.905 ms  (Req + Resp)         ║
execution-manager  | ╚═══════════════════════════════════════════════════════════════╝
execution-manager  | 
execution-manager  | [gRPC Client Async] Stream completed, received 1 responses
execution-manager  | [GRPC THREAD 1] Completed
execution-manager  | [SCHEDULER] ✅ T=12292 ms: Task 1 'sum1' completed with status 2
execution-manager  | [SCHEDULER] 🔕 Timeout disarmed for task 1
execution-manager  | [SCHEDULER] 3 tasks remaining
execution-manager  | [SCHEDULER] ⏰ T=20000 ms | T_wall=639995687.298 ms: Launching task 2 'sum2' (deadline: 40000 ms)
execution-manager  | [SCHEDULER] 🕐 Timeout armed for task 2 at T=40000 ms (in 20000 ms)
execution-manager  | [GRPC THREAD 2] Starting...
execution-manager  | [EXECUTION MANAGER] ⏱️ T1=639995687.434 ms | Sending gRPC request for task 2 'sum2'
execution-manager  | [gRPC Channel Pool] Reusing existing channel for localhost:50052 (state=2)
execution-manager  | [gRPC Client Async] Calling task 'sum2' at localhost:50052
execution-manager  | [gRPC Client Async] Inputs: {"total_ops": 200, "io_percentage": 50}
execution-manager  | [SCHEDULER] ⏰ T=22291 ms | T_wall=639997978.265 ms: Launching task 3 'sum3' (deadline: 41000 ms)
execution-manager  | [SCHEDULER] 🕐 Timeout armed for task 3 at T=41000 ms (in 18709 ms)
execution-manager  | [SCHEDULER] ⏰ T=22291 ms | T_wall=639997978.394 ms: Launching task 4 'sum4' (deadline: 41000 ms)
execution-manager  | [SCHEDULER] 🕐 Timeout armed for task 4 at T=41000 ms (in 18709 ms)
execution-manager  | [gRPC Client Async] Response #1 - Status: COMPLETED
execution-manager  | 🎉 [T=22291 ms] Task 2 'sum2' COMPLETED
execution-manager  | [EXECUTION MANAGER] ⏱️ T2=639995688.344 ms | Thread started (server measured)
execution-manager  | [EXECUTION MANAGER] ⏱️ T3=639997977.807 ms | Task completed (server measured)
execution-manager  | [EXECUTION MANAGER] ⏱️ T4=639997978.904 ms | Result received by client
execution-manager  |    [TASK EXECUTION] 2289.463 ms (T3-T2, measured in thread)
execution-manager  |    [RESULT] {"result": 0}
execution-manager  | 
execution-manager  | ╔═══════════════════════════════════════════════════════════════╗
execution-manager  | ║           END-TO-END TIMING MEASUREMENT RECAP                 ║
execution-manager  | ║                   Task 2: sum2                                 
execution-manager  | ╠═══════════════════════════════════════════════════════════════╣
execution-manager  | ║ T1 (start_request)    = 639995687.434 ms                        ║
execution-manager  | ║ T2 (end_request)      = 639995688.344 ms                        ║
execution-manager  | ║ T3 (start_result)     = 639997977.807 ms                        ║
execution-manager  | ║ T4 (end_result)       = 639997978.904 ms                        ║
execution-manager  | ╠═══════════════════════════════════════════════════════════════╣
execution-manager  | ║ METRICS:                                                      ║
execution-manager  | ║   Request Latency    =        0.910 ms  (T2 - T1)            ║
execution-manager  | ║   Task Execution     =     2289.463 ms  (T3 - T2)            ║
execution-manager  | ║   Response Latency   =        1.097 ms  (T4 - T3)            ║
execution-manager  | ║   Total End-to-End   =     2291.470 ms  (T4 - T1)            ║
execution-manager  | ║   Network Overhead   =        2.007 ms  (Req + Resp)         ║
execution-manager  | ╚═══════════════════════════════════════════════════════════════╝
execution-manager  | 
execution-manager  | [gRPC Client Async] Stream completed, received 1 responses
execution-manager  | [GRPC THREAD 2] Completed
execution-manager  | [GRPC THREAD 3] Starting...
execution-manager  | [EXECUTION MANAGER] ⏱️ T1=639997979.213 ms | Sending gRPC request for task 3 'sum3'
execution-manager  | [gRPC Channel Pool] Reusing existing channel for localhost:50053 (state=2)
execution-manager  | [gRPC Client Async] Calling task 'sum3' at localhost:50053
execution-manager  | [gRPC Client Async] Inputs: {"total_ops": 200, "io_percentage": 50}
execution-manager  | [GRPC THREAD 4] Starting...
execution-manager  | [EXECUTION MANAGER] ⏱️ T1=639997979.688 ms | Sending gRPC request for task 4 'sum4'
execution-manager  | [gRPC Channel Pool] Reusing existing channel for localhost:50054 (state=2)
execution-manager  | [gRPC Client Async] Calling task 'sum4' at localhost:50054
execution-manager  | [gRPC Client Async] Inputs: {"total_ops": 200, "io_percentage": 50}
execution-manager  | [SCHEDULER] ✅ T=22292 ms: Task 2 'sum2' completed with status 2
execution-manager  | [SCHEDULER] 🔕 Timeout disarmed for task 2
execution-manager  | [SCHEDULER] 2 tasks remaining
execution-manager  | [gRPC Client Async] Response #1 - Status: COMPLETED
execution-manager  | 🎉 [T=24584 ms] Task 3 'sum3' COMPLETED
execution-manager  | [EXECUTION MANAGER] ⏱️ T2=639997980.151 ms | Thread started (server measured)
execution-manager  | [EXECUTION MANAGER] ⏱️ T3=640000270.618 ms | Task completed (server measured)
execution-manager  | [EXECUTION MANAGER] ⏱️ T4=640000271.636 ms | Result received by client
execution-manager  |    [TASK EXECUTION] 2290.467 ms (T3-T2, measured in thread)
execution-manager  |    [RESULT] {"result": 0}
execution-manager  | 
execution-manager  | ╔═══════════════════════════════════════════════════════════════╗
execution-manager  | ║           END-TO-END TIMING MEASUREMENT RECAP                 ║
execution-manager  | ║                   Task 3: sum3                                 
execution-manager  | ╠═══════════════════════════════════════════════════════════════╣
execution-manager  | ║ T1 (start_request)    = 639997979.213 ms                        ║
execution-manager  | ║ T2 (end_request)      = 639997980.151 ms                        ║
execution-manager  | ║ T3 (start_result)     = 640000270.618 ms                        ║
execution-manager  | ║ T4 (end_result)       = 640000271.636 ms                        ║
execution-manager  | ╠═══════════════════════════════════════════════════════════════╣
execution-manager  | ║ METRICS:                                                      ║
execution-manager  | ║   Request Latency    =        0.938 ms  (T2 - T1)            ║
execution-manager  | ║   Task Execution     =     2290.467 ms  (T3 - T2)            ║
execution-manager  | ║   Response Latency   =        1.018 ms  (T4 - T3)            ║
execution-manager  | ║   Total End-to-End   =     2292.423 ms  (T4 - T1)            ║
execution-manager  | ║   Network Overhead   =        1.957 ms  (Req + Resp)         ║
execution-manager  | ╚═══════════════════════════════════════════════════════════════╝
execution-manager  | 
execution-manager  | [gRPC Client Async] Stream completed, received 1 responses
execution-manager  | [GRPC THREAD 3] Completed
execution-manager  | [SCHEDULER] ✅ T=24584 ms: Task 3 'sum3' completed with status 2
execution-manager  | [SCHEDULER] 🔕 Timeout disarmed for task 3
execution-manager  | [SCHEDULER] 1 tasks remaining
execution-manager  | [gRPC Client Async] Response #1 - Status: COMPLETED
execution-manager  | 🎉 [T=26875 ms] Task 4 'sum4' COMPLETED
execution-manager  | [EXECUTION MANAGER] ⏱️ T2=640000271.982 ms | Thread started (server measured)
execution-manager  | [EXECUTION MANAGER] ⏱️ T3=640002561.836 ms | Task completed (server measured)
execution-manager  | [EXECUTION MANAGER] ⏱️ T4=640002562.763 ms | Result received by client
execution-manager  |    [TASK EXECUTION] 2289.854 ms (T3-T2, measured in thread)
execution-manager  |    [RESULT] {"result": 0}
execution-manager  | 
execution-manager  | ╔═══════════════════════════════════════════════════════════════╗
execution-manager  | ║           END-TO-END TIMING MEASUREMENT RECAP                 ║
execution-manager  | ║                   Task 4: sum4                                 
execution-manager  | ╠═══════════════════════════════════════════════════════════════╣
execution-manager  | ║ T1 (start_request)    = 639997979.688 ms                        ║
execution-manager  | ║ T2 (end_request)      = 640000271.982 ms                        ║
execution-manager  | ║ T3 (start_result)     = 640002561.836 ms                        ║
execution-manager  | ║ T4 (end_result)       = 640002562.763 ms                        ║
execution-manager  | ╠═══════════════════════════════════════════════════════════════╣
execution-manager  | ║ METRICS:                                                      ║
execution-manager  | ║   Request Latency    =     2292.294 ms  (T2 - T1)            ║
execution-manager  | ║   Task Execution     =     2289.854 ms  (T3 - T2)            ║
execution-manager  | ║   Response Latency   =        0.927 ms  (T4 - T3)            ║
execution-manager  | ║   Total End-to-End   =     4583.075 ms  (T4 - T1)            ║
execution-manager  | ║   Network Overhead   =     2293.221 ms  (Req + Resp)         ║
execution-manager  | ╚═══════════════════════════════════════════════════════════════╝
execution-manager  | 
execution-manager  | [gRPC Client Async] Stream completed, received 1 responses
execution-manager  | [GRPC THREAD 4] Completed
execution-manager  | [SCHEDULER] ✅ T=26876 ms: Task 4 'sum4' completed with status 2
execution-manager  | [SCHEDULER] 🔕 Timeout disarmed for task 4
execution-manager  | [SCHEDULER] 0 tasks remaining
execution-manager  | 
execution-manager  | [SCHEDULER] 🏁 Iteration 5/5 complete!
execution-manager  | [SCHEDULER] Iteration execution time: 26876 ms
execution-manager  | 
execution-manager  | 
execution-manager  | [SCHEDULER] 🏁 All 5 iteration(s) completed!
execution-manager  | [SCHEDULER] Total execution time: 26876 ms
execution-manager  | 
execution-manager  | Test Suite Finished Successfully.
[Kexecution-manager exited with code 0
