 Container execution-manager  Creating
 Container execution-manager  Created
Attaching to execution-manager
execution-manager  | ============================================
execution-manager  |    DUAL PRIORITY QUEUE ARCHITECTURE TESTER  
execution-manager  | ============================================
execution-manager  | 
execution-manager  | ✅ Execution Manager running with SCHED_FIFO priority 95
execution-manager  |    This ensures precise timing and prevents preemption by tasks
execution-manager  | 
execution-manager  | 
execution-manager  | [Redis] Reading schedule from Redis...
execution-manager  | 
execution-manager  | === REDIS DATA ===
execution-manager  | Schedule: Configurable CPU/IO Benchmark (v0.0.0)
execution-manager  | Number of tasks: 4
execution-manager  | Iterations: 5
execution-manager  | 
execution-manager  | Tasks:
execution-manager  |   1. Task: sum1
execution-manager  |      Policy: fifo, Priority: 50, Start: 10 ms
execution-manager  |      Inputs: {"total_ops": {"type": "int", "value": 100}, "io_percentage": {"type": "int", "value": 0}}
execution-manager  | 
execution-manager  |   2. Task: sum2
execution-manager  |      Policy: fifo, Priority: 50, Start: 30 ms
execution-manager  |      Inputs: {"total_ops": {"type": "int", "value": 100}, "io_percentage": {"type": "int", "value": 0}}
execution-manager  | 
execution-manager  |   3. Task: sum3
execution-manager  |      Policy: fifo, Priority: 70, Start: 31 ms
execution-manager  |      Inputs: {"total_ops": {"type": "int", "value": 100}, "io_percentage": {"type": "int", "value": 0}}
execution-manager  | 
execution-manager  |   4. Task: sum4
execution-manager  |      Policy: fifo, Priority: 60, Start: 31 ms
execution-manager  |      Inputs: {"total_ops": {"type": "int", "value": 100}, "io_percentage": {"type": "int", "value": 0}}
execution-manager  | 
execution-manager  | ==================
execution-manager  | 
execution-manager  | 
execution-manager  | ============================================
execution-manager  |    REAL-TIME EVENT-DRIVEN SCHEDULER
execution-manager  | ============================================
execution-manager  | 
execution-manager  | [SCHEDULER] 🚀 Loading schedule: 4 task(s), 5 iteration(s)
execution-manager  | 
execution-manager  | [SCHEDULER] DEBUG - Task 1: start_time=10 s, deadline=40 s (parsed from Redis)
execution-manager  | [SCHEDULER] 📋 Task 1 'sum1': start=10000 ms, deadline=40000 ms
execution-manager  | [SCHEDULER] DEBUG - Task 2: start_time=30 s, deadline=70 s (parsed from Redis)
execution-manager  | [SCHEDULER] 📋 Task 2 'sum2': start=30000 ms, deadline=70000 ms
execution-manager  | [SCHEDULER] DEBUG - Task 3: start_time=31 s, deadline=71 s (parsed from Redis)
execution-manager  | [SCHEDULER] 📋 Task 3 'sum3': start=31000 ms, deadline=71000 ms
execution-manager  | [SCHEDULER] DEBUG - Task 4: start_time=31 s, deadline=71 s (parsed from Redis)
execution-manager  | [SCHEDULER] 📋 Task 4 'sum4': start=31000 ms, deadline=71000 ms
execution-manager  | 
execution-manager  | [SCHEDULER] 🔁 ===== ITERATION 1 / 5 =====
execution-manager  | 
execution-manager  | [SCHEDULER] 🚀 Schedule started at T=0
execution-manager  | 
execution-manager  | [SCHEDULER] 🔄 Entering event loop (NO SLEEP - event-driven!)
execution-manager  | 
execution-manager  | [SCHEDULER] ⏰ T=10000 ms | T_wall=636808034.946 ms: Launching task 1 'sum1' (deadline: 40000 ms)
execution-manager  | [SCHEDULER] 🕐 Timeout armed for task 1 at T=40000 ms (in 29999 ms)
execution-manager  | [GRPC THREAD 1] Starting...
execution-manager  | [EXECUTION MANAGER] ⏱️ T1=636808035.210 ms | Sending gRPC request for task 1 'sum1'
execution-manager  | [gRPC Channel Pool] Creating new channel for localhost:50051
execution-manager  | [gRPC Client Async] Calling task 'sum1' at localhost:50051
execution-manager  | [gRPC Client Async] Inputs: {"total_ops": 100, "io_percentage": 0}
execution-manager  | [gRPC Client Async] Response #1 - Status: COMPLETED
execution-manager  | 🎉 [T=12318 ms] Task 1 'sum1' COMPLETED
execution-manager  | [EXECUTION MANAGER] ⏱️ T2=636808062.013 ms | Thread started (server measured)
execution-manager  | [EXECUTION MANAGER] ⏱️ T3=636810351.459 ms | Task completed (server measured)
execution-manager  | [EXECUTION MANAGER] ⏱️ T4=636810352.304 ms | Result received by client
execution-manager  |    [TASK EXECUTION] 2289.447 ms (T3-T2, measured in thread)
execution-manager  |    [RESULT] {"result": 0}
execution-manager  | 
execution-manager  | ╔═══════════════════════════════════════════════════════════════╗
execution-manager  | ║           END-TO-END TIMING MEASUREMENT RECAP                 ║
execution-manager  | ║                   Task 1: sum1                                 
execution-manager  | ╠═══════════════════════════════════════════════════════════════╣
execution-manager  | ║ T1 (start_request)    = 636808035.210 ms                        ║
execution-manager  | ║ T2 (end_request)      = 636808062.013 ms                        ║
execution-manager  | ║ T3 (start_result)     = 636810351.459 ms                        ║
execution-manager  | ║ T4 (end_result)       = 636810352.304 ms                        ║
execution-manager  | ╠═══════════════════════════════════════════════════════════════╣
execution-manager  | ║ METRICS:                                                      ║
execution-manager  | ║   Request Latency    =       26.802 ms  (T2 - T1)            ║
execution-manager  | ║   Task Execution     =     2289.447 ms  (T3 - T2)            ║
execution-manager  | ║   Response Latency   =        0.845 ms  (T4 - T3)            ║
execution-manager  | ║   Total End-to-End   =     2317.094 ms  (T4 - T1)            ║
execution-manager  | ║   Network Overhead   =       27.647 ms  (Req + Resp)         ║
execution-manager  | ╚═══════════════════════════════════════════════════════════════╝
execution-manager  | 
execution-manager  | [gRPC Client Async] Stream completed, received 1 responses
execution-manager  | [GRPC THREAD 1] Completed
execution-manager  | [SCHEDULER] ✅ T=12318 ms: Task 1 'sum1' completed with status 2
execution-manager  | [SCHEDULER] 🔕 Timeout disarmed for task 1
execution-manager  | [SCHEDULER] 3 tasks remaining
execution-manager  | [SCHEDULER] ⏰ T=30000 ms | T_wall=636828034.981 ms: Launching task 2 'sum2' (deadline: 70000 ms)
execution-manager  | [SCHEDULER] 🕐 Timeout armed for task 2 at T=70000 ms (in 39999 ms)
execution-manager  | [GRPC THREAD 2] Starting...
execution-manager  | [EXECUTION MANAGER] ⏱️ T1=636828035.194 ms | Sending gRPC request for task 2 'sum2'
execution-manager  | [gRPC Channel Pool] Creating new channel for localhost:50052
execution-manager  | [gRPC Client Async] Calling task 'sum2' at localhost:50052
execution-manager  | [gRPC Client Async] Inputs: {"total_ops": 100, "io_percentage": 0}
execution-manager  | [SCHEDULER] ⏰ T=32312 ms | T_wall=636830346.651 ms: Launching task 3 'sum3' (deadline: 71000 ms)
execution-manager  | [SCHEDULER] 🕐 Timeout armed for task 3 at T=71000 ms (in 38688 ms)
execution-manager  | [SCHEDULER] ⏰ T=32312 ms | T_wall=636830346.876 ms: Launching task 4 'sum4' (deadline: 71000 ms)
execution-manager  | [SCHEDULER] 🕐 Timeout armed for task 4 at T=71000 ms (in 38688 ms)
execution-manager  | [gRPC Client Async] Response #1 - Status: COMPLETED
execution-manager  | 🎉 [T=32313 ms] Task 2 'sum2' COMPLETED
execution-manager  | [EXECUTION MANAGER] ⏱️ T2=636828057.611 ms | Thread started (server measured)
execution-manager  | [EXECUTION MANAGER] ⏱️ T3=636830345.985 ms | Task completed (server measured)
execution-manager  | [EXECUTION MANAGER] ⏱️ T4=636830347.334 ms | Result received by client
execution-manager  |    [TASK EXECUTION] 2288.374 ms (T3-T2, measured in thread)
execution-manager  |    [RESULT] {"result": 0}
execution-manager  | 
execution-manager  | ╔═══════════════════════════════════════════════════════════════╗
execution-manager  | ║           END-TO-END TIMING MEASUREMENT RECAP                 ║
execution-manager  | ║                   Task 2: sum2                                 
execution-manager  | ╠═══════════════════════════════════════════════════════════════╣
execution-manager  | ║ T1 (start_request)    = 636828035.194 ms                        ║
execution-manager  | ║ T2 (end_request)      = 636828057.611 ms                        ║
execution-manager  | ║ T3 (start_result)     = 636830345.985 ms                        ║
execution-manager  | ║ T4 (end_result)       = 636830347.334 ms                        ║
execution-manager  | ╠═══════════════════════════════════════════════════════════════╣
execution-manager  | ║ METRICS:                                                      ║
execution-manager  | ║   Request Latency    =       22.417 ms  (T2 - T1)            ║
execution-manager  | ║   Task Execution     =     2288.374 ms  (T3 - T2)            ║
execution-manager  | ║   Response Latency   =        1.349 ms  (T4 - T3)            ║
execution-manager  | ║   Total End-to-End   =     2312.139 ms  (T4 - T1)            ║
execution-manager  | ║   Network Overhead   =       23.766 ms  (Req + Resp)         ║
execution-manager  | ╚═══════════════════════════════════════════════════════════════╝
execution-manager  | 
execution-manager  | [gRPC Client Async] Stream completed, received 1 responses
execution-manager  | [GRPC THREAD 2] Completed
execution-manager  | [GRPC THREAD 3] Starting...
execution-manager  | [EXECUTION MANAGER] ⏱️ T1=636830347.648 ms | Sending gRPC request for task 3 'sum3'
execution-manager  | [gRPC Channel Pool] Creating new channel for localhost:50053
execution-manager  | [gRPC Client Async] Calling task 'sum3' at localhost:50053
execution-manager  | [gRPC Client Async] Inputs: {"total_ops": 100, "io_percentage": 0}
execution-manager  | [GRPC THREAD 4] Starting...
execution-manager  | [EXECUTION MANAGER] ⏱️ T1=636830350.077 ms | Sending gRPC request for task 4 'sum4'
execution-manager  | [gRPC Channel Pool] Creating new channel for localhost:50054
execution-manager  | [gRPC Client Async] Calling task 'sum4' at localhost:50054
execution-manager  | [gRPC Client Async] Inputs: {"total_ops": 100, "io_percentage": 0}
execution-manager  | [SCHEDULER] ✅ T=32318 ms: Task 2 'sum2' completed with status 2
execution-manager  | [SCHEDULER] 🔕 Timeout disarmed for task 2
execution-manager  | [SCHEDULER] 2 tasks remaining
execution-manager  | [gRPC Client Async] Response #1 - Status: COMPLETED
execution-manager  | 🎉 [T=34630 ms] Task 3 'sum3' COMPLETED
execution-manager  | [EXECUTION MANAGER] ⏱️ T2=636830373.606 ms | Thread started (server measured)
execution-manager  | [EXECUTION MANAGER] ⏱️ T3=636832663.104 ms | Task completed (server measured)
execution-manager  | [EXECUTION MANAGER] ⏱️ T4=636832664.124 ms | Result received by client
execution-manager  |    [TASK EXECUTION] 2289.498 ms (T3-T2, measured in thread)
execution-manager  |    [RESULT] {"result": 0}
execution-manager  | 
execution-manager  | ╔═══════════════════════════════════════════════════════════════╗
execution-manager  | ║           END-TO-END TIMING MEASUREMENT RECAP                 ║
execution-manager  | ║                   Task 3: sum3                                 
execution-manager  | ╠═══════════════════════════════════════════════════════════════╣
execution-manager  | ║ T1 (start_request)    = 636830347.648 ms                        ║
execution-manager  | ║ T2 (end_request)      = 636830373.606 ms                        ║
execution-manager  | ║ T3 (start_result)     = 636832663.104 ms                        ║
execution-manager  | ║ T4 (end_result)       = 636832664.124 ms                        ║
execution-manager  | ╠═══════════════════════════════════════════════════════════════╣
execution-manager  | ║ METRICS:                                                      ║
execution-manager  | ║   Request Latency    =       25.958 ms  (T2 - T1)            ║
execution-manager  | ║   Task Execution     =     2289.498 ms  (T3 - T2)            ║
execution-manager  | ║   Response Latency   =        1.019 ms  (T4 - T3)            ║
execution-manager  | ║   Total End-to-End   =     2316.476 ms  (T4 - T1)            ║
execution-manager  | ║   Network Overhead   =       26.977 ms  (Req + Resp)         ║
execution-manager  | ╚═══════════════════════════════════════════════════════════════╝
execution-manager  | 
execution-manager  | [gRPC Client Async] Stream completed, received 1 responses
execution-manager  | [GRPC THREAD 3] Completed
execution-manager  | [SCHEDULER] ✅ T=34630 ms: Task 3 'sum3' completed with status 2
execution-manager  | [SCHEDULER] 🔕 Timeout disarmed for task 3
execution-manager  | [SCHEDULER] 1 tasks remaining
execution-manager  | [gRPC Client Async] Response #1 - Status: COMPLETED
execution-manager  | 🎉 [T=36920 ms] Task 4 'sum4' COMPLETED
execution-manager  | [EXECUTION MANAGER] ⏱️ T2=636832663.190 ms | Thread started (server measured)
execution-manager  | [EXECUTION MANAGER] ⏱️ T3=636834953.277 ms | Task completed (server measured)
execution-manager  | [EXECUTION MANAGER] ⏱️ T4=636834954.138 ms | Result received by client
execution-manager  |    [TASK EXECUTION] 2290.087 ms (T3-T2, measured in thread)
execution-manager  |    [RESULT] {"result": 0}
execution-manager  | 
execution-manager  | ╔═══════════════════════════════════════════════════════════════╗
execution-manager  | ║           END-TO-END TIMING MEASUREMENT RECAP                 ║
execution-manager  | ║                   Task 4: sum4                                 
execution-manager  | ╠═══════════════════════════════════════════════════════════════╣
execution-manager  | ║ T1 (start_request)    = 636830350.077 ms                        ║
execution-manager  | ║ T2 (end_request)      = 636832663.190 ms                        ║
execution-manager  | ║ T3 (start_result)     = 636834953.277 ms                        ║
execution-manager  | ║ T4 (end_result)       = 636834954.138 ms                        ║
execution-manager  | ╠═══════════════════════════════════════════════════════════════╣
execution-manager  | ║ METRICS:                                                      ║
execution-manager  | ║   Request Latency    =     2313.113 ms  (T2 - T1)            ║
execution-manager  | ║   Task Execution     =     2290.087 ms  (T3 - T2)            ║
execution-manager  | ║   Response Latency   =        0.861 ms  (T4 - T3)            ║
execution-manager  | ║   Total End-to-End   =     4604.061 ms  (T4 - T1)            ║
execution-manager  | ║   Network Overhead   =     2313.974 ms  (Req + Resp)         ║
execution-manager  | ╚═══════════════════════════════════════════════════════════════╝
execution-manager  | 
execution-manager  | [gRPC Client Async] Stream completed, received 1 responses
execution-manager  | [GRPC THREAD 4] Completed
execution-manager  | [SCHEDULER] ✅ T=36920 ms: Task 4 'sum4' completed with status 2
execution-manager  | [SCHEDULER] 🔕 Timeout disarmed for task 4
execution-manager  | [SCHEDULER] 0 tasks remaining
execution-manager  | 
execution-manager  | [SCHEDULER] 🏁 Iteration 1/5 complete!
execution-manager  | [SCHEDULER] Iteration execution time: 36920 ms
execution-manager  | 
execution-manager  | 
execution-manager  | [SCHEDULER] 🔁 ===== ITERATION 2 / 5 =====
execution-manager  | 
execution-manager  | [SCHEDULER] 🚀 Schedule started at T=0
execution-manager  | 
execution-manager  | [SCHEDULER] 🔄 Entering event loop (NO SLEEP - event-driven!)
execution-manager  | 
execution-manager  | [SCHEDULER] ⏰ T=10000 ms | T_wall=636844954.599 ms: Launching task 1 'sum1' (deadline: 40000 ms)
execution-manager  | [SCHEDULER] 🕐 Timeout armed for task 1 at T=40000 ms (in 30000 ms)
execution-manager  | [GRPC THREAD 1] Starting...
execution-manager  | [EXECUTION MANAGER] ⏱️ T1=636844954.748 ms | Sending gRPC request for task 1 'sum1'
execution-manager  | [gRPC Channel Pool] Reusing existing channel for localhost:50051 (state=2)
execution-manager  | [gRPC Client Async] Calling task 'sum1' at localhost:50051
execution-manager  | [gRPC Client Async] Inputs: {"total_ops": 100, "io_percentage": 0}
execution-manager  | [gRPC Client Async] Response #1 - Status: COMPLETED
execution-manager  | 🎉 [T=12292 ms] Task 1 'sum1' COMPLETED
execution-manager  | [EXECUTION MANAGER] ⏱️ T2=636844956.042 ms | Thread started (server measured)
execution-manager  | [EXECUTION MANAGER] ⏱️ T3=636847245.282 ms | Task completed (server measured)
execution-manager  | [EXECUTION MANAGER] ⏱️ T4=636847246.112 ms | Result received by client
execution-manager  |    [TASK EXECUTION] 2289.240 ms (T3-T2, measured in thread)
execution-manager  |    [RESULT] {"result": 0}
execution-manager  | 
execution-manager  | ╔═══════════════════════════════════════════════════════════════╗
execution-manager  | ║           END-TO-END TIMING MEASUREMENT RECAP                 ║
execution-manager  | ║                   Task 1: sum1                                 
execution-manager  | ╠═══════════════════════════════════════════════════════════════╣
execution-manager  | ║ T1 (start_request)    = 636844954.748 ms                        ║
execution-manager  | ║ T2 (end_request)      = 636844956.042 ms                        ║
execution-manager  | ║ T3 (start_result)     = 636847245.282 ms                        ║
execution-manager  | ║ T4 (end_result)       = 636847246.112 ms                        ║
execution-manager  | ╠═══════════════════════════════════════════════════════════════╣
execution-manager  | ║ METRICS:                                                      ║
execution-manager  | ║   Request Latency    =        1.294 ms  (T2 - T1)            ║
execution-manager  | ║   Task Execution     =     2289.240 ms  (T3 - T2)            ║
execution-manager  | ║   Response Latency   =        0.830 ms  (T4 - T3)            ║
execution-manager  | ║   Total End-to-End   =     2291.364 ms  (T4 - T1)            ║
execution-manager  | ║   Network Overhead   =        2.124 ms  (Req + Resp)         ║
execution-manager  | ╚═══════════════════════════════════════════════════════════════╝
execution-manager  | 
execution-manager  | [gRPC Client Async] Stream completed, received 1 responses
execution-manager  | [GRPC THREAD 1] Completed
execution-manager  | [SCHEDULER] ✅ T=12292 ms: Task 1 'sum1' completed with status 2
execution-manager  | [SCHEDULER] 🔕 Timeout disarmed for task 1
execution-manager  | [SCHEDULER] 3 tasks remaining
execution-manager  | [SCHEDULER] ⏰ T=30000 ms | T_wall=636864954.632 ms: Launching task 2 'sum2' (deadline: 70000 ms)
execution-manager  | [SCHEDULER] 🕐 Timeout armed for task 2 at T=70000 ms (in 40000 ms)
execution-manager  | [GRPC THREAD 2] Starting...
execution-manager  | [EXECUTION MANAGER] ⏱️ T1=636864954.766 ms | Sending gRPC request for task 2 'sum2'
execution-manager  | [gRPC Channel Pool] Reusing existing channel for localhost:50052 (state=2)
execution-manager  | [gRPC Client Async] Calling task 'sum2' at localhost:50052
execution-manager  | [gRPC Client Async] Inputs: {"total_ops": 100, "io_percentage": 0}
execution-manager  | [SCHEDULER] ⏰ T=32292 ms | T_wall=636867246.697 ms: Launching task 3 'sum3' (deadline: 71000 ms)
execution-manager  | [SCHEDULER] 🕐 Timeout armed for task 3 at T=71000 ms (in 38708 ms)
execution-manager  | [SCHEDULER] ⏰ T=32292 ms | T_wall=636867246.835 ms: Launching task 4 'sum4' (deadline: 71000 ms)
execution-manager  | [SCHEDULER] 🕐 Timeout armed for task 4 at T=71000 ms (in 38708 ms)
execution-manager  | [gRPC Client Async] Response #1 - Status: COMPLETED
execution-manager  | 🎉 [T=32293 ms] Task 2 'sum2' COMPLETED
execution-manager  | [EXECUTION MANAGER] ⏱️ T2=636864957.055 ms | Thread started (server measured)
execution-manager  | [EXECUTION MANAGER] ⏱️ T3=636867246.148 ms | Task completed (server measured)
execution-manager  | [EXECUTION MANAGER] ⏱️ T4=636867247.281 ms | Result received by client
execution-manager  |    [TASK EXECUTION] 2289.093 ms (T3-T2, measured in thread)
execution-manager  |    [RESULT] {"result": 0}
execution-manager  | 
execution-manager  | ╔═══════════════════════════════════════════════════════════════╗
execution-manager  | ║           END-TO-END TIMING MEASUREMENT RECAP                 ║
execution-manager  | ║                   Task 2: sum2                                 
execution-manager  | ╠═══════════════════════════════════════════════════════════════╣
execution-manager  | ║ T1 (start_request)    = 636864954.766 ms                        ║
execution-manager  | ║ T2 (end_request)      = 636864957.055 ms                        ║
execution-manager  | ║ T3 (start_result)     = 636867246.148 ms                        ║
execution-manager  | ║ T4 (end_result)       = 636867247.281 ms                        ║
execution-manager  | ╠═══════════════════════════════════════════════════════════════╣
execution-manager  | ║ METRICS:                                                      ║
execution-manager  | ║   Request Latency    =        2.289 ms  (T2 - T1)            ║
execution-manager  | ║   Task Execution     =     2289.093 ms  (T3 - T2)            ║
execution-manager  | ║   Response Latency   =        1.133 ms  (T4 - T3)            ║
execution-manager  | ║   Total End-to-End   =     2292.515 ms  (T4 - T1)            ║
execution-manager  | ║   Network Overhead   =        3.422 ms  (Req + Resp)         ║
execution-manager  | ╚═══════════════════════════════════════════════════════════════╝
execution-manager  | 
execution-manager  | [gRPC Client Async] Stream completed, received 1 responses
execution-manager  | [GRPC THREAD 2] Completed
execution-manager  | [GRPC THREAD 3] Starting...
execution-manager  | [EXECUTION MANAGER] ⏱️ T1=636867247.591 ms | Sending gRPC request for task 3 'sum3'
execution-manager  | [gRPC Channel Pool] Reusing existing channel for localhost:50053 (state=2)
execution-manager  | [gRPC Client Async] Calling task 'sum3' at localhost:50053
execution-manager  | [gRPC Client Async] Inputs: {"total_ops": 100, "io_percentage": 0}
execution-manager  | [GRPC THREAD 4] Starting...
execution-manager  | [EXECUTION MANAGER] ⏱️ T1=636867248.112 ms | Sending gRPC request for task 4 'sum4'
execution-manager  | [gRPC Channel Pool] Reusing existing channel for localhost:50054 (state=2)
execution-manager  | [gRPC Client Async] Calling task 'sum4' at localhost:50054
execution-manager  | [gRPC Client Async] Inputs: {"total_ops": 100, "io_percentage": 0}
execution-manager  | [SCHEDULER] ✅ T=32294 ms: Task 2 'sum2' completed with status 2
execution-manager  | [SCHEDULER] 🔕 Timeout disarmed for task 2
execution-manager  | [SCHEDULER] 2 tasks remaining
execution-manager  | [gRPC Client Async] Response #1 - Status: COMPLETED
execution-manager  | 🎉 [T=34585 ms] Task 3 'sum3' COMPLETED
execution-manager  | [EXECUTION MANAGER] ⏱️ T2=636867249.106 ms | Thread started (server measured)
execution-manager  | [EXECUTION MANAGER] ⏱️ T3=636869539.097 ms | Task completed (server measured)
execution-manager  | [EXECUTION MANAGER] ⏱️ T4=636869539.870 ms | Result received by client
execution-manager  |    [TASK EXECUTION] 2289.990 ms (T3-T2, measured in thread)
execution-manager  |    [RESULT] {"result": 0}
execution-manager  | 
execution-manager  | ╔═══════════════════════════════════════════════════════════════╗
execution-manager  | ║           END-TO-END TIMING MEASUREMENT RECAP                 ║
execution-manager  | ║                   Task 3: sum3                                 
execution-manager  | ╠═══════════════════════════════════════════════════════════════╣
execution-manager  | ║ T1 (start_request)    = 636867247.591 ms                        ║
execution-manager  | ║ T2 (end_request)      = 636867249.106 ms                        ║
execution-manager  | ║ T3 (start_result)     = 636869539.097 ms                        ║
execution-manager  | ║ T4 (end_result)       = 636869539.870 ms                        ║
execution-manager  | ╠═══════════════════════════════════════════════════════════════╣
execution-manager  | ║ METRICS:                                                      ║
execution-manager  | ║   Request Latency    =        1.515 ms  (T2 - T1)            ║
execution-manager  | ║   Task Execution     =     2289.990 ms  (T3 - T2)            ║
execution-manager  | ║   Response Latency   =        0.773 ms  (T4 - T3)            ║
execution-manager  | ║   Total End-to-End   =     2292.279 ms  (T4 - T1)            ║
execution-manager  | ║   Network Overhead   =        2.289 ms  (Req + Resp)         ║
execution-manager  | ╚═══════════════════════════════════════════════════════════════╝
execution-manager  | 
execution-manager  | [SCHEDULER] ✅ T=34586 ms: Task 3 'sum3' completed with status 2
execution-manager  | [SCHEDULER] 🔕 Timeout disarmed for task 3
execution-manager  | [SCHEDULER] 1 tasks remaining
execution-manager  | [gRPC Client Async] Stream completed, received 1 responses
execution-manager  | [GRPC THREAD 3] Completed
execution-manager  | [gRPC Client Async] Response #1 - Status: COMPLETED
execution-manager  | 🎉 [T=36876 ms] Task 4 'sum4' COMPLETED
execution-manager  | [EXECUTION MANAGER] ⏱️ T2=636867249.032 ms | Thread started (server measured)
execution-manager  | [EXECUTION MANAGER] ⏱️ T3=636871829.708 ms | Task completed (server measured)
execution-manager  | [EXECUTION MANAGER] ⏱️ T4=636871830.404 ms | Result received by client
execution-manager  |    [TASK EXECUTION] 4580.675 ms (T3-T2, measured in thread)
execution-manager  |    [RESULT] {"result": 0}
execution-manager  | 
execution-manager  | ╔═══════════════════════════════════════════════════════════════╗
execution-manager  | ║           END-TO-END TIMING MEASUREMENT RECAP                 ║
execution-manager  | ║                   Task 4: sum4                                 
execution-manager  | ╠═══════════════════════════════════════════════════════════════╣
execution-manager  | ║ T1 (start_request)    = 636867248.112 ms                        ║
execution-manager  | ║ T2 (end_request)      = 636867249.032 ms                        ║
execution-manager  | ║ T3 (start_result)     = 636871829.708 ms                        ║
execution-manager  | ║ T4 (end_result)       = 636871830.404 ms                        ║
execution-manager  | ╠═══════════════════════════════════════════════════════════════╣
execution-manager  | ║ METRICS:                                                      ║
execution-manager  | ║   Request Latency    =        0.920 ms  (T2 - T1)            ║
execution-manager  | ║   Task Execution     =     4580.675 ms  (T3 - T2)            ║
execution-manager  | ║   Response Latency   =        0.697 ms  (T4 - T3)            ║
execution-manager  | ║   Total End-to-End   =     4582.292 ms  (T4 - T1)            ║
execution-manager  | ║   Network Overhead   =        1.617 ms  (Req + Resp)         ║
execution-manager  | ╚═══════════════════════════════════════════════════════════════╝
execution-manager  | 
execution-manager  | [gRPC Client Async] Stream completed, received 1 responses
execution-manager  | [GRPC THREAD 4] Completed
execution-manager  | [SCHEDULER] ✅ T=36876 ms: Task 4 'sum4' completed with status 2
execution-manager  | [SCHEDULER] 🔕 Timeout disarmed for task 4
execution-manager  | [SCHEDULER] 0 tasks remaining
execution-manager  | 
execution-manager  | [SCHEDULER] 🏁 Iteration 2/5 complete!
execution-manager  | [SCHEDULER] Iteration execution time: 36876 ms
execution-manager  | 
execution-manager  | 
execution-manager  | [SCHEDULER] 🔁 ===== ITERATION 3 / 5 =====
execution-manager  | 
execution-manager  | [SCHEDULER] 🚀 Schedule started at T=0
execution-manager  | 
execution-manager  | [SCHEDULER] 🔄 Entering event loop (NO SLEEP - event-driven!)
execution-manager  | 
execution-manager  | [SCHEDULER] ⏰ T=10000 ms | T_wall=636881830.880 ms: Launching task 1 'sum1' (deadline: 40000 ms)
execution-manager  | [SCHEDULER] 🕐 Timeout armed for task 1 at T=40000 ms (in 29999 ms)
execution-manager  | [GRPC THREAD 1] Starting...
execution-manager  | [EXECUTION MANAGER] ⏱️ T1=636881831.054 ms | Sending gRPC request for task 1 'sum1'
execution-manager  | [gRPC Channel Pool] Reusing existing channel for localhost:50051 (state=0)
execution-manager  | [gRPC Client Async] Calling task 'sum1' at localhost:50051
execution-manager  | [gRPC Client Async] Inputs: {"total_ops": 100, "io_percentage": 0}
execution-manager  | [gRPC Client Async] Response #1 - Status: COMPLETED
execution-manager  | 🎉 [T=12294 ms] Task 1 'sum1' COMPLETED
execution-manager  | [EXECUTION MANAGER] ⏱️ T2=636881834.470 ms | Thread started (server measured)
execution-manager  | [EXECUTION MANAGER] ⏱️ T3=636884123.550 ms | Task completed (server measured)
execution-manager  | [EXECUTION MANAGER] ⏱️ T4=636884124.228 ms | Result received by client
execution-manager  |    [TASK EXECUTION] 2289.080 ms (T3-T2, measured in thread)
execution-manager  |    [RESULT] {"result": 0}
execution-manager  | 
execution-manager  | ╔═══════════════════════════════════════════════════════════════╗
execution-manager  | ║           END-TO-END TIMING MEASUREMENT RECAP                 ║
execution-manager  | ║                   Task 1: sum1                                 
execution-manager  | ╠═══════════════════════════════════════════════════════════════╣
execution-manager  | ║ T1 (start_request)    = 636881831.054 ms                        ║
execution-manager  | ║ T2 (end_request)      = 636881834.470 ms                        ║
execution-manager  | ║ T3 (start_result)     = 636884123.550 ms                        ║
execution-manager  | ║ T4 (end_result)       = 636884124.228 ms                        ║
execution-manager  | ╠═══════════════════════════════════════════════════════════════╣
execution-manager  | ║ METRICS:                                                      ║
execution-manager  | ║   Request Latency    =        3.417 ms  (T2 - T1)            ║
execution-manager  | ║   Task Execution     =     2289.080 ms  (T3 - T2)            ║
execution-manager  | ║   Response Latency   =        0.678 ms  (T4 - T3)            ║
execution-manager  | ║   Total End-to-End   =     2293.175 ms  (T4 - T1)            ║
execution-manager  | ║   Network Overhead   =        4.095 ms  (Req + Resp)         ║
execution-manager  | ╚═══════════════════════════════════════════════════════════════╝
execution-manager  | 
execution-manager  | [gRPC Client Async] Stream completed, received 1 responses
execution-manager  | [GRPC THREAD 1] Completed
execution-manager  | [SCHEDULER] ✅ T=12294 ms: Task 1 'sum1' completed with status 2
execution-manager  | [SCHEDULER] 🔕 Timeout disarmed for task 1
execution-manager  | [SCHEDULER] 3 tasks remaining
execution-manager  | [SCHEDULER] ⏰ T=30000 ms | T_wall=636901830.926 ms: Launching task 2 'sum2' (deadline: 70000 ms)
execution-manager  | [SCHEDULER] 🕐 Timeout armed for task 2 at T=70000 ms (in 39999 ms)
execution-manager  | [GRPC THREAD 2] Starting...
execution-manager  | [EXECUTION MANAGER] ⏱️ T1=636901831.073 ms | Sending gRPC request for task 2 'sum2'
execution-manager  | [gRPC Channel Pool] Reusing existing channel for localhost:50052 (state=2)
execution-manager  | [gRPC Client Async] Calling task 'sum2' at localhost:50052
execution-manager  | [gRPC Client Async] Inputs: {"total_ops": 100, "io_percentage": 0}
execution-manager  | [gRPC Client Async] RPC failed: Broken pipe
execution-manager  | [gRPC Channel Pool] Evicted broken channel for localhost:50052
execution-manager  | [gRPC Client Async] Broken connection detected, retrying with fresh channel...
execution-manager  | [gRPC Channel Pool] Creating new channel for localhost:50052
execution-manager  | [gRPC Client Async] Retry attempt 2 for task 'sum2' at localhost:50052
execution-manager  | [gRPC Client Async] Calling task 'sum2' at localhost:50052
execution-manager  | [gRPC Client Async] Inputs: {"total_ops": 100, "io_percentage": 0}
execution-manager  | [SCHEDULER] ⏰ T=32306 ms | T_wall=636904136.694 ms: Launching task 3 'sum3' (deadline: 71000 ms)
execution-manager  | [SCHEDULER] 🕐 Timeout armed for task 3 at T=71000 ms (in 38694 ms)
execution-manager  | [SCHEDULER] ⏰ T=32306 ms | T_wall=636904136.822 ms: Launching task 4 'sum4' (deadline: 71000 ms)
execution-manager  | [SCHEDULER] 🕐 Timeout armed for task 4 at T=71000 ms (in 38694 ms)
execution-manager  | [gRPC Client Async] Response #1 - Status: COMPLETED
execution-manager  | 🎉 [T=32307 ms] Task 2 'sum2' COMPLETED
execution-manager  | [EXECUTION MANAGER] ⏱️ T2=636901847.057 ms | Thread started (server measured)
execution-manager  | [EXECUTION MANAGER] ⏱️ T3=636904136.223 ms | Task completed (server measured)
execution-manager  | [EXECUTION MANAGER] ⏱️ T4=636904137.252 ms | Result received by client
execution-manager  |    [TASK EXECUTION] 2289.166 ms (T3-T2, measured in thread)
execution-manager  |    [RESULT] {"result": 0}
execution-manager  | 
execution-manager  | ╔═══════════════════════════════════════════════════════════════╗
execution-manager  | ║           END-TO-END TIMING MEASUREMENT RECAP                 ║
execution-manager  | ║                   Task 2: sum2                                 
execution-manager  | ╠═══════════════════════════════════════════════════════════════╣
execution-manager  | ║ T1 (start_request)    = 636901831.073 ms                        ║
execution-manager  | ║ T2 (end_request)      = 636901847.057 ms                        ║
execution-manager  | ║ T3 (start_result)     = 636904136.223 ms                        ║
execution-manager  | ║ T4 (end_result)       = 636904137.252 ms                        ║
execution-manager  | ╠═══════════════════════════════════════════════════════════════╣
execution-manager  | ║ METRICS:                                                      ║
execution-manager  | ║   Request Latency    =       15.984 ms  (T2 - T1)            ║
execution-manager  | ║   Task Execution     =     2289.166 ms  (T3 - T2)            ║
execution-manager  | ║   Response Latency   =        1.030 ms  (T4 - T3)            ║
execution-manager  | ║   Total End-to-End   =     2306.179 ms  (T4 - T1)            ║
execution-manager  | ║   Network Overhead   =       17.013 ms  (Req + Resp)         ║
execution-manager  | ╚═══════════════════════════════════════════════════════════════╝
execution-manager  | 
execution-manager  | [gRPC Client Async] Stream completed, received 1 responses
execution-manager  | [GRPC THREAD 2] Completed
execution-manager  | [GRPC THREAD 3] Starting...
execution-manager  | [EXECUTION MANAGER] ⏱️ T1=636904137.610 ms | Sending gRPC request for task 3 'sum3'
execution-manager  | [gRPC Channel Pool] Reusing existing channel for localhost:50053 (state=0)
execution-manager  | [gRPC Client Async] Calling task 'sum3' at localhost:50053
execution-manager  | [gRPC Client Async] Inputs: {"total_ops": 100, "io_percentage": 0}
execution-manager  | [GRPC THREAD 4] Starting...
execution-manager  | [EXECUTION MANAGER] ⏱️ T1=636904138.804 ms | Sending gRPC request for task 4 'sum4'
execution-manager  | [gRPC Channel Pool] Reusing existing channel for localhost:50054 (state=0)
execution-manager  | [gRPC Client Async] Calling task 'sum4' at localhost:50054
execution-manager  | [gRPC Client Async] Inputs: {"total_ops": 100, "io_percentage": 0}
execution-manager  | [SCHEDULER] ✅ T=32309 ms: Task 2 'sum2' completed with status 2
execution-manager  | [SCHEDULER] 🔕 Timeout disarmed for task 2
execution-manager  | [SCHEDULER] 2 tasks remaining
execution-manager  | [gRPC Client Async] Response #1 - Status: COMPLETED
execution-manager  | 🎉 [T=34602 ms] Task 3 'sum3' COMPLETED
execution-manager  | [EXECUTION MANAGER] ⏱️ T2=636904142.126 ms | Thread started (server measured)
execution-manager  | [EXECUTION MANAGER] ⏱️ T3=636906432.157 ms | Task completed (server measured)
execution-manager  | [EXECUTION MANAGER] ⏱️ T4=636906432.830 ms | Result received by client
execution-manager  |    [TASK EXECUTION] 2290.031 ms (T3-T2, measured in thread)
execution-manager  |    [RESULT] {"result": 0}
execution-manager  | 
execution-manager  | ╔═══════════════════════════════════════════════════════════════╗
execution-manager  | ║           END-TO-END TIMING MEASUREMENT RECAP                 ║
execution-manager  | ║                   Task 3: sum3                                 
execution-manager  | ╠═══════════════════════════════════════════════════════════════╣
execution-manager  | ║ T1 (start_request)    = 636904137.610 ms                        ║
execution-manager  | ║ T2 (end_request)      = 636904142.126 ms                        ║
execution-manager  | ║ T3 (start_result)     = 636906432.157 ms                        ║
execution-manager  | ║ T4 (end_result)       = 636906432.830 ms                        ║
execution-manager  | ╠═══════════════════════════════════════════════════════════════╣
execution-manager  | ║ METRICS:                                                      ║
execution-manager  | ║   Request Latency    =        4.515 ms  (T2 - T1)            ║
execution-manager  | ║   Task Execution     =     2290.031 ms  (T3 - T2)            ║
execution-manager  | ║   Response Latency   =        0.673 ms  (T4 - T3)            ║
execution-manager  | ║   Total End-to-End   =     2295.219 ms  (T4 - T1)            ║
execution-manager  | ║   Network Overhead   =        5.188 ms  (Req + Resp)         ║
execution-manager  | ╚═══════════════════════════════════════════════════════════════╝
execution-manager  | 
execution-manager  | [SCHEDULER] ✅ T=34602 ms: Task 3 'sum3' completed with status 2
execution-manager  | [SCHEDULER] 🔕 Timeout disarmed for task 3
execution-manager  | [SCHEDULER] 1 tasks remaining
execution-manager  | [gRPC Client Async] Stream completed, received 1 responses
execution-manager  | [GRPC THREAD 3] Completed
execution-manager  | [gRPC Client Async] Response #1 - Status: COMPLETED
execution-manager  | 🎉 [T=36893 ms] Task 4 'sum4' COMPLETED
execution-manager  | [EXECUTION MANAGER] ⏱️ T2=636906432.260 ms | Thread started (server measured)
execution-manager  | [EXECUTION MANAGER] ⏱️ T3=636908722.634 ms | Task completed (server measured)
execution-manager  | [EXECUTION MANAGER] ⏱️ T4=636908723.345 ms | Result received by client
execution-manager  |    [TASK EXECUTION] 2290.374 ms (T3-T2, measured in thread)
execution-manager  |    [RESULT] {"result": 0}
execution-manager  | 
execution-manager  | ╔═══════════════════════════════════════════════════════════════╗
execution-manager  | ║           END-TO-END TIMING MEASUREMENT RECAP                 ║
execution-manager  | ║                   Task 4: sum4                                 
execution-manager  | ╠═══════════════════════════════════════════════════════════════╣
execution-manager  | ║ T1 (start_request)    = 636904138.804 ms                        ║
execution-manager  | ║ T2 (end_request)      = 636906432.260 ms                        ║
execution-manager  | ║ T3 (start_result)     = 636908722.634 ms                        ║
execution-manager  | ║ T4 (end_result)       = 636908723.345 ms                        ║
execution-manager  | ╠═══════════════════════════════════════════════════════════════╣
execution-manager  | ║ METRICS:                                                      ║
execution-manager  | ║   Request Latency    =     2293.456 ms  (T2 - T1)            ║
execution-manager  | ║   Task Execution     =     2290.374 ms  (T3 - T2)            ║
execution-manager  | ║   Response Latency   =        0.711 ms  (T4 - T3)            ║
execution-manager  | ║   Total End-to-End   =     4584.541 ms  (T4 - T1)            ║
execution-manager  | ║   Network Overhead   =     2294.167 ms  (Req + Resp)         ║
execution-manager  | ╚═══════════════════════════════════════════════════════════════╝
execution-manager  | 
execution-manager  | [gRPC Client Async] Stream completed, received 1 responses
execution-manager  | [GRPC THREAD 4] Completed
execution-manager  | [SCHEDULER] ✅ T=36893 ms: Task 4 'sum4' completed with status 2
execution-manager  | [SCHEDULER] 🔕 Timeout disarmed for task 4
execution-manager  | [SCHEDULER] 0 tasks remaining
execution-manager  | 
execution-manager  | [SCHEDULER] 🏁 Iteration 3/5 complete!
execution-manager  | [SCHEDULER] Iteration execution time: 36893 ms
execution-manager  | 
execution-manager  | 
execution-manager  | [SCHEDULER] 🔁 ===== ITERATION 4 / 5 =====
execution-manager  | 
execution-manager  | [SCHEDULER] 🚀 Schedule started at T=0
execution-manager  | 
execution-manager  | [SCHEDULER] 🔄 Entering event loop (NO SLEEP - event-driven!)
execution-manager  | 
execution-manager  | [SCHEDULER] ⏰ T=10000 ms | T_wall=636918723.887 ms: Launching task 1 'sum1' (deadline: 40000 ms)
execution-manager  | [SCHEDULER] 🕐 Timeout armed for task 1 at T=40000 ms (in 30000 ms)
execution-manager  | [GRPC THREAD 1] Starting...
execution-manager  | [EXECUTION MANAGER] ⏱️ T1=636918724.024 ms | Sending gRPC request for task 1 'sum1'
execution-manager  | [gRPC Channel Pool] Reusing existing channel for localhost:50051 (state=0)
execution-manager  | [gRPC Client Async] Calling task 'sum1' at localhost:50051
execution-manager  | [gRPC Client Async] Inputs: {"total_ops": 100, "io_percentage": 0}
execution-manager  | [gRPC Client Async] Response #1 - Status: COMPLETED
execution-manager  | 🎉 [T=12294 ms] Task 1 'sum1' COMPLETED
execution-manager  | [EXECUTION MANAGER] ⏱️ T2=636918727.126 ms | Thread started (server measured)
execution-manager  | [EXECUTION MANAGER] ⏱️ T3=636921016.415 ms | Task completed (server measured)
execution-manager  | [EXECUTION MANAGER] ⏱️ T4=636921017.173 ms | Result received by client
execution-manager  |    [TASK EXECUTION] 2289.289 ms (T3-T2, measured in thread)
execution-manager  |    [RESULT] {"result": 0}
execution-manager  | 
execution-manager  | ╔═══════════════════════════════════════════════════════════════╗
execution-manager  | ║           END-TO-END TIMING MEASUREMENT RECAP                 ║
execution-manager  | ║                   Task 1: sum1                                 
execution-manager  | ╠═══════════════════════════════════════════════════════════════╣
execution-manager  | ║ T1 (start_request)    = 636918724.024 ms                        ║
execution-manager  | ║ T2 (end_request)      = 636918727.126 ms                        ║
execution-manager  | ║ T3 (start_result)     = 636921016.415 ms                        ║
execution-manager  | ║ T4 (end_result)       = 636921017.173 ms                        ║
execution-manager  | ╠═══════════════════════════════════════════════════════════════╣
execution-manager  | ║ METRICS:                                                      ║
execution-manager  | ║   Request Latency    =        3.102 ms  (T2 - T1)            ║
execution-manager  | ║   Task Execution     =     2289.289 ms  (T3 - T2)            ║
execution-manager  | ║   Response Latency   =        0.757 ms  (T4 - T3)            ║
execution-manager  | ║   Total End-to-End   =     2293.149 ms  (T4 - T1)            ║
execution-manager  | ║   Network Overhead   =        3.860 ms  (Req + Resp)         ║
execution-manager  | ╚═══════════════════════════════════════════════════════════════╝
execution-manager  | 
execution-manager  | [gRPC Client Async] Stream completed, received 1 responses
execution-manager  | [GRPC THREAD 1] Completed
execution-manager  | [SCHEDULER] ✅ T=12294 ms: Task 1 'sum1' completed with status 2
execution-manager  | [SCHEDULER] 🔕 Timeout disarmed for task 1
execution-manager  | [SCHEDULER] 3 tasks remaining
execution-manager  | [SCHEDULER] ⏰ T=30000 ms | T_wall=636938723.919 ms: Launching task 2 'sum2' (deadline: 70000 ms)
execution-manager  | [SCHEDULER] 🕐 Timeout armed for task 2 at T=70000 ms (in 39999 ms)
execution-manager  | [GRPC THREAD 2] Starting...
execution-manager  | [EXECUTION MANAGER] ⏱️ T1=636938724.060 ms | Sending gRPC request for task 2 'sum2'
execution-manager  | [gRPC Channel Pool] Reusing existing channel for localhost:50052 (state=2)
execution-manager  | [gRPC Client Async] Calling task 'sum2' at localhost:50052
execution-manager  | [gRPC Client Async] Inputs: {"total_ops": 100, "io_percentage": 0}
execution-manager  | [gRPC Client Async] RPC failed: Connection reset by peer
execution-manager  | [gRPC Channel Pool] Evicted broken channel for localhost:50052
execution-manager  | [gRPC Client Async] Broken connection detected, retrying with fresh channel...
execution-manager  | [gRPC Channel Pool] Creating new channel for localhost:50052
execution-manager  | [gRPC Client Async] Retry attempt 2 for task 'sum2' at localhost:50052
execution-manager  | [gRPC Client Async] Calling task 'sum2' at localhost:50052
execution-manager  | [gRPC Client Async] Inputs: {"total_ops": 100, "io_percentage": 0}
execution-manager  | [SCHEDULER] ⏰ T=32298 ms | T_wall=636941021.660 ms: Launching task 3 'sum3' (deadline: 71000 ms)
execution-manager  | [SCHEDULER] 🕐 Timeout armed for task 3 at T=71000 ms (in 38702 ms)
execution-manager  | [SCHEDULER] ⏰ T=32298 ms | T_wall=636941021.824 ms: Launching task 4 'sum4' (deadline: 71000 ms)
execution-manager  | [SCHEDULER] 🕐 Timeout armed for task 4 at T=71000 ms (in 38702 ms)
execution-manager  | [gRPC Client Async] Response #1 - Status: COMPLETED
execution-manager  | 🎉 [T=32299 ms] Task 2 'sum2' COMPLETED
execution-manager  | [EXECUTION MANAGER] ⏱️ T2=636938732.125 ms | Thread started (server measured)
execution-manager  | [EXECUTION MANAGER] ⏱️ T3=636941021.141 ms | Task completed (server measured)
execution-manager  | [EXECUTION MANAGER] ⏱️ T4=636941022.247 ms | Result received by client
execution-manager  |    [TASK EXECUTION] 2289.016 ms (T3-T2, measured in thread)
execution-manager  |    [RESULT] {"result": 0}
execution-manager  | 
execution-manager  | ╔═══════════════════════════════════════════════════════════════╗
execution-manager  | ║           END-TO-END TIMING MEASUREMENT RECAP                 ║
execution-manager  | ║                   Task 2: sum2                                 
execution-manager  | ╠═══════════════════════════════════════════════════════════════╣
execution-manager  | ║ T1 (start_request)    = 636938724.060 ms                        ║
execution-manager  | ║ T2 (end_request)      = 636938732.125 ms                        ║
execution-manager  | ║ T3 (start_result)     = 636941021.141 ms                        ║
execution-manager  | ║ T4 (end_result)       = 636941022.247 ms                        ║
execution-manager  | ╠═══════════════════════════════════════════════════════════════╣
execution-manager  | ║ METRICS:                                                      ║
execution-manager  | ║   Request Latency    =        8.064 ms  (T2 - T1)            ║
execution-manager  | ║   Task Execution     =     2289.016 ms  (T3 - T2)            ║
execution-manager  | ║   Response Latency   =        1.107 ms  (T4 - T3)            ║
execution-manager  | ║   Total End-to-End   =     2298.187 ms  (T4 - T1)            ║
execution-manager  | ║   Network Overhead   =        9.171 ms  (Req + Resp)         ║
execution-manager  | ╚═══════════════════════════════════════════════════════════════╝
execution-manager  | 
execution-manager  | [gRPC Client Async] Stream completed, received 1 responses
execution-manager  | [GRPC THREAD 2] Completed
execution-manager  | [GRPC THREAD 3] Starting...
execution-manager  | [EXECUTION MANAGER] ⏱️ T1=636941022.588 ms | Sending gRPC request for task 3 'sum3'
execution-manager  | [gRPC Channel Pool] Reusing existing channel for localhost:50053 (state=0)
execution-manager  | [gRPC Client Async] Calling task 'sum3' at localhost:50053
execution-manager  | [gRPC Client Async] Inputs: {"total_ops": 100, "io_percentage": 0}
execution-manager  | [GRPC THREAD 4] Starting...
execution-manager  | [EXECUTION MANAGER] ⏱️ T1=636941023.734 ms | Sending gRPC request for task 4 'sum4'
execution-manager  | [gRPC Channel Pool] Reusing existing channel for localhost:50054 (state=0)
execution-manager  | [gRPC Client Async] Calling task 'sum4' at localhost:50054
execution-manager  | [gRPC Client Async] Inputs: {"total_ops": 100, "io_percentage": 0}
execution-manager  | [SCHEDULER] ✅ T=32301 ms: Task 2 'sum2' completed with status 2
execution-manager  | [SCHEDULER] 🔕 Timeout disarmed for task 2
execution-manager  | [SCHEDULER] 2 tasks remaining
execution-manager  | [gRPC Client Async] Response #1 - Status: COMPLETED
execution-manager  | 🎉 [T=34594 ms] Task 3 'sum3' COMPLETED
execution-manager  | [EXECUTION MANAGER] ⏱️ T2=636941026.855 ms | Thread started (server measured)
execution-manager  | [EXECUTION MANAGER] ⏱️ T3=636943316.826 ms | Task completed (server measured)
execution-manager  | [EXECUTION MANAGER] ⏱️ T4=636943317.783 ms | Result received by client
execution-manager  |    [TASK EXECUTION] 2289.971 ms (T3-T2, measured in thread)
execution-manager  |    [RESULT] {"result": 0}
execution-manager  | 
execution-manager  | ╔═══════════════════════════════════════════════════════════════╗
execution-manager  | ║           END-TO-END TIMING MEASUREMENT RECAP                 ║
execution-manager  | ║                   Task 3: sum3                                 
execution-manager  | ╠═══════════════════════════════════════════════════════════════╣
execution-manager  | ║ T1 (start_request)    = 636941022.588 ms                        ║
execution-manager  | ║ T2 (end_request)      = 636941026.855 ms                        ║
execution-manager  | ║ T3 (start_result)     = 636943316.826 ms                        ║
execution-manager  | ║ T4 (end_result)       = 636943317.783 ms                        ║
execution-manager  | ╠═══════════════════════════════════════════════════════════════╣
execution-manager  | ║ METRICS:                                                      ║
execution-manager  | ║   Request Latency    =        4.267 ms  (T2 - T1)            ║
execution-manager  | ║   Task Execution     =     2289.971 ms  (T3 - T2)            ║
execution-manager  | ║   Response Latency   =        0.958 ms  (T4 - T3)            ║
execution-manager  | ║   Total End-to-End   =     2295.195 ms  (T4 - T1)            ║
execution-manager  | ║   Network Overhead   =        5.225 ms  (Req + Resp)         ║
execution-manager  | ╚═══════════════════════════════════════════════════════════════╝
execution-manager  | 
execution-manager  | [gRPC Client Async] Stream completed, received 1 responses
execution-manager  | [GRPC THREAD 3] Completed
execution-manager  | [SCHEDULER] ✅ T=34595 ms: Task 3 'sum3' completed with status 2
execution-manager  | [SCHEDULER] 🔕 Timeout disarmed for task 3
execution-manager  | [SCHEDULER] 1 tasks remaining
execution-manager  | [gRPC Client Async] Response #1 - Status: COMPLETED
execution-manager  | 🎉 [T=36885 ms] Task 4 'sum4' COMPLETED
execution-manager  | [EXECUTION MANAGER] ⏱️ T2=636943316.916 ms | Thread started (server measured)
execution-manager  | [EXECUTION MANAGER] ⏱️ T3=636945607.141 ms | Task completed (server measured)
execution-manager  | [EXECUTION MANAGER] ⏱️ T4=636945608.333 ms | Result received by client
execution-manager  |    [TASK EXECUTION] 2290.225 ms (T3-T2, measured in thread)
execution-manager  |    [RESULT] {"result": 0}
execution-manager  | 
execution-manager  | ╔═══════════════════════════════════════════════════════════════╗
execution-manager  | ║           END-TO-END TIMING MEASUREMENT RECAP                 ║
execution-manager  | ║                   Task 4: sum4                                 
execution-manager  | ╠═══════════════════════════════════════════════════════════════╣
execution-manager  | ║ T1 (start_request)    = 636941023.734 ms                        ║
execution-manager  | ║ T2 (end_request)      = 636943316.916 ms                        ║
execution-manager  | ║ T3 (start_result)     = 636945607.141 ms                        ║
execution-manager  | ║ T4 (end_result)       = 636945608.333 ms                        ║
execution-manager  | ╠═══════════════════════════════════════════════════════════════╣
execution-manager  | ║ METRICS:                                                      ║
execution-manager  | ║   Request Latency    =     2293.182 ms  (T2 - T1)            ║
execution-manager  | ║   Task Execution     =     2290.225 ms  (T3 - T2)            ║
execution-manager  | ║   Response Latency   =        1.192 ms  (T4 - T3)            ║
execution-manager  | ║   Total End-to-End   =     4584.599 ms  (T4 - T1)            ║
execution-manager  | ║   Network Overhead   =     2294.374 ms  (Req + Resp)         ║
execution-manager  | ╚═══════════════════════════════════════════════════════════════╝
execution-manager  | 
execution-manager  | [gRPC Client Async] Stream completed, received 1 responses
execution-manager  | [GRPC THREAD 4] Completed
execution-manager  | [SCHEDULER] ✅ T=36885 ms: Task 4 'sum4' completed with status 2
execution-manager  | [SCHEDULER] 🔕 Timeout disarmed for task 4
execution-manager  | [SCHEDULER] 0 tasks remaining
execution-manager  | 
execution-manager  | [SCHEDULER] 🏁 Iteration 4/5 complete!
execution-manager  | [SCHEDULER] Iteration execution time: 36885 ms
execution-manager  | 
execution-manager  | 
execution-manager  | [SCHEDULER] 🔁 ===== ITERATION 5 / 5 =====
execution-manager  | 
execution-manager  | [SCHEDULER] 🚀 Schedule started at T=0
execution-manager  | 
execution-manager  | [SCHEDULER] 🔄 Entering event loop (NO SLEEP - event-driven!)
execution-manager  | 
execution-manager  | [SCHEDULER] ⏰ T=10000 ms | T_wall=636955608.777 ms: Launching task 1 'sum1' (deadline: 40000 ms)
execution-manager  | [SCHEDULER] 🕐 Timeout armed for task 1 at T=40000 ms (in 30000 ms)
execution-manager  | [GRPC THREAD 1] Starting...
execution-manager  | [EXECUTION MANAGER] ⏱️ T1=636955608.916 ms | Sending gRPC request for task 1 'sum1'
execution-manager  | [gRPC Channel Pool] Reusing existing channel for localhost:50051 (state=0)
execution-manager  | [gRPC Client Async] Calling task 'sum1' at localhost:50051
execution-manager  | [gRPC Client Async] Inputs: {"total_ops": 100, "io_percentage": 0}
execution-manager  | [gRPC Client Async] Response #1 - Status: COMPLETED
execution-manager  | 🎉 [T=12294 ms] Task 1 'sum1' COMPLETED
execution-manager  | [EXECUTION MANAGER] ⏱️ T2=636955612.089 ms | Thread started (server measured)
execution-manager  | [EXECUTION MANAGER] ⏱️ T3=636957901.380 ms | Task completed (server measured)
execution-manager  | [EXECUTION MANAGER] ⏱️ T4=636957902.156 ms | Result received by client
execution-manager  |    [TASK EXECUTION] 2289.291 ms (T3-T2, measured in thread)
execution-manager  |    [RESULT] {"result": 0}
execution-manager  | 
execution-manager  | ╔═══════════════════════════════════════════════════════════════╗
execution-manager  | ║           END-TO-END TIMING MEASUREMENT RECAP                 ║
execution-manager  | ║                   Task 1: sum1                                 
execution-manager  | ╠═══════════════════════════════════════════════════════════════╣
execution-manager  | ║ T1 (start_request)    = 636955608.916 ms                        ║
execution-manager  | ║ T2 (end_request)      = 636955612.089 ms                        ║
execution-manager  | ║ T3 (start_result)     = 636957901.380 ms                        ║
execution-manager  | ║ T4 (end_result)       = 636957902.156 ms                        ║
execution-manager  | ╠═══════════════════════════════════════════════════════════════╣
execution-manager  | ║ METRICS:                                                      ║
execution-manager  | ║   Request Latency    =        3.173 ms  (T2 - T1)            ║
execution-manager  | ║   Task Execution     =     2289.291 ms  (T3 - T2)            ║
execution-manager  | ║   Response Latency   =        0.776 ms  (T4 - T3)            ║
execution-manager  | ║   Total End-to-End   =     2293.239 ms  (T4 - T1)            ║
execution-manager  | ║   Network Overhead   =        3.949 ms  (Req + Resp)         ║
execution-manager  | ╚═══════════════════════════════════════════════════════════════╝
execution-manager  | 
execution-manager  | [gRPC Client Async] Stream completed, received 1 responses
execution-manager  | [GRPC THREAD 1] Completed
execution-manager  | [SCHEDULER] ✅ T=12294 ms: Task 1 'sum1' completed with status 2
execution-manager  | [SCHEDULER] 🔕 Timeout disarmed for task 1
execution-manager  | [SCHEDULER] 3 tasks remaining
execution-manager  | [SCHEDULER] ⏰ T=30000 ms | T_wall=636975608.809 ms: Launching task 2 'sum2' (deadline: 70000 ms)
execution-manager  | [SCHEDULER] 🕐 Timeout armed for task 2 at T=70000 ms (in 40000 ms)
execution-manager  | [GRPC THREAD 2] Starting...
execution-manager  | [EXECUTION MANAGER] ⏱️ T1=636975608.959 ms | Sending gRPC request for task 2 'sum2'
execution-manager  | [gRPC Channel Pool] Reusing existing channel for localhost:50052 (state=0)
execution-manager  | [gRPC Client Async] Calling task 'sum2' at localhost:50052
execution-manager  | [gRPC Client Async] Inputs: {"total_ops": 100, "io_percentage": 0}
execution-manager  | [SCHEDULER] ⏰ T=32296 ms | T_wall=636977904.126 ms: Launching task 3 'sum3' (deadline: 71000 ms)
execution-manager  | [SCHEDULER] 🕐 Timeout armed for task 3 at T=71000 ms (in 38704 ms)
execution-manager  | [GRPC THREAD 3] Starting...
execution-manager  | [EXECUTION MANAGER] ⏱️ T1=636977904.291 ms | Sending gRPC request for task 3 'sum3'
execution-manager  | [gRPC Channel Pool] Reusing existing channel for localhost:50053 (state=0)
execution-manager  | [gRPC Client Async] Calling task 'sum3' at localhost:50053
execution-manager  | [gRPC Client Async] Inputs: {"total_ops": 100, "io_percentage": 0}
execution-manager  | [SCHEDULER] ⏰ T=32297 ms | T_wall=636977905.192 ms: Launching task 4 'sum4' (deadline: 71000 ms)
execution-manager  | [SCHEDULER] 🕐 Timeout armed for task 4 at T=71000 ms (in 38703 ms)
execution-manager  | [GRPC THREAD 4] Starting...
execution-manager  | [EXECUTION MANAGER] ⏱️ T1=636977905.357 ms | Sending gRPC request for task 4 'sum4'
execution-manager  | [gRPC Channel Pool] Reusing existing channel for localhost:50054 (state=2)
execution-manager  | [gRPC Client Async] Calling task 'sum4' at localhost:50054
execution-manager  | [gRPC Client Async] Inputs: {"total_ops": 100, "io_percentage": 0}
execution-manager  | [gRPC Client Async] Response #1 - Status: COMPLETED
execution-manager  | 🎉 [T=32298 ms] Task 2 'sum2' COMPLETED
execution-manager  | [EXECUTION MANAGER] ⏱️ T2=636975614.596 ms | Thread started (server measured)
execution-manager  | [EXECUTION MANAGER] ⏱️ T3=636977903.778 ms | Task completed (server measured)
execution-manager  | [EXECUTION MANAGER] ⏱️ T4=636977906.167 ms | Result received by client
execution-manager  |    [TASK EXECUTION] 2289.182 ms (T3-T2, measured in thread)
execution-manager  |    [RESULT] {"result": 0}
execution-manager  | 
execution-manager  | ╔═══════════════════════════════════════════════════════════════╗
execution-manager  | ║           END-TO-END TIMING MEASUREMENT RECAP                 ║
execution-manager  | ║                   Task 2: sum2                                 
execution-manager  | ╠═══════════════════════════════════════════════════════════════╣
execution-manager  | ║ T1 (start_request)    = 636975608.959 ms                        ║
execution-manager  | ║ T2 (end_request)      = 636975614.596 ms                        ║
execution-manager  | ║ T3 (start_result)     = 636977903.778 ms                        ║
execution-manager  | ║ T4 (end_result)       = 636977906.167 ms                        ║
execution-manager  | ╠═══════════════════════════════════════════════════════════════╣
execution-manager  | ║ METRICS:                                                      ║
execution-manager  | ║   Request Latency    =        5.637 ms  (T2 - T1)            ║
execution-manager  | ║   Task Execution     =     2289.182 ms  (T3 - T2)            ║
execution-manager  | ║   Response Latency   =        2.389 ms  (T4 - T3)            ║
execution-manager  | ║   Total End-to-End   =     2297.209 ms  (T4 - T1)            ║
execution-manager  | ║   Network Overhead   =        8.026 ms  (Req + Resp)         ║
execution-manager  | ╚═══════════════════════════════════════════════════════════════╝
execution-manager  | 
execution-manager  | [gRPC Client Async] Stream completed, received 1 responses
execution-manager  | [GRPC THREAD 2] Completed
execution-manager  | [SCHEDULER] ✅ T=32298 ms: Task 2 'sum2' completed with status 2
execution-manager  | [SCHEDULER] 🔕 Timeout disarmed for task 2
execution-manager  | [SCHEDULER] 2 tasks remaining
execution-manager  | [gRPC Client Async] Response #1 - Status: COMPLETED
execution-manager  | 🎉 [T=34592 ms] Task 3 'sum3' COMPLETED
execution-manager  | [EXECUTION MANAGER] ⏱️ T2=636977909.215 ms | Thread started (server measured)
execution-manager  | [EXECUTION MANAGER] ⏱️ T3=636980199.351 ms | Task completed (server measured)
execution-manager  | [EXECUTION MANAGER] ⏱️ T4=636980200.024 ms | Result received by client
execution-manager  |    [TASK EXECUTION] 2290.136 ms (T3-T2, measured in thread)
execution-manager  |    [RESULT] {"result": 0}
execution-manager  | 
execution-manager  | ╔═══════════════════════════════════════════════════════════════╗
execution-manager  | ║           END-TO-END TIMING MEASUREMENT RECAP                 ║
execution-manager  | ║                   Task 3: sum3                                 
execution-manager  | ╠═══════════════════════════════════════════════════════════════╣
execution-manager  | ║ T1 (start_request)    = 636977904.291 ms                        ║
execution-manager  | ║ T2 (end_request)      = 636977909.215 ms                        ║
execution-manager  | ║ T3 (start_result)     = 636980199.351 ms                        ║
execution-manager  | ║ T4 (end_result)       = 636980200.024 ms                        ║
execution-manager  | ╠═══════════════════════════════════════════════════════════════╣
execution-manager  | ║ METRICS:                                                      ║
execution-manager  | ║   Request Latency    =        4.924 ms  (T2 - T1)            ║
execution-manager  | ║   Task Execution     =     2290.136 ms  (T3 - T2)            ║
execution-manager  | ║   Response Latency   =        0.673 ms  (T4 - T3)            ║
execution-manager  | ║   Total End-to-End   =     2295.733 ms  (T4 - T1)            ║
execution-manager  | ║   Network Overhead   =        5.597 ms  (Req + Resp)         ║
execution-manager  | ╚═══════════════════════════════════════════════════════════════╝
execution-manager  | 
execution-manager  | [SCHEDULER] ✅ T=34592 ms: Task 3 'sum3' completed with status 2
execution-manager  | [SCHEDULER] 🔕 Timeout disarmed for task 3
execution-manager  | [SCHEDULER] 1 tasks remaining
execution-manager  | [gRPC Client Async] Stream completed, received 1 responses
execution-manager  | [GRPC THREAD 3] Completed
execution-manager  | [gRPC Client Async] Response #1 - Status: COMPLETED
execution-manager  | 🎉 [T=36881 ms] Task 4 'sum4' COMPLETED
execution-manager  | [EXECUTION MANAGER] ⏱️ T2=636977907.497 ms | Thread started (server measured)
execution-manager  | [EXECUTION MANAGER] ⏱️ T3=636982489.277 ms | Task completed (server measured)
execution-manager  | [EXECUTION MANAGER] ⏱️ T4=636982489.951 ms | Result received by client
execution-manager  |    [TASK EXECUTION] 4581.780 ms (T3-T2, measured in thread)
execution-manager  |    [RESULT] {"result": 0}
execution-manager  | 
execution-manager  | ╔═══════════════════════════════════════════════════════════════╗
execution-manager  | ║           END-TO-END TIMING MEASUREMENT RECAP                 ║
execution-manager  | ║                   Task 4: sum4                                 
execution-manager  | ╠═══════════════════════════════════════════════════════════════╣
execution-manager  | ║ T1 (start_request)    = 636977905.357 ms                        ║
execution-manager  | ║ T2 (end_request)      = 636977907.497 ms                        ║
execution-manager  | ║ T3 (start_result)     = 636982489.277 ms                        ║
execution-manager  | ║ T4 (end_result)       = 636982489.951 ms                        ║
execution-manager  | ╠═══════════════════════════════════════════════════════════════╣
execution-manager  | ║ METRICS:                                                      ║
execution-manager  | ║   Request Latency    =        2.140 ms  (T2 - T1)            ║
execution-manager  | ║   Task Execution     =     4581.780 ms  (T3 - T2)            ║
execution-manager  | ║   Response Latency   =        0.673 ms  (T4 - T3)            ║
execution-manager  | ║   Total End-to-End   =     4584.594 ms  (T4 - T1)            ║
execution-manager  | ║   Network Overhead   =        2.814 ms  (Req + Resp)         ║
execution-manager  | ╚═══════════════════════════════════════════════════════════════╝
execution-manager  | 
execution-manager  | [gRPC Client Async] Stream completed, received 1 responses
execution-manager  | [GRPC THREAD 4] Completed
execution-manager  | [SCHEDULER] ✅ T=36882 ms: Task 4 'sum4' completed with status 2
execution-manager  | [SCHEDULER] 🔕 Timeout disarmed for task 4
execution-manager  | [SCHEDULER] 0 tasks remaining
execution-manager  | 
execution-manager  | [SCHEDULER] 🏁 Iteration 5/5 complete!
execution-manager  | [SCHEDULER] Iteration execution time: 36882 ms
execution-manager  | 
execution-manager  | 
execution-manager  | [SCHEDULER] 🏁 All 5 iteration(s) completed!
execution-manager  | [SCHEDULER] Total execution time: 36882 ms
execution-manager  | 
execution-manager  | Test Suite Finished Successfully.
[Kexecution-manager exited with code 0
